******************************************************************************
            TI ARM Clang Linker PC v5.1.1                      
******************************************************************************
>> Linked Sat Aug  1 10:56:28 2026

OUTPUT FILE NAME:   <Car_T.out>
ENTRY POINT SYMBOL: "_c_int00_noargs"  address: 000041bd


MEMORY CONFIGURATION

         name            origin    length      used     unused   attr    fill
----------------------  --------  ---------  --------  --------  ----  --------
  FLASH                 00000000   00020000  00005588  0001aa78  R  X
  SRAM                  20200000   00008000  000002fe  00007d02  RW X
  BCR_CONFIG            41c00000   000000ff  00000000  000000ff  R   
  BSL_CONFIG            41c00100   00000080  00000000  00000080  R   


SEGMENT ALLOCATION MAP

run origin  load origin   length   init length attrs members
----------  ----------- ---------- ----------- ----- -------
00000000    00000000    00004a78   00004a78    r-x
  00000000    00000000    000000c0   000000c0    r-- .intvecs
  000000c0    000000c0    000049b8   000049b8    r-x .text
00004a80    00004a80    00000b10   00000b10    r--
  00004a80    00004a80    00000ad0   00000ad0    r-- .rodata
  00005550    00005550    00000040   00000040    r-- .cinit
20200000    20200000    000000fe   00000000    rw-
  20200000    20200000    000000d0   00000000    rw- .bss
  202000d0    202000d0    0000002e   00000000    rw- .data
20207e00    20207e00    00000200   00000000    rw-
  20207e00    20207e00    00000200   00000000    rw- .stack


SECTION ALLOCATION MAP

 output                                  attributes/
section   page    origin      length       input sections
--------  ----  ----------  ----------   ----------------
.intvecs   0    00000000    000000c0     
                  00000000    000000c0     startup_mspm0g350x_ticlang.o (.intvecs)

.text      0    000000c0    000049b8     
                  000000c0    00000a7c     libc.a : _printfi.c.obj (.text:__TI_printfi)
                  00000b3c    00000678     empty.o (.text.main)
                  000011b4    000002d8     Motor_Control.o (.text.Motor_FollowLine)
                  0000148c    0000020c     libc.a : _printfi.c.obj (.text._pconv_a)
                  00001698    000001e0            : _printfi.c.obj (.text._pconv_g)
                  00001878    00000192     libclang_rt.builtins.a : adddf3.S.obj (.text)
                  00001a0a    00000002                            : aeabi_div0.c.obj (.text.__aeabi_idiv0)
                  00001a0c    0000016c     motor.o (.text.Set_Speed)
                  00001b78    00000150     Encoder.o (.text.Encoder_Poll)
                  00001cc8    00000138     libc.a : _printfi.c.obj (.text.fcvt)
                  00001e00    00000130     ti_msp_dl_config.o (.text.SYSCFG_DL_GPIO_init)
                  00001f30    0000011a     libclang_rt.builtins.a : divdf3.S.obj (.text)
                  0000204a    00000002                            : aeabi_div0.c.obj (.text.__aeabi_ldiv0)
                  0000204c    00000118     OLED.o (.text.OLED_ShowChar)
                  00002164    00000110     OLED.o (.text.OLED_Init)
                  00002274    00000104     driverlib.a : dl_timer.o (.text.DL_Timer_initFourCCPWMMode)
                  00002378    00000104     OLED.o (.text.OLED_WR_Byte)
                  0000247c    000000fc     libc.a : _printfi.c.obj (.text._pconv_e)
                  00002578    000000e4     libclang_rt.builtins.a : muldf3.S.obj (.text)
                  0000265c    000000dc     libc.a : s_scalbn.c.obj (.text.scalbn)
                  00002738    000000d8     libclang_rt.builtins.a : addsf3.S.obj (.text)
                  00002810    000000ac     grayscale_sensor.o (.text.Grayscale_Update)
                  000028bc    000000a8     grayscale_sensor.o (.text.Grayscale_Read_All)
                  00002964    000000a4     Encoder.o (.text.Encoder_Init)
                  00002a08    000000a2     libclang_rt.builtins.a : udivmoddi4.S.obj (.text)
                  00002aaa    00000002     --HOLE-- [fill = 0]
                  00002aac    000000a0     Motor_Control.o (.text.Motor_SetDifferential)
                  00002b4c    00000090     ti_msp_dl_config.o (.text.SYSCFG_DL_PWM_Motor_init)
                  00002bdc    0000008c     libclang_rt.builtins.a : comparesf2.S.obj (.text)
                  00002c68    0000008c                            : mulsf3.S.obj (.text)
                  00002cf4    00000088     Encoder.o (.text.Encoder_Update)
                  00002d7c    00000084     clock.o (.text.__NVIC_SetPriority)
                  00002e00    00000082     libclang_rt.builtins.a : divsf3.S.obj (.text)
                  00002e82    00000002     --HOLE-- [fill = 0]
                  00002e84    0000007c     libc.a : copy_decompress_lzss.c.obj (.text:decompress:lzss)
                  00002f00    00000074     libclang_rt.builtins.a : comparedf2.c.obj (.text.__gedf2)
                  00002f74    00000074     delay.o (.text.delay_us)
                  00002fe8    00000070     empty.o (.text.DisplaySensorBits)
                  00003058    00000070     OLED.o (.text.OLED_ShowString)
                  000030c8    0000006a     OLED.o (.text.OLED_Clear)
                  00003132    00000002     --HOLE-- [fill = 0]
                  00003134    00000068     ti_msp_dl_config.o (.text.SYSCFG_DL_initPower)
                  0000319c    00000068     libclang_rt.builtins.a : comparedf2.c.obj (.text.__ledf2)
                  00003204    00000066     libc.a : _printfi.c.obj (.text._mcpy)
                  0000326a    00000002     --HOLE-- [fill = 0]
                  0000326c    00000064     OLED.o (.text.oled_i2c_sda_unlock)
                  000032d0    00000060     motor.o (.text.Motor_Brake)
                  00003330    0000005e     driverlib.a : dl_i2c.o (.text.DL_I2C_fillControllerTXFIFO)
                  0000338e    00000002     --HOLE-- [fill = 0]
                  00003390    0000005c     libc.a : s_frexp.c.obj (.text.frexp)
                  000033ec    0000005c     OLED.o (.text.mspm0_i2c_enable)
                  00003448    0000005a     libclang_rt.builtins.a : aeabi_dcmp.S.obj (.text)
                  000034a2    00000002     --HOLE-- [fill = 0]
                  000034a4    0000005a                            : aeabi_fcmp.S.obj (.text)
                  000034fe    00000002     --HOLE-- [fill = 0]
                  00003500    00000058     ti_msp_dl_config.o (.text.SYSCFG_DL_I2C_OLED_init)
                  00003558    00000058     libc.a : _ltoa.c.obj (.text.__TI_ltoa)
                  000035b0    00000058            : _printfi.c.obj (.text._pconv_f)
                  00003608    00000056     libclang_rt.builtins.a : aeabi_idivmod.S.obj (.text)
                  0000365e    00000052     libc.a : _printfi.c.obj (.text._ecpy)
                  000036b0    00000050     Motor_Control.o (.text.ApplyContinuousDeadZone)
                  00003700    00000050     OLED.o (.text.DL_GPIO_initPeripheralInputFunctionFeatures)
                  00003750    00000050     ti_msp_dl_config.o (.text.DL_GPIO_initPeripheralInputFunctionFeatures)
                  000037a0    00000050     OLED.o (.text.DL_I2C_startControllerTransfer)
                  000037f0    00000050     clock.o (.text.SysTick_Config)
                  00003840    0000004c     Encoder.o (.text.DL_GPIO_initDigitalInputFeatures)
                  0000388c    0000004c     OLED.o (.text.DL_GPIO_initDigitalInputFeatures)
                  000038d8    0000004c     grayscale_sensor.o (.text.DL_GPIO_initDigitalInputFeatures)
                  00003924    0000004c     ti_msp_dl_config.o (.text.DL_GPIO_initDigitalInputFeatures)
                  00003970    0000004c     ti_msp_dl_config.o (.text.DL_UART_setBaudRateDivisor)
                  000039bc    0000004c     Motor_Control.o (.text.Motor_ResetControl)
                  00003a08    0000004a     libclang_rt.builtins.a : fixdfsi.S.obj (.text)
                  00003a52    00000002     --HOLE-- [fill = 0]
                  00003a54    00000048     driverlib.a : dl_uart.o (.text.DL_UART_init)
                  00003a9c    00000048     motor.o (.text.Motor_Off)
                  00003ae4    00000048     OLED.o (.text.mspm0_i2c_disable)
                  00003b2c    00000048     libc.a : snprintf.c.obj (.text.snprintf)
                  00003b74    00000044            : atoi.c.obj (.text.atoi)
                  00003bb8    00000040     ti_msp_dl_config.o (.text.SYSCFG_DL_UART_0_init)
                  00003bf8    00000040     libc.a : vsnprintf.c.obj (.text.vsnprintf)
                  00003c38    00000040     libclang_rt.builtins.a : aeabi_uidivmod.S.obj (.text)
                  00003c78    0000003e     Motor_Control.o (.text.ClampFloat)
                  00003cb6    00000002     --HOLE-- [fill = 0]
                  00003cb8    0000003c     ti_msp_dl_config.o (.text.DL_Timer_setCounterControl)
                  00003cf4    0000003c     Motor_Control.o (.text.Motor_SetSpeedFast)
                  00003d30    0000003c     OLED.o (.text.OLED_Set_Pos)
                  00003d6c    0000003c     uart.o (.text.UART_Printf)
                  00003da8    0000003c     libc.a : autoinit.c.obj (.text:__TI_auto_init_nobinit_nopinit)
                  00003de4    0000003c     libclang_rt.builtins.a : floatsisf.S.obj (.text)
                  00003e20    0000003a                            : muldsi3.S.obj (.text)
                  00003e5a    00000002     --HOLE-- [fill = 0]
                  00003e5c    00000038                            : fixsfsi.S.obj (.text)
                  00003e94    00000034     grayscale_sensor.o (.text.Grayscale_Sensor_Init)
                  00003ec8    00000032     libc.a : snprintf.c.obj (.text._outs)
                  00003efa    00000032            : vsnprintf.c.obj (.text._outs)
                  00003f2c    00000030     driverlib.a : dl_uart.o (.text.DL_UART_transmitDataBlocking)
                  00003f5c    00000030     libclang_rt.builtins.a : comparedf2.c.obj (.text.__unorddf2)
                  00003f8c    00000030     libc.a : _printfi.c.obj (.text._fcpy)
                  00003fbc    00000030     clock.o (.text.mspm0_delay_ms)
                  00003fec    0000002c     Motor_Control.o (.text.AbsFloat)
                  00004018    0000002c     ti_msp_dl_config.o (.text.SYSCFG_DL_init)
                  00004044    0000002c     interrupt.o (.text.__NVIC_EnableIRQ)
                  00004070    0000002c     clock.o (.text.mspm0_get_clock_ms)
                  0000409c    0000002c     libclang_rt.builtins.a : floatsidf.S.obj (.text)
                  000040c8    0000002a     ti_msp_dl_config.o (.text.SYSCFG_DL_SYSCTL_init)
                  000040f2    00000028     OLED.o (.text.DL_Common_updateReg)
                  0000411a    00000028     ti_msp_dl_config.o (.text.DL_Common_updateReg)
                  00004142    00000002     --HOLE-- [fill = 0]
                  00004144    00000028     ti_msp_dl_config.o (.text.DL_I2C_setControllerRXFIFOThreshold)
                  0000416c    00000028     ti_msp_dl_config.o (.text.DL_I2C_setControllerTXFIFOThreshold)
                  00004194    00000028     ti_msp_dl_config.o (.text.DL_SYSTICK_init)
                  000041bc    00000028     libc.a : boot_cortex_m.c.obj (.text:_c_int00_noargs)
                  000041e4    00000028     libclang_rt.builtins.a : floatunsisf.S.obj (.text)
                  0000420c    00000026     ti_msp_dl_config.o (.text.DL_I2C_setAnalogGlitchFilterPulseWidth)
                  00004232    00000026     driverlib.a : dl_i2c.o (.text.DL_I2C_setClockConfig)
                  00004258    00000026     uart.o (.text.UART_SendStr)
                  0000427e    00000002     --HOLE-- [fill = 0]
                  00004280    00000024     libclang_rt.builtins.a : muldi3.S.obj (.text)
                  000042a4    00000022     OLED.o (.text.OLED_Display_On)
                  000042c6    00000022     libc.a : memccpy.c.obj (.text.memccpy)
                  000042e8    0000001e     ti_msp_dl_config.o (.text.DL_UART_setOversampling)
                  00004306    00000002     --HOLE-- [fill = 0]
                  00004308    0000001e     libclang_rt.builtins.a : ashldi3.S.obj (.text)
                  00004326    00000002     --HOLE-- [fill = 0]
                  00004328    0000001c     OLED.o (.text.DL_GPIO_enableHiZ)
                  00004344    0000001c     ti_msp_dl_config.o (.text.DL_GPIO_enableHiZ)
                  00004360    0000001c     ti_msp_dl_config.o (.text.DL_GPIO_initPeripheralOutputFunction)
                  0000437c    0000001c     OLED.o (.text.DL_I2C_getSDAStatus)
                  00004398    0000001c     interrupt.o (.text.DL_Interrupt_getPendingGroup)
                  000043b4    0000001c     ti_msp_dl_config.o (.text.DL_SYSCTL_setMCLKDivider)
                  000043d0    0000001c     ti_msp_dl_config.o (.text.DL_SYSCTL_setSYSOSCFreq)
                  000043ec    0000001c     ti_msp_dl_config.o (.text.DL_SYSCTL_setULPCLKDivider)
                  00004408    0000001c     driverlib.a : dl_timer.o (.text.DL_Timer_setCaptCompUpdateMethod)
                  00004424    0000001c                 : dl_timer.o (.text.DL_Timer_setClockConfig)
                  00004440    0000001c     interrupt.o (.text.Interrupt_Init)
                  0000445c    0000001c     uart.o (.text.UART_SendByte)
                  00004478    0000001a     libclang_rt.builtins.a : aeabi_memset.S.obj (.text)
                  00004492    00000002     --HOLE-- [fill = 0]
                  00004494    00000018     OLED.o (.text.DL_GPIO_enableOutput)
                  000044ac    00000018     ti_msp_dl_config.o (.text.DL_GPIO_enableOutput)
                  000044c4    00000018     ti_msp_dl_config.o (.text.DL_GPIO_enablePower)
                  000044dc    00000018     OLED.o (.text.DL_GPIO_initDigitalOutput)
                  000044f4    00000018     ti_msp_dl_config.o (.text.DL_GPIO_initDigitalOutput)
                  0000450c    00000018     ti_msp_dl_config.o (.text.DL_GPIO_reset)
                  00004524    00000018     OLED.o (.text.DL_GPIO_setPins)
                  0000453c    00000018     empty.o (.text.DL_GPIO_setPins)
                  00004554    00000018     grayscale_sensor.o (.text.DL_GPIO_setPins)
                  0000456c    00000018     motor.o (.text.DL_GPIO_setPins)
                  00004584    00000018     empty.o (.text.DL_GPIO_togglePins)
                  0000459c    00000018     OLED.o (.text.DL_I2C_clearInterruptStatus)
                  000045b4    00000018     ti_msp_dl_config.o (.text.DL_I2C_enableAnalogGlitchFilter)
                  000045cc    00000018     ti_msp_dl_config.o (.text.DL_I2C_enableController)
                  000045e4    00000018     ti_msp_dl_config.o (.text.DL_I2C_enableControllerClockStretching)
                  000045fc    00000018     OLED.o (.text.DL_I2C_enablePower)
                  00004614    00000018     ti_msp_dl_config.o (.text.DL_I2C_enablePower)
                  0000462c    00000018     OLED.o (.text.DL_I2C_getRawInterruptStatus)
                  00004644    00000018     OLED.o (.text.DL_I2C_reset)
                  0000465c    00000018     ti_msp_dl_config.o (.text.DL_I2C_reset)
                  00004674    00000018     ti_msp_dl_config.o (.text.DL_I2C_setTimerPeriod)
                  0000468c    00000018     ti_msp_dl_config.o (.text.DL_SYSCTL_setBORThreshold)
                  000046a4    00000018     ti_msp_dl_config.o (.text.DL_Timer_enablePower)
                  000046bc    00000018     ti_msp_dl_config.o (.text.DL_Timer_reset)
                  000046d4    00000018     driverlib.a : dl_timer.o (.text.DL_Timer_setCaptureCompareOutCtl)
                  000046ec    00000018     ti_msp_dl_config.o (.text.DL_UART_enablePower)
                  00004704    00000018     ti_msp_dl_config.o (.text.DL_UART_reset)
                  0000471c    00000018     libc.a : snprintf.c.obj (.text._outc)
                  00004734    00000018            : vsnprintf.c.obj (.text._outc)
                  0000474c    00000016     Encoder.o (.text.DL_GPIO_readPins)
                  00004762    00000016     OLED.o (.text.DL_GPIO_readPins)
                  00004778    00000016     empty.o (.text.DL_GPIO_readPins)
                  0000478e    00000016     grayscale_sensor.o (.text.DL_GPIO_readPins)
                  000047a4    00000016     ti_msp_dl_config.o (.text.DL_UART_enable)
                  000047ba    00000016     uart.o (.text.DL_UART_enable)
                  000047d0    00000016     delay.o (.text.delay_ms)
                  000047e6    00000016     libc.a : copy_zero_init.c.obj (.text:decompress:ZI:__TI_zero_init_nomemset)
                  000047fc    00000014     OLED.o (.text.DL_GPIO_clearPins)
                  00004810    00000014     empty.o (.text.DL_GPIO_clearPins)
                  00004824    00000014     grayscale_sensor.o (.text.DL_GPIO_clearPins)
                  00004838    00000014     motor.o (.text.DL_GPIO_clearPins)
                  0000484c    00000014     ti_msp_dl_config.o (.text.DL_GPIO_clearPins)
                  00004860    00000014     Encoder.o (.text.DL_GPIO_disableOutput)
                  00004874    00000014     OLED.o (.text.DL_I2C_getControllerStatus)
                  00004888    00000014     ti_msp_dl_config.o (.text.DL_I2C_resetControllerTransfer)
                  0000489c    00000014     ti_msp_dl_config.o (.text.DL_SYSCTL_disableSYSPLL)
                  000048b0    00000014     ti_msp_dl_config.o (.text.DL_Timer_enableClock)
                  000048c4    00000014     ti_msp_dl_config.o (.text.DL_Timer_setCCPDirection)
                  000048d8    00000014     motor.o (.text.Motor_On)
                  000048ec    00000014     clock.o (.text.SysTick_Init)
                  00004900    00000014     libclang_rt.builtins.a : aeabi_uldivmod.S.obj (.text)
                  00004914    00000012     driverlib.a : dl_uart.o (.text.DL_UART_setClockConfig)
                  00004926    00000012     libc.a : _printfi.c.obj (.text.strchr)
                  00004938    00000012            : memcpy16.S.obj (.text:TI_memcpy_small)
                  0000494a    00000012            : copy_decompress_none.c.obj (.text:decompress:none)
                  0000495c    00000010     ti_msp_dl_config.o (.text.DL_SYSCTL_disableHFXT)
                  0000496c    00000010     ti_msp_dl_config.o (.text.DL_SYSTICK_enable)
                  0000497c    00000010     driverlib.a : dl_timer.o (.text.DL_Timer_setCaptureCompareValue)
                  0000498c    00000010     interrupt.o (.text.SysTick_Handler)
                  0000499c    00000010     uart.o (.text.UART_Init)
                  000049ac    00000010     libc.a : wcslen.c.obj (.text.wcslen)
                  000049bc    0000000e     ti_msp_dl_config.o (.text.SYSCFG_DL_SYSTICK_init)
                  000049ca    0000000e     libc.a : _printfi.c.obj (.text.strlen)
                  000049d8    0000000e            : memset16.S.obj (.text:TI_memset_small)
                  000049e6    0000000c     Motor_Control.o (.text.Motor_Init)
                  000049f2    0000000a     driverlib.a : dl_common.o (.text.DL_Common_delayCycles)
                  000049fc    0000000a     interrupt.o (.text.GROUP1_IRQHandler)
                  00004a06    0000000a     libc.a : _printfi.c.obj (.text.OUTLINED_FUNCTION_0)
                  00004a10    00000010     libclang_rt.builtins.a : adddf3.S.obj (.tramp.__aeabi_dsub.1)
                  00004a20    0000000a     libc.a : _printfi.c.obj (.text.OUTLINED_FUNCTION_1)
                  00004a2a    00000008     libclang_rt.builtins.a : aeabi_ddiv.c.obj (.text.__aeabi_ddiv)
                  00004a32    00000008                            : aeabi_dmul.c.obj (.text.__aeabi_dmul)
                  00004a3a    00000002     --HOLE-- [fill = 0]
                  00004a3c    00000008     libc.a : aeabi_portable.c.obj (.text.__aeabi_errno_addr)
                  00004a44    00000008     libclang_rt.builtins.a : aeabi_memcpy.S.obj (.text)
                  00004a4c    00000006     libc.a : exit.c.obj (.text:abort)
                  00004a52    00000004     startup_mspm0g350x_ticlang.o (.text.Default_Handler)
                  00004a56    00000004     libsysbm.a : hostexit.c.obj (.text.HOSTexit)
                  00004a5a    00000004     startup_mspm0g350x_ticlang.o (.text.Reset_Handler)
                  00004a5e    00000002     --HOLE-- [fill = 0]
                  00004a60    00000010     libc.a : boot_cortex_m.c.obj (.tramp._c_int00_noargs.1)
                  00004a70    00000004            : pre_init.c.obj (.text._system_pre_init)
                  00004a74    00000004     --HOLE-- [fill = 0]

.cinit     0    00005550    00000040     
                  00005550    00000016     (.cinit..data.load) [load image, compression = lzss]
                  00005566    00000002     --HOLE-- [fill = 0]
                  00005568    0000000c     (__TI_handler_table)
                  00005574    00000008     (.cinit..bss.load) [load image, compression = zero_init]
                  0000557c    00000010     (__TI_cinit_table)
                  0000558c    00000004     --HOLE-- [fill = 0]

.rodata    0    00004a80    00000ad0     
                  00004a80    000005f0     OLED.o (.rodata.asc2_1608)
                  00005070    00000228     OLED.o (.rodata.asc2_0806)
                  00005298    00000008     ti_msp_dl_config.o (.rodata.gPWM_MotorConfig)
                  000052a0    00000101     libc.a : aeabi_ctype.S.obj (.rodata:__aeabi_ctype_table_)
                  000053a1    00000025     empty.o (.rodata.str1.15706828512682300538.1)
                  000053c6    0000001c     empty.o (.rodata.str1.15486159998237592746.1)
                  000053e2    00000017     empty.o (.rodata.str1.17686411042290499047.1)
                  000053f9    00000015     empty.o (.rodata.str1.11822412164550770238.1)
                  0000540e    00000014     empty.o (.rodata.str1.150872071346279890.1)
                  00005422    00000012     empty.o (.rodata.str1.2196762768037919588.1)
                  00005434    00000012     empty.o (.rodata.str1.7079713434352825882.1)
                  00005446    00000011     libc.a : _printfi.c.obj (.rodata.str1.10348868589481759720.1)
                  00005457    00000011     empty.o (.rodata.str1.11898133897667081452.1)
                  00005468    00000011     empty.o (.rodata.str1.14685083708502177989.1)
                  00005479    00000011     empty.o (.rodata.str1.15170238581331914936.1)
                  0000548a    00000011     libc.a : _printfi.c.obj (.rodata.str1.15363888844622738466.1)
                  0000549b    00000011     empty.o (.rodata.str1.16704889451495720520.1)
                  000054ac    00000011     empty.o (.rodata.str1.17669528882079347314.1)
                  000054bd    00000011     empty.o (.rodata.str1.6969777895189110550.1)
                  000054ce    00000011     empty.o (.rodata.str1.7386103758396746866.1)
                  000054df    00000011     empty.o (.rodata.str1.7401042497206923953.1)
                  000054f0    00000011     empty.o (.rodata.str1.9410084661655729462.1)
                  00005501    00000011     empty.o (.rodata.str1.9517790425240694019.1)
                  00005512    00000010     empty.o (.rodata.str1.254342170260855183.1)
                  00005522    0000000a     ti_msp_dl_config.o (.rodata.gUART_0Config)
                  0000552c    00000005     empty.o (.rodata.str1.4000995719088696555.1)
                  00005531    00000005     empty.o (.rodata.str1.5100843677217179155.1)
                  00005536    00000005     empty.o (.rodata.str1.5792233746214848027.1)
                  0000553b    00000004     empty.o (.rodata.str1.15930989295766594416.1)
                  0000553f    00000003     ti_msp_dl_config.o (.rodata.gPWM_MotorClockConfig)
                  00005542    00000003     uart.o (.rodata.str1.14464947116831474962.1)
                  00005545    00000002     ti_msp_dl_config.o (.rodata.gI2C_OLEDClockConfig)
                  00005547    00000002     ti_msp_dl_config.o (.rodata.gUART_0ClockConfig)
                  00005549    00000007     --HOLE-- [fill = 0]

.init_array 
*          0    00000000    00000000     UNINITIALIZED

.binit     0    00000000    00000000     

.bss       0    20200000    000000d0     UNINITIALIZED
                  20200000    000000bc     (.common:gPWM_MotorBackup)
                  202000bc    00000004     Encoder.o (.bss.g_enc_L_speed)
                  202000c0    00000004     Encoder.o (.bss.g_enc_R_speed)
                  202000c4    00000004     (.common:start_time)
                  202000c8    00000004     (.common:tick_ms)
                  202000cc    00000002     (.common:g_enc_L_pulses)
                  202000ce    00000002     (.common:g_enc_R_pulses)

.data      0    202000d0    0000002e     UNINITIALIZED
                  202000d0    00000004     libc.a : aeabi_portable.c.obj (.data.__aeabi_errno)
                  202000d4    00000004     Motor_Control.o (.data.g_decel_start_ms)
                  202000d8    00000004     Motor_Control.o (.data.g_error_rate_filt)
                  202000dc    00000004     Motor_Control.o (.data.g_last_error)
                  202000e0    00000004     Motor_Control.o (.data.g_line_pos_filt)
                  202000e4    00000004     Motor_Control.o (.data.g_pwm_L_filt)
                  202000e8    00000004     Motor_Control.o (.data.g_pwm_R_filt)
                  202000ec    00000004     Motor_Control.o (.data.g_soft_start_ms)
                  202000f0    00000002     grayscale_sensor.o (.data.cx)
                  202000f2    00000002     Motor_Control.o (.data.g_dbg_L)
                  202000f4    00000002     Motor_Control.o (.data.g_dbg_R)
                  202000f6    00000001     interrupt.o (.data.enable_group1_irq)
                  202000f7    00000001     Motor_Control.o (.data.g_base_pwm)
                  202000f8    00000001     Encoder.o (.data.g_enc_L_A_last)
                  202000f9    00000001     Encoder.o (.data.g_enc_R_A_last)
                  202000fa    00000001     Encoder.o (.data.g_enc_first)
                  202000fb    00000001     OLED.o (.data.g_oled_available)
                  202000fc    00000001     OLED.o (.data.g_oled_i2c_faults)
                  202000fd    00000001     grayscale_sensor.o (.data.g_sensor_raw_data)

.stack     0    20207e00    00000200     UNINITIALIZED
                  20207e00    00000004     libc.a : boot_cortex_m.c.obj (.stack)
                  20207e04    000001fc     --HOLE--

__llvm_prf_cnts 
*          0    20200000    00000000     UNINITIALIZED

__llvm_prf_bits 
*          0    20200000    00000000     UNINITIALIZED

MODULE SUMMARY

       Module                         code    ro data   rw data
       ------                         ----    -------   -------
    .\
       empty.o                        1858    370       0      
       ti_msp_dl_config.o             1978    25        188    
       startup_mspm0g350x_ticlang.o   8       192       0      
    +--+------------------------------+-------+---------+---------+
       Total:                         3844    587       188    
                                                               
    .\Driver\
       Motor_Control.o                1222    0         33     
       Encoder.o                      754     0         15     
       motor.o                        596     0         0      
       grayscale_sensor.o             534     0         3      
    +--+------------------------------+-------+---------+---------+
       Total:                         3106    0         51     
                                                               
    .\Driver\OLED\
       OLED.o                         1950    2072      2      
    +--+------------------------------+-------+---------+---------+
       Total:                         1950    2072      2      
                                                               
    .\System\
       clock.o                        324     0         8      
       uart.o                         164     3         0      
       delay.o                        138     0         0      
       interrupt.o                    126     0         1      
    +--+------------------------------+-------+---------+---------+
       Total:                         752     3         9      
                                                               
    D:/DOWDLOAD/CCSTUDIO/Sample_Code/source/ti/driverlib/lib/ticlang/m0p/mspm0g1x0x_g3x0x/driverlib.a
       dl_timer.o                     356     0         0      
       dl_uart.o                      138     0         0      
       dl_i2c.o                       132     0         0      
       dl_common.o                    10      0         0      
    +--+------------------------------+-------+---------+---------+
       Total:                         636     0         0      
                                                               
    D:\DOWDLOAD\CCSTUDIO\ccs\tools\compiler\ti-cgt-armllvm_5.1.1.LTS\lib\armv6m-ti-none-eabi/c/libc.a
       _printfi.c.obj                 4624    34        0      
       aeabi_ctype.S.obj              0       257       0      
       s_scalbn.c.obj                 220     0         0      
       snprintf.c.obj                 146     0         0      
       vsnprintf.c.obj                138     0         0      
       copy_decompress_lzss.c.obj     124     0         0      
       s_frexp.c.obj                  92      0         0      
       _ltoa.c.obj                    88      0         0      
       atoi.c.obj                     68      0         0      
       autoinit.c.obj                 60      0         0      
       boot_cortex_m.c.obj            56      0         0      
       memccpy.c.obj                  34      0         0      
       copy_zero_init.c.obj           22      0         0      
       copy_decompress_none.c.obj     18      0         0      
       memcpy16.S.obj                 18      0         0      
       wcslen.c.obj                   16      0         0      
       memset16.S.obj                 14      0         0      
       aeabi_portable.c.obj           8       0         4      
       exit.c.obj                     6       0         0      
       pre_init.c.obj                 4       0         0      
    +--+------------------------------+-------+---------+---------+
       Total:                         5756    291       4      
                                                               
    D:\DOWDLOAD\CCSTUDIO\ccs\tools\compiler\ti-cgt-armllvm_5.1.1.LTS\lib\armv6m-ti-none-eabi/c/libsysbm.a
       hostexit.c.obj                 4       0         0      
    +--+------------------------------+-------+---------+---------+
       Total:                         4       0         0      
                                                               
    D:\DOWDLOAD\CCSTUDIO\ccs\tools\compiler\ti-cgt-armllvm_5.1.1.LTS\lib\armv6m-ti-none-eabi/libclang_rt.builtins.a
       adddf3.S.obj                   418     0         0      
       divdf3.S.obj                   282     0         0      
       comparedf2.c.obj               268     0         0      
       muldf3.S.obj                   228     0         0      
       addsf3.S.obj                   216     0         0      
       udivmoddi4.S.obj               162     0         0      
       comparesf2.S.obj               140     0         0      
       mulsf3.S.obj                   140     0         0      
       divsf3.S.obj                   130     0         0      
       aeabi_dcmp.S.obj               90      0         0      
       aeabi_fcmp.S.obj               90      0         0      
       aeabi_idivmod.S.obj            86      0         0      
       fixdfsi.S.obj                  74      0         0      
       aeabi_uidivmod.S.obj           64      0         0      
       floatsisf.S.obj                60      0         0      
       muldsi3.S.obj                  58      0         0      
       fixsfsi.S.obj                  56      0         0      
       floatsidf.S.obj                44      0         0      
       floatunsisf.S.obj              40      0         0      
       muldi3.S.obj                   36      0         0      
       ashldi3.S.obj                  30      0         0      
       aeabi_memset.S.obj             26      0         0      
       aeabi_uldivmod.S.obj           20      0         0      
       aeabi_ddiv.c.obj               8       0         0      
       aeabi_dmul.c.obj               8       0         0      
       aeabi_memcpy.S.obj             8       0         0      
       aeabi_div0.c.obj               4       0         0      
    +--+------------------------------+-------+---------+---------+
       Total:                         2786    0         0      
                                                               
       Stack:                         0       0         512    
       Linker Generated:              0       58        0      
    +--+------------------------------+-------+---------+---------+
       Grand Total:                   18834   3011      766    


LINKER GENERATED COPY TABLES

__TI_cinit_table @ 0000557c records: 2, size/record: 8, table size: 16
	.data: load addr=00005550, load size=00000016 bytes, run addr=202000d0, run size=0000002e bytes, compression=lzss
	.bss: load addr=00005574, load size=00000008 bytes, run addr=20200000, run size=000000d0 bytes, compression=zero_init


LINKER GENERATED HANDLER TABLE

__TI_handler_table @ 00005568 records: 3, size/record: 4, table size: 12
	index: 0, handler: __TI_decompress_lzss
	index: 1, handler: __TI_decompress_none
	index: 2, handler: __TI_zero_init


FAR CALL TRAMPOLINES

callee name               trampoline name
   callee addr  tramp addr   call addr  call info
--------------  -----------  ---------  ----------------
__aeabi_dsub              $Tramp$TT$L$PI$$__aeabi_dsub
   00001879     00004a10     00004a0e   libc.a : _printfi.c.obj (.text.OUTLINED_FUNCTION_0)
_c_int00_noargs           $Tramp$TT$L$PI$$_c_int00_noargs
   000041bd     00004a60     00004a5a   startup_mspm0g350x_ticlang.o (.text.Reset_Handler)

[2 trampolines]
[2 trampoline calls]


GLOBAL SYMBOLS: SORTED ALPHABETICALLY BY Name 

address   name                            
-------   ----                            
00004a53  ADC0_IRQHandler                 
00004a53  ADC1_IRQHandler                 
00004a53  AES_IRQHandler                  
00004a56  C$$EXIT                         
00004a53  CANFD0_IRQHandler               
00004a53  DAC0_IRQHandler                 
000049f3  DL_Common_delayCycles           
00003331  DL_I2C_fillControllerTXFIFO     
00004233  DL_I2C_setClockConfig           
00002275  DL_Timer_initFourCCPWMMode      
00004409  DL_Timer_setCaptCompUpdateMethod
000046d5  DL_Timer_setCaptureCompareOutCtl
0000497d  DL_Timer_setCaptureCompareValue 
00004425  DL_Timer_setClockConfig         
00003a55  DL_UART_init                    
00004915  DL_UART_setClockConfig          
00003f2d  DL_UART_transmitDataBlocking    
00004a53  DMA_IRQHandler                  
00004a53  Default_Handler                 
00002965  Encoder_Init                    
00001b79  Encoder_Poll                    
00002cf5  Encoder_Update                  
00004a53  GROUP0_IRQHandler               
000049fd  GROUP1_IRQHandler               
00003e95  Grayscale_Sensor_Init           
00002811  Grayscale_Update                
00004a57  HOSTexit                        
00004a53  HardFault_Handler               
00004a53  I2C0_IRQHandler                 
00004a53  I2C1_IRQHandler                 
00004441  Interrupt_Init                  
000032d1  Motor_Brake                     
000011b5  Motor_FollowLine                
000049e7  Motor_Init                      
00003a9d  Motor_Off                       
000048d9  Motor_On                        
000039bd  Motor_ResetControl              
00002aad  Motor_SetDifferential           
00003cf5  Motor_SetSpeedFast              
00004a53  NMI_Handler                     
000030c9  OLED_Clear                      
000042a5  OLED_Display_On                 
00002165  OLED_Init                       
00003d31  OLED_Set_Pos                    
0000204d  OLED_ShowChar                   
00003059  OLED_ShowString                 
00002379  OLED_WR_Byte                    
00004a53  PendSV_Handler                  
00004a53  RTC_IRQHandler                  
00004a5b  Reset_Handler                   
00004a53  SPI0_IRQHandler                 
00004a53  SPI1_IRQHandler                 
00004a53  SVC_Handler                     
00001e01  SYSCFG_DL_GPIO_init             
00003501  SYSCFG_DL_I2C_OLED_init         
00002b4d  SYSCFG_DL_PWM_Motor_init        
000040c9  SYSCFG_DL_SYSCTL_init           
000049bd  SYSCFG_DL_SYSTICK_init          
00003bb9  SYSCFG_DL_UART_0_init           
00004019  SYSCFG_DL_init                  
00003135  SYSCFG_DL_initPower             
00001a0d  Set_Speed                       
0000498d  SysTick_Handler                 
000048ed  SysTick_Init                    
00004a53  TIMA0_IRQHandler                
00004a53  TIMA1_IRQHandler                
00004a53  TIMG0_IRQHandler                
00004a53  TIMG12_IRQHandler               
00004a53  TIMG6_IRQHandler                
00004a53  TIMG7_IRQHandler                
00004a53  TIMG8_IRQHandler                
00004939  TI_memcpy_small                 
000049d9  TI_memset_small                 
00004a53  UART0_IRQHandler                
00004a53  UART1_IRQHandler                
00004a53  UART2_IRQHandler                
00004a53  UART3_IRQHandler                
0000499d  UART_Init                       
00003d6d  UART_Printf                     
0000445d  UART_SendByte                   
00004259  UART_SendStr                    
20208000  __STACK_END                     
00000200  __STACK_SIZE                    
00000000  __TI_ATRegion0_region_sz        
00000000  __TI_ATRegion0_src_addr         
00000000  __TI_ATRegion0_trg_addr         
00000000  __TI_ATRegion1_region_sz        
00000000  __TI_ATRegion1_src_addr         
00000000  __TI_ATRegion1_trg_addr         
00000000  __TI_ATRegion2_region_sz        
00000000  __TI_ATRegion2_src_addr         
00000000  __TI_ATRegion2_trg_addr         
0000557c  __TI_CINIT_Base                 
0000558c  __TI_CINIT_Limit                
0000558c  __TI_CINIT_Warm                 
00005568  __TI_Handler_Table_Base         
00005574  __TI_Handler_Table_Limit        
00003da9  __TI_auto_init_nobinit_nopinit  
00002e85  __TI_decompress_lzss            
0000494b  __TI_decompress_none            
00003559  __TI_ltoa                       
ffffffff  __TI_pprof_out_hndl             
000000c1  __TI_printfi                    
ffffffff  __TI_prof_data_size             
ffffffff  __TI_prof_data_start            
00000000  __TI_static_base__              
000047e7  __TI_zero_init_nomemset         
00001883  __adddf3                        
00002743  __addsf3                        
000052a0  __aeabi_ctype_table_            
000052a0  __aeabi_ctype_table_C           
00003a09  __aeabi_d2iz                    
00001883  __aeabi_dadd                    
00003449  __aeabi_dcmpeq                  
0000347f  __aeabi_dcmpge                  
00003491  __aeabi_dcmpgt                  
0000346d  __aeabi_dcmple                  
0000345b  __aeabi_dcmplt                  
00003f5d  __aeabi_dcmpun                  
00004a2b  __aeabi_ddiv                    
00004a33  __aeabi_dmul                    
00001879  __aeabi_dsub                    
202000d0  __aeabi_errno                   
00004a3d  __aeabi_errno_addr              
00003e5d  __aeabi_f2iz                    
00002743  __aeabi_fadd                    
000034a5  __aeabi_fcmpeq                  
000034db  __aeabi_fcmpge                  
000034ed  __aeabi_fcmpgt                  
000034c9  __aeabi_fcmple                  
000034b7  __aeabi_fcmplt                  
00002c53  __aeabi_fcmpun                  
00002e01  __aeabi_fdiv                    
00002c69  __aeabi_fmul                    
00002739  __aeabi_fsub                    
0000409d  __aeabi_i2d                     
00003de5  __aeabi_i2f                     
00003609  __aeabi_idiv                    
00001a0b  __aeabi_idiv0                   
00003609  __aeabi_idivmod                 
0000204b  __aeabi_ldiv0                   
00004309  __aeabi_llsl                    
00004281  __aeabi_lmul                    
00004487  __aeabi_memclr                  
00004487  __aeabi_memclr4                 
00004487  __aeabi_memclr8                 
00004a45  __aeabi_memcpy                  
00004a45  __aeabi_memcpy4                 
00004a45  __aeabi_memcpy8                 
00004479  __aeabi_memset                  
00004479  __aeabi_memset4                 
00004479  __aeabi_memset8                 
000041e5  __aeabi_ui2f                    
00003c39  __aeabi_uidiv                   
00003c39  __aeabi_uidivmod                
00004901  __aeabi_uldivmod                
00004309  __ashldi3                       
ffffffff  __binit__                       
0000319d  __cmpdf2                        
00002bdd  __cmpsf2                        
00001f31  __divdf3                        
00002e01  __divsf3                        
0000319d  __eqdf2                         
00002bdd  __eqsf2                         
00003a09  __fixdfsi                       
00003e5d  __fixsfsi                       
0000409d  __floatsidf                     
00003de5  __floatsisf                     
000041e5  __floatunsisf                   
00002f01  __gedf2                         
00002c17  __gesf2                         
00002f01  __gtdf2                         
00002c17  __gtsf2                         
0000319d  __ledf2                         
00002bdd  __lesf2                         
0000319d  __ltdf2                         
00002bdd  __ltsf2                         
UNDEFED   __mpu_init                      
00002579  __muldf3                        
00004281  __muldi3                        
00003e21  __muldsi3                       
00002c69  __mulsf3                        
0000319d  __nedf2                         
00002bdd  __nesf2                         
20207e00  __stack                         
20200000  __start___llvm_prf_bits         
20200000  __start___llvm_prf_cnts         
20200000  __stop___llvm_prf_bits          
20200000  __stop___llvm_prf_cnts          
00001879  __subdf3                        
00002739  __subsf3                        
00002a09  __udivmoddi4                    
00003f5d  __unorddf2                      
00002c53  __unordsf2                      
000041bd  _c_int00_noargs                 
UNDEFED   _system_post_cinit              
00004a71  _system_pre_init                
00004a4d  abort                           
00005070  asc2_0806                       
00004a80  asc2_1608                       
00003b75  atoi                            
ffffffff  binit                           
202000f0  cx                              
000047d1  delay_ms                        
00002f75  delay_us                        
202000f6  enable_group1_irq               
00003391  frexp                           
00003391  frexpl                          
20200000  gPWM_MotorBackup                
202000f2  g_dbg_L                         
202000f4  g_dbg_R                         
202000cc  g_enc_L_pulses                  
202000ce  g_enc_R_pulses                  
202000fd  g_sensor_raw_data               
00000000  interruptVectors                
0000265d  ldexp                           
0000265d  ldexpl                          
00000b3d  main                            
000042c7  memccpy                         
00003fbd  mspm0_delay_ms                  
00004071  mspm0_get_clock_ms              
0000326d  oled_i2c_sda_unlock             
0000265d  scalbn                          
0000265d  scalbnl                         
00003b2d  snprintf                        
202000c4  start_time                      
202000c8  tick_ms                         
00003bf9  vsnprintf                       
000049ad  wcslen                          


GLOBAL SYMBOLS: SORTED BY Symbol Address 

address   name                            
-------   ----                            
00000000  __TI_ATRegion0_region_sz        
00000000  __TI_ATRegion0_src_addr         
00000000  __TI_ATRegion0_trg_addr         
00000000  __TI_ATRegion1_region_sz        
00000000  __TI_ATRegion1_src_addr         
00000000  __TI_ATRegion1_trg_addr         
00000000  __TI_ATRegion2_region_sz        
00000000  __TI_ATRegion2_src_addr         
00000000  __TI_ATRegion2_trg_addr         
00000000  __TI_static_base__              
00000000  interruptVectors                
000000c1  __TI_printfi                    
00000200  __STACK_SIZE                    
00000b3d  main                            
000011b5  Motor_FollowLine                
00001879  __aeabi_dsub                    
00001879  __subdf3                        
00001883  __adddf3                        
00001883  __aeabi_dadd                    
00001a0b  __aeabi_idiv0                   
00001a0d  Set_Speed                       
00001b79  Encoder_Poll                    
00001e01  SYSCFG_DL_GPIO_init             
00001f31  __divdf3                        
0000204b  __aeabi_ldiv0                   
0000204d  OLED_ShowChar                   
00002165  OLED_Init                       
00002275  DL_Timer_initFourCCPWMMode      
00002379  OLED_WR_Byte                    
00002579  __muldf3                        
0000265d  ldexp                           
0000265d  ldexpl                          
0000265d  scalbn                          
0000265d  scalbnl                         
00002739  __aeabi_fsub                    
00002739  __subsf3                        
00002743  __addsf3                        
00002743  __aeabi_fadd                    
00002811  Grayscale_Update                
00002965  Encoder_Init                    
00002a09  __udivmoddi4                    
00002aad  Motor_SetDifferential           
00002b4d  SYSCFG_DL_PWM_Motor_init        
00002bdd  __cmpsf2                        
00002bdd  __eqsf2                         
00002bdd  __lesf2                         
00002bdd  __ltsf2                         
00002bdd  __nesf2                         
00002c17  __gesf2                         
00002c17  __gtsf2                         
00002c53  __aeabi_fcmpun                  
00002c53  __unordsf2                      
00002c69  __aeabi_fmul                    
00002c69  __mulsf3                        
00002cf5  Encoder_Update                  
00002e01  __aeabi_fdiv                    
00002e01  __divsf3                        
00002e85  __TI_decompress_lzss            
00002f01  __gedf2                         
00002f01  __gtdf2                         
00002f75  delay_us                        
00003059  OLED_ShowString                 
000030c9  OLED_Clear                      
00003135  SYSCFG_DL_initPower             
0000319d  __cmpdf2                        
0000319d  __eqdf2                         
0000319d  __ledf2                         
0000319d  __ltdf2                         
0000319d  __nedf2                         
0000326d  oled_i2c_sda_unlock             
000032d1  Motor_Brake                     
00003331  DL_I2C_fillControllerTXFIFO     
00003391  frexp                           
00003391  frexpl                          
00003449  __aeabi_dcmpeq                  
0000345b  __aeabi_dcmplt                  
0000346d  __aeabi_dcmple                  
0000347f  __aeabi_dcmpge                  
00003491  __aeabi_dcmpgt                  
000034a5  __aeabi_fcmpeq                  
000034b7  __aeabi_fcmplt                  
000034c9  __aeabi_fcmple                  
000034db  __aeabi_fcmpge                  
000034ed  __aeabi_fcmpgt                  
00003501  SYSCFG_DL_I2C_OLED_init         
00003559  __TI_ltoa                       
00003609  __aeabi_idiv                    
00003609  __aeabi_idivmod                 
000039bd  Motor_ResetControl              
00003a09  __aeabi_d2iz                    
00003a09  __fixdfsi                       
00003a55  DL_UART_init                    
00003a9d  Motor_Off                       
00003b2d  snprintf                        
00003b75  atoi                            
00003bb9  SYSCFG_DL_UART_0_init           
00003bf9  vsnprintf                       
00003c39  __aeabi_uidiv                   
00003c39  __aeabi_uidivmod                
00003cf5  Motor_SetSpeedFast              
00003d31  OLED_Set_Pos                    
00003d6d  UART_Printf                     
00003da9  __TI_auto_init_nobinit_nopinit  
00003de5  __aeabi_i2f                     
00003de5  __floatsisf                     
00003e21  __muldsi3                       
00003e5d  __aeabi_f2iz                    
00003e5d  __fixsfsi                       
00003e95  Grayscale_Sensor_Init           
00003f2d  DL_UART_transmitDataBlocking    
00003f5d  __aeabi_dcmpun                  
00003f5d  __unorddf2                      
00003fbd  mspm0_delay_ms                  
00004019  SYSCFG_DL_init                  
00004071  mspm0_get_clock_ms              
0000409d  __aeabi_i2d                     
0000409d  __floatsidf                     
000040c9  SYSCFG_DL_SYSCTL_init           
000041bd  _c_int00_noargs                 
000041e5  __aeabi_ui2f                    
000041e5  __floatunsisf                   
00004233  DL_I2C_setClockConfig           
00004259  UART_SendStr                    
00004281  __aeabi_lmul                    
00004281  __muldi3                        
000042a5  OLED_Display_On                 
000042c7  memccpy                         
00004309  __aeabi_llsl                    
00004309  __ashldi3                       
00004409  DL_Timer_setCaptCompUpdateMethod
00004425  DL_Timer_setClockConfig         
00004441  Interrupt_Init                  
0000445d  UART_SendByte                   
00004479  __aeabi_memset                  
00004479  __aeabi_memset4                 
00004479  __aeabi_memset8                 
00004487  __aeabi_memclr                  
00004487  __aeabi_memclr4                 
00004487  __aeabi_memclr8                 
000046d5  DL_Timer_setCaptureCompareOutCtl
000047d1  delay_ms                        
000047e7  __TI_zero_init_nomemset         
000048d9  Motor_On                        
000048ed  SysTick_Init                    
00004901  __aeabi_uldivmod                
00004915  DL_UART_setClockConfig          
00004939  TI_memcpy_small                 
0000494b  __TI_decompress_none            
0000497d  DL_Timer_setCaptureCompareValue 
0000498d  SysTick_Handler                 
0000499d  UART_Init                       
000049ad  wcslen                          
000049bd  SYSCFG_DL_SYSTICK_init          
000049d9  TI_memset_small                 
000049e7  Motor_Init                      
000049f3  DL_Common_delayCycles           
000049fd  GROUP1_IRQHandler               
00004a2b  __aeabi_ddiv                    
00004a33  __aeabi_dmul                    
00004a3d  __aeabi_errno_addr              
00004a45  __aeabi_memcpy                  
00004a45  __aeabi_memcpy4                 
00004a45  __aeabi_memcpy8                 
00004a4d  abort                           
00004a53  ADC0_IRQHandler                 
00004a53  ADC1_IRQHandler                 
00004a53  AES_IRQHandler                  
00004a53  CANFD0_IRQHandler               
00004a53  DAC0_IRQHandler                 
00004a53  DMA_IRQHandler                  
00004a53  Default_Handler                 
00004a53  GROUP0_IRQHandler               
00004a53  HardFault_Handler               
00004a53  I2C0_IRQHandler                 
00004a53  I2C1_IRQHandler                 
00004a53  NMI_Handler                     
00004a53  PendSV_Handler                  
00004a53  RTC_IRQHandler                  
00004a53  SPI0_IRQHandler                 
00004a53  SPI1_IRQHandler                 
00004a53  SVC_Handler                     
00004a53  TIMA0_IRQHandler                
00004a53  TIMA1_IRQHandler                
00004a53  TIMG0_IRQHandler                
00004a53  TIMG12_IRQHandler               
00004a53  TIMG6_IRQHandler                
00004a53  TIMG7_IRQHandler                
00004a53  TIMG8_IRQHandler                
00004a53  UART0_IRQHandler                
00004a53  UART1_IRQHandler                
00004a53  UART2_IRQHandler                
00004a53  UART3_IRQHandler                
00004a56  C$$EXIT                         
00004a57  HOSTexit                        
00004a5b  Reset_Handler                   
00004a71  _system_pre_init                
00004a80  asc2_1608                       
00005070  asc2_0806                       
000052a0  __aeabi_ctype_table_            
000052a0  __aeabi_ctype_table_C           
00005568  __TI_Handler_Table_Base         
00005574  __TI_Handler_Table_Limit        
0000557c  __TI_CINIT_Base                 
0000558c  __TI_CINIT_Limit                
0000558c  __TI_CINIT_Warm                 
20200000  __start___llvm_prf_bits         
20200000  __start___llvm_prf_cnts         
20200000  __stop___llvm_prf_bits          
20200000  __stop___llvm_prf_cnts          
20200000  gPWM_MotorBackup                
202000c4  start_time                      
202000c8  tick_ms                         
202000cc  g_enc_L_pulses                  
202000ce  g_enc_R_pulses                  
202000d0  __aeabi_errno                   
202000f0  cx                              
202000f2  g_dbg_L                         
202000f4  g_dbg_R                         
202000f6  enable_group1_irq               
202000fd  g_sensor_raw_data               
20207e00  __stack                         
20208000  __STACK_END                     
ffffffff  __TI_pprof_out_hndl             
ffffffff  __TI_prof_data_size             
ffffffff  __TI_prof_data_start            
ffffffff  __binit__                       
ffffffff  binit                           
UNDEFED   __mpu_init                      
UNDEFED   _system_post_cinit              

[229 symbols]
