******************************************************************************
            TI ARM Clang Linker PC v5.1.1                      
******************************************************************************
>> Linked Fri Jul 31 17:57:16 2026

OUTPUT FILE NAME:   <Car_T.out>
ENTRY POINT SYMBOL: "_c_int00_noargs"  address: 00003dcd


MEMORY CONFIGURATION

         name            origin    length      used     unused   attr    fill
----------------------  --------  ---------  --------  --------  ----  --------
  FLASH                 00000000   00020000  00005138  0001aec8  R  X
  SRAM                  20200000   00008000  000002f6  00007d0a  RW X
  BCR_CONFIG            41c00000   000000ff  00000000  000000ff  R   
  BSL_CONFIG            41c00100   00000080  00000000  00000080  R   


SEGMENT ALLOCATION MAP

run origin  load origin   length   init length attrs members
----------  ----------- ---------- ----------- ----- -------
00000000    00000000    00004698   00004698    r-x
  00000000    00000000    000000c0   000000c0    r-- .intvecs
  000000c0    000000c0    000045d8   000045d8    r-x .text
000046a0    000046a0    00000aa0   00000aa0    r--
  000046a0    000046a0    00000a60   00000a60    r-- .rodata
  00005100    00005100    00000040   00000040    r-- .cinit
20200000    20200000    000000f6   00000000    rw-
  20200000    20200000    000000d0   00000000    rw- .bss
  202000d0    202000d0    00000026   00000000    rw- .data
20207e00    20207e00    00000200   00000000    rw-
  20207e00    20207e00    00000200   00000000    rw- .stack


SECTION ALLOCATION MAP

 output                                  attributes/
section   page    origin      length       input sections
--------  ----  ----------  ----------   ----------------
.intvecs   0    00000000    000000c0     
                  00000000    000000c0     startup_mspm0g350x_ticlang.o (.intvecs)

.text      0    000000c0    000045d8     
                  000000c0    00000a7c     libc.a : _printfi.c.obj (.text:__TI_printfi)
                  00000b3c    000003ac     empty.o (.text.main)
                  00000ee8    0000020c     libc.a : _printfi.c.obj (.text._pconv_a)
                  000010f4    000001e0            : _printfi.c.obj (.text._pconv_g)
                  000012d4    000001ac     Motor_Control.o (.text.Motor_FollowLine)
                  00001480    00000192     libclang_rt.builtins.a : adddf3.S.obj (.text)
                  00001612    00000002                            : aeabi_div0.c.obj (.text.__aeabi_idiv0)
                  00001614    0000015c     motor.o (.text.Set_Speed)
                  00001770    00000150     Encoder.o (.text.Encoder_Poll)
                  000018c0    00000138     libc.a : _printfi.c.obj (.text.fcvt)
                  000019f8    00000124     ti_msp_dl_config.o (.text.SYSCFG_DL_GPIO_init)
                  00001b1c    0000011a     libclang_rt.builtins.a : divdf3.S.obj (.text)
                  00001c36    00000002                            : aeabi_div0.c.obj (.text.__aeabi_ldiv0)
                  00001c38    00000118     OLED.o (.text.OLED_ShowChar)
                  00001d50    00000110     OLED.o (.text.OLED_Init)
                  00001e60    00000104     driverlib.a : dl_timer.o (.text.DL_Timer_initFourCCPWMMode)
                  00001f64    00000104     OLED.o (.text.OLED_WR_Byte)
                  00002068    000000fc     libc.a : _printfi.c.obj (.text._pconv_e)
                  00002164    000000e4     libclang_rt.builtins.a : muldf3.S.obj (.text)
                  00002248    000000dc     libc.a : s_scalbn.c.obj (.text.scalbn)
                  00002324    000000d8     libclang_rt.builtins.a : addsf3.S.obj (.text)
                  000023fc    000000ac     grayscale_sensor.o (.text.Grayscale_Update)
                  000024a8    000000a8     grayscale_sensor.o (.text.Grayscale_Read_All)
                  00002550    000000a4     Encoder.o (.text.Encoder_Init)
                  000025f4    000000a2     libclang_rt.builtins.a : udivmoddi4.S.obj (.text)
                  00002696    00000002     --HOLE-- [fill = 0]
                  00002698    000000a0     Motor_Control.o (.text.Motor_SetDifferential)
                  00002738    00000090     ti_msp_dl_config.o (.text.SYSCFG_DL_PWM_Motor_init)
                  000027c8    0000008c     libclang_rt.builtins.a : comparesf2.S.obj (.text)
                  00002854    0000008c                            : mulsf3.S.obj (.text)
                  000028e0    00000088     Encoder.o (.text.Encoder_Update)
                  00002968    00000084     clock.o (.text.__NVIC_SetPriority)
                  000029ec    00000082     libclang_rt.builtins.a : divsf3.S.obj (.text)
                  00002a6e    00000002     --HOLE-- [fill = 0]
                  00002a70    0000007c     libc.a : copy_decompress_lzss.c.obj (.text:decompress:lzss)
                  00002aec    00000074     libclang_rt.builtins.a : comparedf2.c.obj (.text.__gedf2)
                  00002b60    00000074     delay.o (.text.delay_us)
                  00002bd4    00000070     empty.o (.text.DisplaySensorBits)
                  00002c44    00000070     OLED.o (.text.OLED_ShowString)
                  00002cb4    0000006a     OLED.o (.text.OLED_Clear)
                  00002d1e    00000002     --HOLE-- [fill = 0]
                  00002d20    00000068     ti_msp_dl_config.o (.text.SYSCFG_DL_initPower)
                  00002d88    00000068     libclang_rt.builtins.a : comparedf2.c.obj (.text.__ledf2)
                  00002df0    00000066     libc.a : _printfi.c.obj (.text._mcpy)
                  00002e56    00000002     --HOLE-- [fill = 0]
                  00002e58    00000064     OLED.o (.text.oled_i2c_sda_unlock)
                  00002ebc    0000005e     driverlib.a : dl_i2c.o (.text.DL_I2C_fillControllerTXFIFO)
                  00002f1a    00000002     --HOLE-- [fill = 0]
                  00002f1c    0000005c     motor.o (.text.Motor_Brake)
                  00002f78    0000005c     libc.a : s_frexp.c.obj (.text.frexp)
                  00002fd4    0000005c     OLED.o (.text.mspm0_i2c_enable)
                  00003030    0000005a     libclang_rt.builtins.a : aeabi_dcmp.S.obj (.text)
                  0000308a    00000002     --HOLE-- [fill = 0]
                  0000308c    0000005a                            : aeabi_fcmp.S.obj (.text)
                  000030e6    00000002     --HOLE-- [fill = 0]
                  000030e8    00000058     ti_msp_dl_config.o (.text.SYSCFG_DL_I2C_OLED_init)
                  00003140    00000058     libc.a : _ltoa.c.obj (.text.__TI_ltoa)
                  00003198    00000058            : _printfi.c.obj (.text._pconv_f)
                  000031f0    00000056     libclang_rt.builtins.a : aeabi_idivmod.S.obj (.text)
                  00003246    00000052     libc.a : _printfi.c.obj (.text._ecpy)
                  00003298    00000050     Motor_Control.o (.text.ApplyContinuousDeadZone)
                  000032e8    00000050     OLED.o (.text.DL_GPIO_initPeripheralInputFunctionFeatures)
                  00003338    00000050     ti_msp_dl_config.o (.text.DL_GPIO_initPeripheralInputFunctionFeatures)
                  00003388    00000050     OLED.o (.text.DL_I2C_startControllerTransfer)
                  000033d8    00000050     clock.o (.text.SysTick_Config)
                  00003428    0000004c     Encoder.o (.text.DL_GPIO_initDigitalInputFeatures)
                  00003474    0000004c     OLED.o (.text.DL_GPIO_initDigitalInputFeatures)
                  000034c0    0000004c     empty.o (.text.DL_GPIO_initDigitalInputFeatures)
                  0000350c    0000004c     grayscale_sensor.o (.text.DL_GPIO_initDigitalInputFeatures)
                  00003558    0000004c     ti_msp_dl_config.o (.text.DL_GPIO_initDigitalInputFeatures)
                  000035a4    0000004c     ti_msp_dl_config.o (.text.DL_UART_setBaudRateDivisor)
                  000035f0    0000004a     libclang_rt.builtins.a : fixdfsi.S.obj (.text)
                  0000363a    00000002     --HOLE-- [fill = 0]
                  0000363c    00000048     driverlib.a : dl_uart.o (.text.DL_UART_init)
                  00003684    00000048     OLED.o (.text.mspm0_i2c_disable)
                  000036cc    00000048     libc.a : snprintf.c.obj (.text.snprintf)
                  00003714    00000044     motor.o (.text.Motor_Off)
                  00003758    00000044     libc.a : atoi.c.obj (.text.atoi)
                  0000379c    00000040     ti_msp_dl_config.o (.text.SYSCFG_DL_UART_0_init)
                  000037dc    00000040     libc.a : vsnprintf.c.obj (.text.vsnprintf)
                  0000381c    00000040     libclang_rt.builtins.a : aeabi_uidivmod.S.obj (.text)
                  0000385c    0000003e     Motor_Control.o (.text.ClampFloat)
                  0000389a    00000002     --HOLE-- [fill = 0]
                  0000389c    0000003c     ti_msp_dl_config.o (.text.DL_Timer_setCounterControl)
                  000038d8    0000003c     Motor_Control.o (.text.Motor_ResetControl)
                  00003914    0000003c     OLED.o (.text.OLED_Set_Pos)
                  00003950    0000003c     uart.o (.text.UART_Printf)
                  0000398c    0000003c     libc.a : autoinit.c.obj (.text:__TI_auto_init_nobinit_nopinit)
                  000039c8    0000003c     libclang_rt.builtins.a : floatsisf.S.obj (.text)
                  00003a04    0000003a                            : muldsi3.S.obj (.text)
                  00003a3e    00000002     --HOLE-- [fill = 0]
                  00003a40    00000038                            : fixsfsi.S.obj (.text)
                  00003a78    00000034     grayscale_sensor.o (.text.Grayscale_Sensor_Init)
                  00003aac    00000032     libc.a : snprintf.c.obj (.text._outs)
                  00003ade    00000032            : vsnprintf.c.obj (.text._outs)
                  00003b10    00000030     driverlib.a : dl_uart.o (.text.DL_UART_transmitDataBlocking)
                  00003b40    00000030     libclang_rt.builtins.a : comparedf2.c.obj (.text.__unorddf2)
                  00003b70    00000030     libc.a : _printfi.c.obj (.text._fcpy)
                  00003ba0    00000030     clock.o (.text.mspm0_delay_ms)
                  00003bd0    0000002c     Motor_Control.o (.text.AbsFloat)
                  00003bfc    0000002c     Motor_Control.o (.text.Motor_SetSpeedFast)
                  00003c28    0000002c     ti_msp_dl_config.o (.text.SYSCFG_DL_init)
                  00003c54    0000002c     interrupt.o (.text.__NVIC_EnableIRQ)
                  00003c80    0000002c     clock.o (.text.mspm0_get_clock_ms)
                  00003cac    0000002c     libclang_rt.builtins.a : floatsidf.S.obj (.text)
                  00003cd8    0000002a     ti_msp_dl_config.o (.text.SYSCFG_DL_SYSCTL_init)
                  00003d02    00000028     OLED.o (.text.DL_Common_updateReg)
                  00003d2a    00000028     ti_msp_dl_config.o (.text.DL_Common_updateReg)
                  00003d52    00000002     --HOLE-- [fill = 0]
                  00003d54    00000028     ti_msp_dl_config.o (.text.DL_I2C_setControllerRXFIFOThreshold)
                  00003d7c    00000028     ti_msp_dl_config.o (.text.DL_I2C_setControllerTXFIFOThreshold)
                  00003da4    00000028     ti_msp_dl_config.o (.text.DL_SYSTICK_init)
                  00003dcc    00000028     libc.a : boot_cortex_m.c.obj (.text:_c_int00_noargs)
                  00003df4    00000028     libclang_rt.builtins.a : floatunsisf.S.obj (.text)
                  00003e1c    00000026     ti_msp_dl_config.o (.text.DL_I2C_setAnalogGlitchFilterPulseWidth)
                  00003e42    00000026     driverlib.a : dl_i2c.o (.text.DL_I2C_setClockConfig)
                  00003e68    00000026     uart.o (.text.UART_SendStr)
                  00003e8e    00000002     --HOLE-- [fill = 0]
                  00003e90    00000024     libclang_rt.builtins.a : muldi3.S.obj (.text)
                  00003eb4    00000022     OLED.o (.text.OLED_Display_On)
                  00003ed6    00000022     libc.a : memccpy.c.obj (.text.memccpy)
                  00003ef8    0000001e     ti_msp_dl_config.o (.text.DL_UART_setOversampling)
                  00003f16    00000002     --HOLE-- [fill = 0]
                  00003f18    0000001e     libclang_rt.builtins.a : ashldi3.S.obj (.text)
                  00003f36    00000002     --HOLE-- [fill = 0]
                  00003f38    0000001c     OLED.o (.text.DL_GPIO_enableHiZ)
                  00003f54    0000001c     ti_msp_dl_config.o (.text.DL_GPIO_enableHiZ)
                  00003f70    0000001c     ti_msp_dl_config.o (.text.DL_GPIO_initPeripheralOutputFunction)
                  00003f8c    0000001c     OLED.o (.text.DL_I2C_getSDAStatus)
                  00003fa8    0000001c     interrupt.o (.text.DL_Interrupt_getPendingGroup)
                  00003fc4    0000001c     ti_msp_dl_config.o (.text.DL_SYSCTL_setMCLKDivider)
                  00003fe0    0000001c     ti_msp_dl_config.o (.text.DL_SYSCTL_setSYSOSCFreq)
                  00003ffc    0000001c     ti_msp_dl_config.o (.text.DL_SYSCTL_setULPCLKDivider)
                  00004018    0000001c     driverlib.a : dl_timer.o (.text.DL_Timer_setCaptCompUpdateMethod)
                  00004034    0000001c                 : dl_timer.o (.text.DL_Timer_setClockConfig)
                  00004050    0000001c     interrupt.o (.text.Interrupt_Init)
                  0000406c    0000001c     uart.o (.text.UART_SendByte)
                  00004088    0000001a     libclang_rt.builtins.a : aeabi_memset.S.obj (.text)
                  000040a2    00000002     --HOLE-- [fill = 0]
                  000040a4    00000018     OLED.o (.text.DL_GPIO_enableOutput)
                  000040bc    00000018     ti_msp_dl_config.o (.text.DL_GPIO_enableOutput)
                  000040d4    00000018     ti_msp_dl_config.o (.text.DL_GPIO_enablePower)
                  000040ec    00000018     OLED.o (.text.DL_GPIO_initDigitalOutput)
                  00004104    00000018     ti_msp_dl_config.o (.text.DL_GPIO_initDigitalOutput)
                  0000411c    00000018     ti_msp_dl_config.o (.text.DL_GPIO_reset)
                  00004134    00000018     OLED.o (.text.DL_GPIO_setPins)
                  0000414c    00000018     empty.o (.text.DL_GPIO_setPins)
                  00004164    00000018     grayscale_sensor.o (.text.DL_GPIO_setPins)
                  0000417c    00000018     motor.o (.text.DL_GPIO_setPins)
                  00004194    00000018     empty.o (.text.DL_GPIO_togglePins)
                  000041ac    00000018     OLED.o (.text.DL_I2C_clearInterruptStatus)
                  000041c4    00000018     ti_msp_dl_config.o (.text.DL_I2C_enableAnalogGlitchFilter)
                  000041dc    00000018     ti_msp_dl_config.o (.text.DL_I2C_enableController)
                  000041f4    00000018     ti_msp_dl_config.o (.text.DL_I2C_enableControllerClockStretching)
                  0000420c    00000018     OLED.o (.text.DL_I2C_enablePower)
                  00004224    00000018     ti_msp_dl_config.o (.text.DL_I2C_enablePower)
                  0000423c    00000018     OLED.o (.text.DL_I2C_getRawInterruptStatus)
                  00004254    00000018     OLED.o (.text.DL_I2C_reset)
                  0000426c    00000018     ti_msp_dl_config.o (.text.DL_I2C_reset)
                  00004284    00000018     ti_msp_dl_config.o (.text.DL_I2C_setTimerPeriod)
                  0000429c    00000018     ti_msp_dl_config.o (.text.DL_SYSCTL_setBORThreshold)
                  000042b4    00000018     ti_msp_dl_config.o (.text.DL_Timer_enablePower)
                  000042cc    00000018     ti_msp_dl_config.o (.text.DL_Timer_reset)
                  000042e4    00000018     driverlib.a : dl_timer.o (.text.DL_Timer_setCaptureCompareOutCtl)
                  000042fc    00000018     ti_msp_dl_config.o (.text.DL_UART_enablePower)
                  00004314    00000018     ti_msp_dl_config.o (.text.DL_UART_reset)
                  0000432c    00000018     libc.a : snprintf.c.obj (.text._outc)
                  00004344    00000018            : vsnprintf.c.obj (.text._outc)
                  0000435c    00000016     Encoder.o (.text.DL_GPIO_readPins)
                  00004372    00000016     OLED.o (.text.DL_GPIO_readPins)
                  00004388    00000016     empty.o (.text.DL_GPIO_readPins)
                  0000439e    00000016     grayscale_sensor.o (.text.DL_GPIO_readPins)
                  000043b4    00000016     ti_msp_dl_config.o (.text.DL_UART_enable)
                  000043ca    00000016     uart.o (.text.DL_UART_enable)
                  000043e0    00000016     delay.o (.text.delay_ms)
                  000043f6    00000016     libc.a : copy_zero_init.c.obj (.text:decompress:ZI:__TI_zero_init_nomemset)
                  0000440c    00000014     OLED.o (.text.DL_GPIO_clearPins)
                  00004420    00000014     empty.o (.text.DL_GPIO_clearPins)
                  00004434    00000014     grayscale_sensor.o (.text.DL_GPIO_clearPins)
                  00004448    00000014     motor.o (.text.DL_GPIO_clearPins)
                  0000445c    00000014     ti_msp_dl_config.o (.text.DL_GPIO_clearPins)
                  00004470    00000014     Encoder.o (.text.DL_GPIO_disableOutput)
                  00004484    00000014     empty.o (.text.DL_GPIO_disableOutput)
                  00004498    00000014     OLED.o (.text.DL_I2C_getControllerStatus)
                  000044ac    00000014     ti_msp_dl_config.o (.text.DL_I2C_resetControllerTransfer)
                  000044c0    00000014     ti_msp_dl_config.o (.text.DL_SYSCTL_disableSYSPLL)
                  000044d4    00000014     ti_msp_dl_config.o (.text.DL_Timer_enableClock)
                  000044e8    00000014     ti_msp_dl_config.o (.text.DL_Timer_setCCPDirection)
                  000044fc    00000014     clock.o (.text.SysTick_Init)
                  00004510    00000014     libclang_rt.builtins.a : aeabi_uldivmod.S.obj (.text)
                  00004524    00000012     driverlib.a : dl_uart.o (.text.DL_UART_setClockConfig)
                  00004536    00000012     libc.a : _printfi.c.obj (.text.strchr)
                  00004548    00000012            : memcpy16.S.obj (.text:TI_memcpy_small)
                  0000455a    00000012            : copy_decompress_none.c.obj (.text:decompress:none)
                  0000456c    00000010     ti_msp_dl_config.o (.text.DL_SYSCTL_disableHFXT)
                  0000457c    00000010     ti_msp_dl_config.o (.text.DL_SYSTICK_enable)
                  0000458c    00000010     driverlib.a : dl_timer.o (.text.DL_Timer_setCaptureCompareValue)
                  0000459c    00000010     motor.o (.text.Motor_On)
                  000045ac    00000010     interrupt.o (.text.SysTick_Handler)
                  000045bc    00000010     uart.o (.text.UART_Init)
                  000045cc    00000010     libc.a : wcslen.c.obj (.text.wcslen)
                  000045dc    0000000e     ti_msp_dl_config.o (.text.SYSCFG_DL_SYSTICK_init)
                  000045ea    0000000e     libc.a : _printfi.c.obj (.text.strlen)
                  000045f8    0000000e            : memset16.S.obj (.text:TI_memset_small)
                  00004606    0000000c     Motor_Control.o (.text.Motor_Init)
                  00004612    0000000a     driverlib.a : dl_common.o (.text.DL_Common_delayCycles)
                  0000461c    0000000a     interrupt.o (.text.GROUP1_IRQHandler)
                  00004626    0000000a     libc.a : _printfi.c.obj (.text.OUTLINED_FUNCTION_0)
                  00004630    00000010     libclang_rt.builtins.a : adddf3.S.obj (.tramp.__aeabi_dsub.1)
                  00004640    0000000a     libc.a : _printfi.c.obj (.text.OUTLINED_FUNCTION_1)
                  0000464a    00000008     libclang_rt.builtins.a : aeabi_ddiv.c.obj (.text.__aeabi_ddiv)
                  00004652    00000008                            : aeabi_dmul.c.obj (.text.__aeabi_dmul)
                  0000465a    00000002     --HOLE-- [fill = 0]
                  0000465c    00000008     libc.a : aeabi_portable.c.obj (.text.__aeabi_errno_addr)
                  00004664    00000008     libclang_rt.builtins.a : aeabi_memcpy.S.obj (.text)
                  0000466c    00000006     libc.a : exit.c.obj (.text:abort)
                  00004672    00000004     startup_mspm0g350x_ticlang.o (.text.Default_Handler)
                  00004676    00000004     libsysbm.a : hostexit.c.obj (.text.HOSTexit)
                  0000467a    00000004     startup_mspm0g350x_ticlang.o (.text.Reset_Handler)
                  0000467e    00000002     --HOLE-- [fill = 0]
                  00004680    00000010     libc.a : boot_cortex_m.c.obj (.tramp._c_int00_noargs.1)
                  00004690    00000004            : pre_init.c.obj (.text._system_pre_init)
                  00004694    00000004     --HOLE-- [fill = 0]

.cinit     0    00005100    00000040     
                  00005100    00000016     (.cinit..data.load) [load image, compression = lzss]
                  00005116    00000002     --HOLE-- [fill = 0]
                  00005118    0000000c     (__TI_handler_table)
                  00005124    00000008     (.cinit..bss.load) [load image, compression = zero_init]
                  0000512c    00000010     (__TI_cinit_table)
                  0000513c    00000004     --HOLE-- [fill = 0]

.rodata    0    000046a0    00000a60     
                  000046a0    000005f0     OLED.o (.rodata.asc2_1608)
                  00004c90    00000228     OLED.o (.rodata.asc2_0806)
                  00004eb8    00000008     ti_msp_dl_config.o (.rodata.gPWM_MotorConfig)
                  00004ec0    00000101     libc.a : aeabi_ctype.S.obj (.rodata:__aeabi_ctype_table_)
                  00004fc1    0000001b     empty.o (.rodata.str1.16704889451495720520.1)
                  00004fdc    00000014     empty.o (.rodata.str1.7401042497206923953.1)
                  00004ff0    00000011     libc.a : _printfi.c.obj (.rodata.str1.10348868589481759720.1)
                  00005001    00000011     empty.o (.rodata.str1.11898133897667081452.1)
                  00005012    00000011     empty.o (.rodata.str1.14685083708502177989.1)
                  00005023    00000011     empty.o (.rodata.str1.150872071346279890.1)
                  00005034    00000011     libc.a : _printfi.c.obj (.rodata.str1.15363888844622738466.1)
                  00005045    00000011     empty.o (.rodata.str1.15706828512682300538.1)
                  00005056    00000011     empty.o (.rodata.str1.17669528882079347314.1)
                  00005067    00000011     empty.o (.rodata.str1.2196762768037919588.1)
                  00005078    00000011     empty.o (.rodata.str1.254342170260855183.1)
                  00005089    00000011     empty.o (.rodata.str1.4000995719088696555.1)
                  0000509a    00000011     empty.o (.rodata.str1.7386103758396746866.1)
                  000050ab    00000011     empty.o (.rodata.str1.9517790425240694019.1)
                  000050bc    00000010     empty.o (.rodata.str1.15170238581331914936.1)
                  000050cc    0000000a     ti_msp_dl_config.o (.rodata.gUART_0Config)
                  000050d6    00000005     empty.o (.rodata.str1.17686411042290499047.1)
                  000050db    00000005     empty.o (.rodata.str1.5792233746214848027.1)
                  000050e0    00000005     empty.o (.rodata.str1.9410084661655729462.1)
                  000050e5    00000004     empty.o (.rodata.str1.11822412164550770238.1)
                  000050e9    00000003     ti_msp_dl_config.o (.rodata.gPWM_MotorClockConfig)
                  000050ec    00000003     uart.o (.rodata.str1.14464947116831474962.1)
                  000050ef    00000002     ti_msp_dl_config.o (.rodata.gI2C_OLEDClockConfig)
                  000050f1    00000002     ti_msp_dl_config.o (.rodata.gUART_0ClockConfig)
                  000050f3    0000000d     --HOLE-- [fill = 0]

.init_array 
*          0    00000000    00000000     UNINITIALIZED

.binit     0    00000000    00000000     

.bss       0    20200000    000000d0     UNINITIALIZED
                  20200000    000000bc     (.common:gPWM_MotorBackup)
                  202000bc    00000004     Encoder.o (.bss.g_enc_L_speed)
                  202000c0    00000004     Encoder.o (.bss.g_enc_R_speed)
                  202000c4    00000004     (.common:start_time)
                  202000c8    00000004     (.common:tick_ms)
                  202000cc    00000002     (.common:g_enc_L_pulses)
                  202000ce    00000002     (.common:g_enc_R_pulses)

.data      0    202000d0    00000026     UNINITIALIZED
                  202000d0    00000004     libc.a : aeabi_portable.c.obj (.data.__aeabi_errno)
                  202000d4    00000004     Motor_Control.o (.data.g_error_rate_filt)
                  202000d8    00000004     Motor_Control.o (.data.g_last_error)
                  202000dc    00000004     Motor_Control.o (.data.g_line_pos_filt)
                  202000e0    00000004     Motor_Control.o (.data.g_pwm_L_filt)
                  202000e4    00000004     Motor_Control.o (.data.g_pwm_R_filt)
                  202000e8    00000002     grayscale_sensor.o (.data.cx)
                  202000ea    00000002     Motor_Control.o (.data.g_dbg_L)
                  202000ec    00000002     Motor_Control.o (.data.g_dbg_R)
                  202000ee    00000001     interrupt.o (.data.enable_group1_irq)
                  202000ef    00000001     Motor_Control.o (.data.g_base_pwm)
                  202000f0    00000001     Encoder.o (.data.g_enc_L_A_last)
                  202000f1    00000001     Encoder.o (.data.g_enc_R_A_last)
                  202000f2    00000001     Encoder.o (.data.g_enc_first)
                  202000f3    00000001     OLED.o (.data.g_oled_available)
                  202000f4    00000001     OLED.o (.data.g_oled_i2c_faults)
                  202000f5    00000001     grayscale_sensor.o (.data.g_sensor_raw_data)

.stack     0    20207e00    00000200     UNINITIALIZED
                  20207e00    00000004     libc.a : boot_cortex_m.c.obj (.stack)
                  20207e04    000001fc     --HOLE--

__llvm_prf_cnts 
*          0    20200000    00000000     UNINITIALIZED

__llvm_prf_bits 
*          0    20200000    00000000     UNINITIALIZED

MODULE SUMMARY

       Module                         code    ro data   rw data
       ------                         ----    -------   -------
    .\
       ti_msp_dl_config.o             1966    25        188    
       empty.o                        1238    252       0      
       startup_mspm0g350x_ticlang.o   8       192       0      
    +--+------------------------------+-------+---------+---------+
       Total:                         3212    469       188    
                                                               
    .\Driver\
       Motor_Control.o                890     0         25     
       Encoder.o                      754     0         15     
       motor.o                        568     0         0      
       grayscale_sensor.o             534     0         3      
    +--+------------------------------+-------+---------+---------+
       Total:                         2746    0         43     
                                                               
    .\Driver\OLED\
       OLED.o                         1950    2072      2      
    +--+------------------------------+-------+---------+---------+
       Total:                         1950    2072      2      
                                                               
    .\System\
       clock.o                        324     0         8      
       uart.o                         164     3         0      
       delay.o                        138     0         0      
       interrupt.o                    126     0         1      
    +--+------------------------------+-------+---------+---------+
       Total:                         752     3         9      
                                                               
    D:/TI/CCS/mspm0_sdk_2_11_00_07/source/ti/driverlib/lib/ticlang/m0p/mspm0g1x0x_g3x0x/driverlib.a
       dl_timer.o                     356     0         0      
       dl_uart.o                      138     0         0      
       dl_i2c.o                       132     0         0      
       dl_common.o                    10      0         0      
    +--+------------------------------+-------+---------+---------+
       Total:                         636     0         0      
                                                               
    D:\TI\CCS\ccs\tools\compiler\ti-cgt-armllvm_5.1.1.LTS\lib\armv6m-ti-none-eabi/c/libc.a
       _printfi.c.obj                 4624    34        0      
       aeabi_ctype.S.obj              0       257       0      
       s_scalbn.c.obj                 220     0         0      
       snprintf.c.obj                 146     0         0      
       vsnprintf.c.obj                138     0         0      
       copy_decompress_lzss.c.obj     124     0         0      
       s_frexp.c.obj                  92      0         0      
       _ltoa.c.obj                    88      0         0      
       atoi.c.obj                     68      0         0      
       autoinit.c.obj                 60      0         0      
       boot_cortex_m.c.obj            56      0         0      
       memccpy.c.obj                  34      0         0      
       copy_zero_init.c.obj           22      0         0      
       copy_decompress_none.c.obj     18      0         0      
       memcpy16.S.obj                 18      0         0      
       wcslen.c.obj                   16      0         0      
       memset16.S.obj                 14      0         0      
       aeabi_portable.c.obj           8       0         4      
       exit.c.obj                     6       0         0      
       pre_init.c.obj                 4       0         0      
    +--+------------------------------+-------+---------+---------+
       Total:                         5756    291       4      
                                                               
    D:\TI\CCS\ccs\tools\compiler\ti-cgt-armllvm_5.1.1.LTS\lib\armv6m-ti-none-eabi/c/libsysbm.a
       hostexit.c.obj                 4       0         0      
    +--+------------------------------+-------+---------+---------+
       Total:                         4       0         0      
                                                               
    D:\TI\CCS\ccs\tools\compiler\ti-cgt-armllvm_5.1.1.LTS\lib\armv6m-ti-none-eabi/libclang_rt.builtins.a
       adddf3.S.obj                   418     0         0      
       divdf3.S.obj                   282     0         0      
       comparedf2.c.obj               268     0         0      
       muldf3.S.obj                   228     0         0      
       addsf3.S.obj                   216     0         0      
       udivmoddi4.S.obj               162     0         0      
       comparesf2.S.obj               140     0         0      
       mulsf3.S.obj                   140     0         0      
       divsf3.S.obj                   130     0         0      
       aeabi_dcmp.S.obj               90      0         0      
       aeabi_fcmp.S.obj               90      0         0      
       aeabi_idivmod.S.obj            86      0         0      
       fixdfsi.S.obj                  74      0         0      
       aeabi_uidivmod.S.obj           64      0         0      
       floatsisf.S.obj                60      0         0      
       muldsi3.S.obj                  58      0         0      
       fixsfsi.S.obj                  56      0         0      
       floatsidf.S.obj                44      0         0      
       floatunsisf.S.obj              40      0         0      
       muldi3.S.obj                   36      0         0      
       ashldi3.S.obj                  30      0         0      
       aeabi_memset.S.obj             26      0         0      
       aeabi_uldivmod.S.obj           20      0         0      
       aeabi_ddiv.c.obj               8       0         0      
       aeabi_dmul.c.obj               8       0         0      
       aeabi_memcpy.S.obj             8       0         0      
       aeabi_div0.c.obj               4       0         0      
    +--+------------------------------+-------+---------+---------+
       Total:                         2786    0         0      
                                                               
       Stack:                         0       0         512    
       Linker Generated:              0       58        0      
    +--+------------------------------+-------+---------+---------+
       Grand Total:                   17842   2893      758    


LINKER GENERATED COPY TABLES

__TI_cinit_table @ 0000512c records: 2, size/record: 8, table size: 16
	.data: load addr=00005100, load size=00000016 bytes, run addr=202000d0, run size=00000026 bytes, compression=lzss
	.bss: load addr=00005124, load size=00000008 bytes, run addr=20200000, run size=000000d0 bytes, compression=zero_init


LINKER GENERATED HANDLER TABLE

__TI_handler_table @ 00005118 records: 3, size/record: 4, table size: 12
	index: 0, handler: __TI_decompress_lzss
	index: 1, handler: __TI_decompress_none
	index: 2, handler: __TI_zero_init


FAR CALL TRAMPOLINES

callee name               trampoline name
   callee addr  tramp addr   call addr  call info
--------------  -----------  ---------  ----------------
__aeabi_dsub              $Tramp$TT$L$PI$$__aeabi_dsub
   00001481     00004630     0000462e   libc.a : _printfi.c.obj (.text.OUTLINED_FUNCTION_0)
_c_int00_noargs           $Tramp$TT$L$PI$$_c_int00_noargs
   00003dcd     00004680     0000467a   startup_mspm0g350x_ticlang.o (.text.Reset_Handler)

[2 trampolines]
[2 trampoline calls]


GLOBAL SYMBOLS: SORTED ALPHABETICALLY BY Name 

address   name                            
-------   ----                            
00004673  ADC0_IRQHandler                 
00004673  ADC1_IRQHandler                 
00004673  AES_IRQHandler                  
00004676  C$$EXIT                         
00004673  CANFD0_IRQHandler               
00004673  DAC0_IRQHandler                 
00004613  DL_Common_delayCycles           
00002ebd  DL_I2C_fillControllerTXFIFO     
00003e43  DL_I2C_setClockConfig           
00001e61  DL_Timer_initFourCCPWMMode      
00004019  DL_Timer_setCaptCompUpdateMethod
000042e5  DL_Timer_setCaptureCompareOutCtl
0000458d  DL_Timer_setCaptureCompareValue 
00004035  DL_Timer_setClockConfig         
0000363d  DL_UART_init                    
00004525  DL_UART_setClockConfig          
00003b11  DL_UART_transmitDataBlocking    
00004673  DMA_IRQHandler                  
00004673  Default_Handler                 
00002551  Encoder_Init                    
00001771  Encoder_Poll                    
000028e1  Encoder_Update                  
00004673  GROUP0_IRQHandler               
0000461d  GROUP1_IRQHandler               
00003a79  Grayscale_Sensor_Init           
000023fd  Grayscale_Update                
00004677  HOSTexit                        
00004673  HardFault_Handler               
00004673  I2C0_IRQHandler                 
00004673  I2C1_IRQHandler                 
00004051  Interrupt_Init                  
00002f1d  Motor_Brake                     
000012d5  Motor_FollowLine                
00004607  Motor_Init                      
00003715  Motor_Off                       
0000459d  Motor_On                        
000038d9  Motor_ResetControl              
00002699  Motor_SetDifferential           
00003bfd  Motor_SetSpeedFast              
00004673  NMI_Handler                     
00002cb5  OLED_Clear                      
00003eb5  OLED_Display_On                 
00001d51  OLED_Init                       
00003915  OLED_Set_Pos                    
00001c39  OLED_ShowChar                   
00002c45  OLED_ShowString                 
00001f65  OLED_WR_Byte                    
00004673  PendSV_Handler                  
00004673  RTC_IRQHandler                  
0000467b  Reset_Handler                   
00004673  SPI0_IRQHandler                 
00004673  SPI1_IRQHandler                 
00004673  SVC_Handler                     
000019f9  SYSCFG_DL_GPIO_init             
000030e9  SYSCFG_DL_I2C_OLED_init         
00002739  SYSCFG_DL_PWM_Motor_init        
00003cd9  SYSCFG_DL_SYSCTL_init           
000045dd  SYSCFG_DL_SYSTICK_init          
0000379d  SYSCFG_DL_UART_0_init           
00003c29  SYSCFG_DL_init                  
00002d21  SYSCFG_DL_initPower             
00001615  Set_Speed                       
000045ad  SysTick_Handler                 
000044fd  SysTick_Init                    
00004673  TIMA0_IRQHandler                
00004673  TIMA1_IRQHandler                
00004673  TIMG0_IRQHandler                
00004673  TIMG12_IRQHandler               
00004673  TIMG6_IRQHandler                
00004673  TIMG7_IRQHandler                
00004673  TIMG8_IRQHandler                
00004549  TI_memcpy_small                 
000045f9  TI_memset_small                 
00004673  UART0_IRQHandler                
00004673  UART1_IRQHandler                
00004673  UART2_IRQHandler                
00004673  UART3_IRQHandler                
000045bd  UART_Init                       
00003951  UART_Printf                     
0000406d  UART_SendByte                   
00003e69  UART_SendStr                    
20208000  __STACK_END                     
00000200  __STACK_SIZE                    
00000000  __TI_ATRegion0_region_sz        
00000000  __TI_ATRegion0_src_addr         
00000000  __TI_ATRegion0_trg_addr         
00000000  __TI_ATRegion1_region_sz        
00000000  __TI_ATRegion1_src_addr         
00000000  __TI_ATRegion1_trg_addr         
00000000  __TI_ATRegion2_region_sz        
00000000  __TI_ATRegion2_src_addr         
00000000  __TI_ATRegion2_trg_addr         
0000512c  __TI_CINIT_Base                 
0000513c  __TI_CINIT_Limit                
0000513c  __TI_CINIT_Warm                 
00005118  __TI_Handler_Table_Base         
00005124  __TI_Handler_Table_Limit        
0000398d  __TI_auto_init_nobinit_nopinit  
00002a71  __TI_decompress_lzss            
0000455b  __TI_decompress_none            
00003141  __TI_ltoa                       
ffffffff  __TI_pprof_out_hndl             
000000c1  __TI_printfi                    
ffffffff  __TI_prof_data_size             
ffffffff  __TI_prof_data_start            
00000000  __TI_static_base__              
000043f7  __TI_zero_init_nomemset         
0000148b  __adddf3                        
0000232f  __addsf3                        
00004ec0  __aeabi_ctype_table_            
00004ec0  __aeabi_ctype_table_C           
000035f1  __aeabi_d2iz                    
0000148b  __aeabi_dadd                    
00003031  __aeabi_dcmpeq                  
00003067  __aeabi_dcmpge                  
00003079  __aeabi_dcmpgt                  
00003055  __aeabi_dcmple                  
00003043  __aeabi_dcmplt                  
00003b41  __aeabi_dcmpun                  
0000464b  __aeabi_ddiv                    
00004653  __aeabi_dmul                    
00001481  __aeabi_dsub                    
202000d0  __aeabi_errno                   
0000465d  __aeabi_errno_addr              
00003a41  __aeabi_f2iz                    
0000232f  __aeabi_fadd                    
0000308d  __aeabi_fcmpeq                  
000030c3  __aeabi_fcmpge                  
000030d5  __aeabi_fcmpgt                  
000030b1  __aeabi_fcmple                  
0000309f  __aeabi_fcmplt                  
0000283f  __aeabi_fcmpun                  
000029ed  __aeabi_fdiv                    
00002855  __aeabi_fmul                    
00002325  __aeabi_fsub                    
00003cad  __aeabi_i2d                     
000039c9  __aeabi_i2f                     
000031f1  __aeabi_idiv                    
00001613  __aeabi_idiv0                   
000031f1  __aeabi_idivmod                 
00001c37  __aeabi_ldiv0                   
00003f19  __aeabi_llsl                    
00003e91  __aeabi_lmul                    
00004097  __aeabi_memclr                  
00004097  __aeabi_memclr4                 
00004097  __aeabi_memclr8                 
00004665  __aeabi_memcpy                  
00004665  __aeabi_memcpy4                 
00004665  __aeabi_memcpy8                 
00004089  __aeabi_memset                  
00004089  __aeabi_memset4                 
00004089  __aeabi_memset8                 
00003df5  __aeabi_ui2f                    
0000381d  __aeabi_uidiv                   
0000381d  __aeabi_uidivmod                
00004511  __aeabi_uldivmod                
00003f19  __ashldi3                       
ffffffff  __binit__                       
00002d89  __cmpdf2                        
000027c9  __cmpsf2                        
00001b1d  __divdf3                        
000029ed  __divsf3                        
00002d89  __eqdf2                         
000027c9  __eqsf2                         
000035f1  __fixdfsi                       
00003a41  __fixsfsi                       
00003cad  __floatsidf                     
000039c9  __floatsisf                     
00003df5  __floatunsisf                   
00002aed  __gedf2                         
00002803  __gesf2                         
00002aed  __gtdf2                         
00002803  __gtsf2                         
00002d89  __ledf2                         
000027c9  __lesf2                         
00002d89  __ltdf2                         
000027c9  __ltsf2                         
UNDEFED   __mpu_init                      
00002165  __muldf3                        
00003e91  __muldi3                        
00003a05  __muldsi3                       
00002855  __mulsf3                        
00002d89  __nedf2                         
000027c9  __nesf2                         
20207e00  __stack                         
20200000  __start___llvm_prf_bits         
20200000  __start___llvm_prf_cnts         
20200000  __stop___llvm_prf_bits          
20200000  __stop___llvm_prf_cnts          
00001481  __subdf3                        
00002325  __subsf3                        
000025f5  __udivmoddi4                    
00003b41  __unorddf2                      
0000283f  __unordsf2                      
00003dcd  _c_int00_noargs                 
UNDEFED   _system_post_cinit              
00004691  _system_pre_init                
0000466d  abort                           
00004c90  asc2_0806                       
000046a0  asc2_1608                       
00003759  atoi                            
ffffffff  binit                           
202000e8  cx                              
000043e1  delay_ms                        
00002b61  delay_us                        
202000ee  enable_group1_irq               
00002f79  frexp                           
00002f79  frexpl                          
20200000  gPWM_MotorBackup                
202000ea  g_dbg_L                         
202000ec  g_dbg_R                         
202000cc  g_enc_L_pulses                  
202000ce  g_enc_R_pulses                  
202000f5  g_sensor_raw_data               
00000000  interruptVectors                
00002249  ldexp                           
00002249  ldexpl                          
00000b3d  main                            
00003ed7  memccpy                         
00003ba1  mspm0_delay_ms                  
00003c81  mspm0_get_clock_ms              
00002e59  oled_i2c_sda_unlock             
00002249  scalbn                          
00002249  scalbnl                         
000036cd  snprintf                        
202000c4  start_time                      
202000c8  tick_ms                         
000037dd  vsnprintf                       
000045cd  wcslen                          


GLOBAL SYMBOLS: SORTED BY Symbol Address 

address   name                            
-------   ----                            
00000000  __TI_ATRegion0_region_sz        
00000000  __TI_ATRegion0_src_addr         
00000000  __TI_ATRegion0_trg_addr         
00000000  __TI_ATRegion1_region_sz        
00000000  __TI_ATRegion1_src_addr         
00000000  __TI_ATRegion1_trg_addr         
00000000  __TI_ATRegion2_region_sz        
00000000  __TI_ATRegion2_src_addr         
00000000  __TI_ATRegion2_trg_addr         
00000000  __TI_static_base__              
00000000  interruptVectors                
000000c1  __TI_printfi                    
00000200  __STACK_SIZE                    
00000b3d  main                            
000012d5  Motor_FollowLine                
00001481  __aeabi_dsub                    
00001481  __subdf3                        
0000148b  __adddf3                        
0000148b  __aeabi_dadd                    
00001613  __aeabi_idiv0                   
00001615  Set_Speed                       
00001771  Encoder_Poll                    
000019f9  SYSCFG_DL_GPIO_init             
00001b1d  __divdf3                        
00001c37  __aeabi_ldiv0                   
00001c39  OLED_ShowChar                   
00001d51  OLED_Init                       
00001e61  DL_Timer_initFourCCPWMMode      
00001f65  OLED_WR_Byte                    
00002165  __muldf3                        
00002249  ldexp                           
00002249  ldexpl                          
00002249  scalbn                          
00002249  scalbnl                         
00002325  __aeabi_fsub                    
00002325  __subsf3                        
0000232f  __addsf3                        
0000232f  __aeabi_fadd                    
000023fd  Grayscale_Update                
00002551  Encoder_Init                    
000025f5  __udivmoddi4                    
00002699  Motor_SetDifferential           
00002739  SYSCFG_DL_PWM_Motor_init        
000027c9  __cmpsf2                        
000027c9  __eqsf2                         
000027c9  __lesf2                         
000027c9  __ltsf2                         
000027c9  __nesf2                         
00002803  __gesf2                         
00002803  __gtsf2                         
0000283f  __aeabi_fcmpun                  
0000283f  __unordsf2                      
00002855  __aeabi_fmul                    
00002855  __mulsf3                        
000028e1  Encoder_Update                  
000029ed  __aeabi_fdiv                    
000029ed  __divsf3                        
00002a71  __TI_decompress_lzss            
00002aed  __gedf2                         
00002aed  __gtdf2                         
00002b61  delay_us                        
00002c45  OLED_ShowString                 
00002cb5  OLED_Clear                      
00002d21  SYSCFG_DL_initPower             
00002d89  __cmpdf2                        
00002d89  __eqdf2                         
00002d89  __ledf2                         
00002d89  __ltdf2                         
00002d89  __nedf2                         
00002e59  oled_i2c_sda_unlock             
00002ebd  DL_I2C_fillControllerTXFIFO     
00002f1d  Motor_Brake                     
00002f79  frexp                           
00002f79  frexpl                          
00003031  __aeabi_dcmpeq                  
00003043  __aeabi_dcmplt                  
00003055  __aeabi_dcmple                  
00003067  __aeabi_dcmpge                  
00003079  __aeabi_dcmpgt                  
0000308d  __aeabi_fcmpeq                  
0000309f  __aeabi_fcmplt                  
000030b1  __aeabi_fcmple                  
000030c3  __aeabi_fcmpge                  
000030d5  __aeabi_fcmpgt                  
000030e9  SYSCFG_DL_I2C_OLED_init         
00003141  __TI_ltoa                       
000031f1  __aeabi_idiv                    
000031f1  __aeabi_idivmod                 
000035f1  __aeabi_d2iz                    
000035f1  __fixdfsi                       
0000363d  DL_UART_init                    
000036cd  snprintf                        
00003715  Motor_Off                       
00003759  atoi                            
0000379d  SYSCFG_DL_UART_0_init           
000037dd  vsnprintf                       
0000381d  __aeabi_uidiv                   
0000381d  __aeabi_uidivmod                
000038d9  Motor_ResetControl              
00003915  OLED_Set_Pos                    
00003951  UART_Printf                     
0000398d  __TI_auto_init_nobinit_nopinit  
000039c9  __aeabi_i2f                     
000039c9  __floatsisf                     
00003a05  __muldsi3                       
00003a41  __aeabi_f2iz                    
00003a41  __fixsfsi                       
00003a79  Grayscale_Sensor_Init           
00003b11  DL_UART_transmitDataBlocking    
00003b41  __aeabi_dcmpun                  
00003b41  __unorddf2                      
00003ba1  mspm0_delay_ms                  
00003bfd  Motor_SetSpeedFast              
00003c29  SYSCFG_DL_init                  
00003c81  mspm0_get_clock_ms              
00003cad  __aeabi_i2d                     
00003cad  __floatsidf                     
00003cd9  SYSCFG_DL_SYSCTL_init           
00003dcd  _c_int00_noargs                 
00003df5  __aeabi_ui2f                    
00003df5  __floatunsisf                   
00003e43  DL_I2C_setClockConfig           
00003e69  UART_SendStr                    
00003e91  __aeabi_lmul                    
00003e91  __muldi3                        
00003eb5  OLED_Display_On                 
00003ed7  memccpy                         
00003f19  __aeabi_llsl                    
00003f19  __ashldi3                       
00004019  DL_Timer_setCaptCompUpdateMethod
00004035  DL_Timer_setClockConfig         
00004051  Interrupt_Init                  
0000406d  UART_SendByte                   
00004089  __aeabi_memset                  
00004089  __aeabi_memset4                 
00004089  __aeabi_memset8                 
00004097  __aeabi_memclr                  
00004097  __aeabi_memclr4                 
00004097  __aeabi_memclr8                 
000042e5  DL_Timer_setCaptureCompareOutCtl
000043e1  delay_ms                        
000043f7  __TI_zero_init_nomemset         
000044fd  SysTick_Init                    
00004511  __aeabi_uldivmod                
00004525  DL_UART_setClockConfig          
00004549  TI_memcpy_small                 
0000455b  __TI_decompress_none            
0000458d  DL_Timer_setCaptureCompareValue 
0000459d  Motor_On                        
000045ad  SysTick_Handler                 
000045bd  UART_Init                       
000045cd  wcslen                          
000045dd  SYSCFG_DL_SYSTICK_init          
000045f9  TI_memset_small                 
00004607  Motor_Init                      
00004613  DL_Common_delayCycles           
0000461d  GROUP1_IRQHandler               
0000464b  __aeabi_ddiv                    
00004653  __aeabi_dmul                    
0000465d  __aeabi_errno_addr              
00004665  __aeabi_memcpy                  
00004665  __aeabi_memcpy4                 
00004665  __aeabi_memcpy8                 
0000466d  abort                           
00004673  ADC0_IRQHandler                 
00004673  ADC1_IRQHandler                 
00004673  AES_IRQHandler                  
00004673  CANFD0_IRQHandler               
00004673  DAC0_IRQHandler                 
00004673  DMA_IRQHandler                  
00004673  Default_Handler                 
00004673  GROUP0_IRQHandler               
00004673  HardFault_Handler               
00004673  I2C0_IRQHandler                 
00004673  I2C1_IRQHandler                 
00004673  NMI_Handler                     
00004673  PendSV_Handler                  
00004673  RTC_IRQHandler                  
00004673  SPI0_IRQHandler                 
00004673  SPI1_IRQHandler                 
00004673  SVC_Handler                     
00004673  TIMA0_IRQHandler                
00004673  TIMA1_IRQHandler                
00004673  TIMG0_IRQHandler                
00004673  TIMG12_IRQHandler               
00004673  TIMG6_IRQHandler                
00004673  TIMG7_IRQHandler                
00004673  TIMG8_IRQHandler                
00004673  UART0_IRQHandler                
00004673  UART1_IRQHandler                
00004673  UART2_IRQHandler                
00004673  UART3_IRQHandler                
00004676  C$$EXIT                         
00004677  HOSTexit                        
0000467b  Reset_Handler                   
00004691  _system_pre_init                
000046a0  asc2_1608                       
00004c90  asc2_0806                       
00004ec0  __aeabi_ctype_table_            
00004ec0  __aeabi_ctype_table_C           
00005118  __TI_Handler_Table_Base         
00005124  __TI_Handler_Table_Limit        
0000512c  __TI_CINIT_Base                 
0000513c  __TI_CINIT_Limit                
0000513c  __TI_CINIT_Warm                 
20200000  __start___llvm_prf_bits         
20200000  __start___llvm_prf_cnts         
20200000  __stop___llvm_prf_bits          
20200000  __stop___llvm_prf_cnts          
20200000  gPWM_MotorBackup                
202000c4  start_time                      
202000c8  tick_ms                         
202000cc  g_enc_L_pulses                  
202000ce  g_enc_R_pulses                  
202000d0  __aeabi_errno                   
202000e8  cx                              
202000ea  g_dbg_L                         
202000ec  g_dbg_R                         
202000ee  enable_group1_irq               
202000f5  g_sensor_raw_data               
20207e00  __stack                         
20208000  __STACK_END                     
ffffffff  __TI_pprof_out_hndl             
ffffffff  __TI_prof_data_size             
ffffffff  __TI_prof_data_start            
ffffffff  __binit__                       
ffffffff  binit                           
UNDEFED   __mpu_init                      
UNDEFED   _system_post_cinit              

[229 symbols]
