******************************************************************************
            TI ARM Clang Linker PC v5.1.1                      
******************************************************************************
>> Linked Tue Jul 21 19:25:30 2026

OUTPUT FILE NAME:   <Car_T.out>
ENTRY POINT SYMBOL: "_c_int00_noargs"  address: 000021b5


MEMORY CONFIGURATION

         name            origin    length      used     unused   attr    fill
----------------------  --------  ---------  --------  --------  ----  --------
  FLASH                 00000000   00020000  00002838  0001d7c8  R  X
  SRAM                  20200000   00008000  00000379  00007c87  RW X
  BCR_CONFIG            41c00000   000000ff  00000000  000000ff  R   
  BSL_CONFIG            41c00100   00000080  00000000  00000080  R   


SEGMENT ALLOCATION MAP

run origin  load origin   length   init length attrs members
----------  ----------- ---------- ----------- ----- -------
00000000    00000000    00002838   00002838    r-x
  00000000    00000000    000000c0   000000c0    r-- .intvecs
  000000c0    000000c0    000026a0   000026a0    r-x .text
  00002760    00002760    000000a0   000000a0    r-- .rodata
  00002800    00002800    00000038   00000038    r-- .cinit
20200000    20200000    0000017a   00000000    rw-
  20200000    20200000    00000137   00000000    rw- .bss
  20200138    20200138    00000042   00000000    rw- .data
20207e00    20207e00    00000200   00000000    rw-
  20207e00    20207e00    00000200   00000000    rw- .stack


SECTION ALLOCATION MAP

 output                                  attributes/
section   page    origin      length       input sections
--------  ----  ----------  ----------   ----------------
.intvecs   0    00000000    000000c0     
                  00000000    000000c0     startup_mspm0g350x_ticlang.o (.intvecs)

.text      0    000000c0    000026a0     
                  000000c0    000006c0     empty.o (.text.main)
                  00000780    00000168     motor.o (.text.Set_Speed)
                  000008e8    0000015c     motor.o (.text.Motor_Ctrl_Straight)
                  00000a44    00000140     jy60.o (.text.JY60_ParseByte)
                  00000b84    00000140     motor.o (.text.Motor_Ctrl)
                  00000cc4    00000110     encoder.o (.text.GROUP1_IRQHandler)
                  00000dd4    00000104     driverlib.a : dl_timer.o (.text.DL_Timer_initFourCCPWMMode)
                  00000ed8    000000fc     ti_msp_dl_config.o (.text.SYSCFG_DL_GPIO_init)
                  00000fd4    000000d8     motor.o (.text.Motor_Init_Control)
                  000010ac    000000d8     libclang_rt.builtins.a : addsf3.S.obj (.text)
                  00001184    000000d0     encoder.o (.text.Encoder_Update)
                  00001254    000000d0     PID.o (.text.PID_Update)
                  00001324    000000a8     grayscale_sensor.o (.text.Grayscale_Read_All)
                  000013cc    000000a6     empty.o (.text.sendInt)
                  00001472    00000002     usart.o (.text.USART_Init)
                  00001474    00000090     ti_msp_dl_config.o (.text.SYSCFG_DL_PWM_Motor_init)
                  00001504    0000008e     grayscale_sensor.o (.text.Grayscale_Data_To_CX)
                  00001592    00000002     libclang_rt.builtins.a : aeabi_div0.c.obj (.text.__aeabi_idiv0)
                  00001594    0000008c     encoder.o (.text.Encoder_Init)
                  00001620    0000008c     libclang_rt.builtins.a : comparesf2.S.obj (.text)
                  000016ac    0000008c                            : mulsf3.S.obj (.text)
                  00001738    00000082                            : divsf3.S.obj (.text)
                  000017ba    00000002     --HOLE-- [fill = 0]
                  000017bc    0000007c     ti_msp_dl_config.o (.text.SYSCFG_DL_initPower)
                  00001838    0000007c     libc.a : copy_decompress_lzss.c.obj (.text:decompress:lzss)
                  000018b4    00000078     empty.o (.text.sendFloat)
                  0000192c    00000074     delay.o (.text.delay_us)
                  000019a0    0000005a     libclang_rt.builtins.a : aeabi_fcmp.S.obj (.text)
                  000019fa    00000002     --HOLE-- [fill = 0]
                  000019fc    00000056                            : aeabi_idivmod.S.obj (.text)
                  00001a52    00000002     --HOLE-- [fill = 0]
                  00001a54    0000004c     driverlib.a : dl_dma.o (.text.DL_DMA_initChannel)
                  00001aa0    0000004c     encoder.o (.text.DL_GPIO_initDigitalInputFeatures)
                  00001aec    0000004c     grayscale_sensor.o (.text.DL_GPIO_initDigitalInputFeatures)
                  00001b38    0000004c     jy60.o (.text.DL_GPIO_initDigitalInputFeatures)
                  00001b84    0000004c     ti_msp_dl_config.o (.text.DL_GPIO_initDigitalInputFeatures)
                  00001bd0    0000004c     ti_msp_dl_config.o (.text.DL_UART_setBaudRateDivisor)
                  00001c1c    00000048     driverlib.a : dl_uart.o (.text.DL_UART_init)
                  00001c64    00000048     grayscale_sensor.o (.text.Grayscale_Update)
                  00001cac    00000048     jy60.o (.text.JY60_Init)
                  00001cf4    00000048     motor.o (.text.Motor_Reset_All_PID)
                  00001d3c    00000048     ti_msp_dl_config.o (.text.SYSCFG_DL_UART_0_init)
                  00001d84    00000048     ti_msp_dl_config.o (.text.SYSCFG_DL_UART_JY60_init)
                  00001dcc    00000048     ti_msp_dl_config.o (.text.SYSCFG_DL_UART_Sensor_init)
                  00001e14    00000040     libclang_rt.builtins.a : aeabi_uidivmod.S.obj (.text)
                  00001e54    0000003c     ti_msp_dl_config.o (.text.DL_Timer_setCounterControl)
                  00001e90    0000003c     PID.o (.text.PID_Init)
                  00001ecc    0000003c     usart.o (.text.UART1_IRQHandler)
                  00001f08    0000003c     libc.a : autoinit.c.obj (.text:__TI_auto_init_nobinit_nopinit)
                  00001f44    0000003c     libclang_rt.builtins.a : floatsisf.S.obj (.text)
                  00001f80    0000003a                            : muldsi3.S.obj (.text)
                  00001fba    00000002     --HOLE-- [fill = 0]
                  00001fbc    00000038                            : fixsfsi.S.obj (.text)
                  00001ff4    00000034     grayscale_sensor.o (.text.Grayscale_Sensor_Init)
                  00002028    00000034     ti_msp_dl_config.o (.text.SYSCFG_DL_init)
                  0000205c    0000002c     usart.o (.text.UART0_SendData)
                  00002088    0000002c     encoder.o (.text.__NVIC_ClearPendingIRQ)
                  000020b4    0000002c     jy60.o (.text.__NVIC_ClearPendingIRQ)
                  000020e0    0000002c     encoder.o (.text.__NVIC_EnableIRQ)
                  0000210c    0000002c     jy60.o (.text.__NVIC_EnableIRQ)
                  00002138    0000002a     ti_msp_dl_config.o (.text.SYSCFG_DL_SYSCTL_init)
                  00002162    00000028     ti_msp_dl_config.o (.text.DL_Common_updateReg)
                  0000218a    00000002     --HOLE-- [fill = 0]
                  0000218c    00000028     ti_msp_dl_config.o (.text.DL_SYSTICK_init)
                  000021b4    00000028     libc.a : boot_cortex_m.c.obj (.text:_c_int00_noargs)
                  000021dc    00000024     usart.o (.text.UART0_SendString)
                  00002200    00000020     jy60.o (.text.DL_GPIO_initPeripheralInputFunction)
                  00002220    00000020     ti_msp_dl_config.o (.text.DL_GPIO_initPeripheralInputFunction)
                  00002240    0000001e     ti_msp_dl_config.o (.text.DL_UART_setOversampling)
                  0000225e    00000002     --HOLE-- [fill = 0]
                  00002260    0000001c     encoder.o (.text.DL_GPIO_clearInterruptStatus)
                  0000227c    0000001c     encoder.o (.text.DL_GPIO_enableInterrupt)
                  00002298    0000001c     ti_msp_dl_config.o (.text.DL_GPIO_initPeripheralOutputFunction)
                  000022b4    0000001c     ti_msp_dl_config.o (.text.DL_SYSCTL_setMCLKDivider)
                  000022d0    0000001c     ti_msp_dl_config.o (.text.DL_SYSCTL_setSYSOSCFreq)
                  000022ec    0000001c     ti_msp_dl_config.o (.text.DL_SYSCTL_setULPCLKDivider)
                  00002308    0000001c     driverlib.a : dl_timer.o (.text.DL_Timer_setCaptCompUpdateMethod)
                  00002324    0000001c                 : dl_timer.o (.text.DL_Timer_setClockConfig)
                  00002340    0000001c     jy60.o (.text.DL_UART_enableInterrupt)
                  0000235c    0000001c     ti_msp_dl_config.o (.text.DL_UART_enableInterrupt)
                  00002378    00000018     ti_msp_dl_config.o (.text.DL_GPIO_enableOutput)
                  00002390    00000018     ti_msp_dl_config.o (.text.DL_GPIO_enablePower)
                  000023a8    00000018     encoder.o (.text.DL_GPIO_getEnabledInterruptStatus)
                  000023c0    00000018     ti_msp_dl_config.o (.text.DL_GPIO_initDigitalOutput)
                  000023d8    00000018     ti_msp_dl_config.o (.text.DL_GPIO_reset)
                  000023f0    00000018     empty.o (.text.DL_GPIO_setPins)
                  00002408    00000018     grayscale_sensor.o (.text.DL_GPIO_setPins)
                  00002420    00000018     motor.o (.text.DL_GPIO_setPins)
                  00002438    00000018     ti_msp_dl_config.o (.text.DL_SYSCTL_setBORThreshold)
                  00002450    00000018     ti_msp_dl_config.o (.text.DL_Timer_enablePower)
                  00002468    00000018     ti_msp_dl_config.o (.text.DL_Timer_reset)
                  00002480    00000018     driverlib.a : dl_timer.o (.text.DL_Timer_setCaptureCompareOutCtl)
                  00002498    00000018     empty.o (.text.DL_Timer_startCounter)
                  000024b0    00000018     usart.o (.text.DL_UART_clearInterruptStatus)
                  000024c8    00000018     ti_msp_dl_config.o (.text.DL_UART_enableDMAReceiveEvent)
                  000024e0    00000018     ti_msp_dl_config.o (.text.DL_UART_enablePower)
                  000024f8    00000018     usart.o (.text.DL_UART_getRawInterruptStatus)
                  00002510    00000018     usart.o (.text.DL_UART_isTXFIFOFull)
                  00002528    00000018     ti_msp_dl_config.o (.text.DL_UART_reset)
                  00002540    00000018     ti_msp_dl_config.o (.text.SYSCFG_DL_DMA_CH0_init)
                  00002558    00000016     empty.o (.text.DL_GPIO_readPins)
                  0000256e    00000016     encoder.o (.text.DL_GPIO_readPins)
                  00002584    00000016     grayscale_sensor.o (.text.DL_GPIO_readPins)
                  0000259a    00000016     ti_msp_dl_config.o (.text.DL_UART_enable)
                  000025b0    00000016     usart.o (.text.DL_UART_transmitData)
                  000025c6    00000016     delay.o (.text.delay_ms)
                  000025dc    00000016     libc.a : copy_zero_init.c.obj (.text:decompress:ZI:__TI_zero_init_nomemset)
                  000025f2    00000014     empty.o (.text.DL_GPIO_clearPins)
                  00002606    00000014     grayscale_sensor.o (.text.DL_GPIO_clearPins)
                  0000261a    00000014     motor.o (.text.DL_GPIO_clearPins)
                  0000262e    00000014     ti_msp_dl_config.o (.text.DL_GPIO_clearPins)
                  00002642    00000002     --HOLE-- [fill = 0]
                  00002644    00000014     ti_msp_dl_config.o (.text.DL_SYSCTL_disableSYSPLL)
                  00002658    00000014     ti_msp_dl_config.o (.text.DL_Timer_enableClock)
                  0000266c    00000014     ti_msp_dl_config.o (.text.DL_Timer_setCCPDirection)
                  00002680    00000014     usart.o (.text.DL_UART_receiveData)
                  00002694    00000014     motor.o (.text.Motor_On)
                  000026a8    00000012     driverlib.a : dl_uart.o (.text.DL_UART_setClockConfig)
                  000026ba    00000012     PID.o (.text.PID_Reset)
                  000026cc    00000012     libc.a : memcpy16.S.obj (.text:TI_memcpy_small)
                  000026de    00000012            : copy_decompress_none.c.obj (.text:decompress:none)
                  000026f0    00000010     ti_msp_dl_config.o (.text.DL_SYSCTL_disableHFXT)
                  00002700    00000010     ti_msp_dl_config.o (.text.DL_SYSTICK_enable)
                  00002710    00000010     driverlib.a : dl_timer.o (.text.DL_Timer_setCaptureCompareValue)
                  00002720    0000000e     ti_msp_dl_config.o (.text.SYSCFG_DL_SYSTICK_init)
                  0000272e    0000000a     driverlib.a : dl_common.o (.text.DL_Common_delayCycles)
                  00002738    00000008     ti_msp_dl_config.o (.text.SYSCFG_DL_DMA_init)
                  00002740    00000008     libclang_rt.builtins.a : aeabi_memcpy.S.obj (.text)
                  00002748    00000006     libc.a : exit.c.obj (.text:abort)
                  0000274e    00000004     startup_mspm0g350x_ticlang.o (.text.Default_Handler)
                  00002752    00000004     libsysbm.a : hostexit.c.obj (.text.HOSTexit)
                  00002756    00000004     startup_mspm0g350x_ticlang.o (.text.Reset_Handler)
                  0000275a    00000004     libc.a : pre_init.c.obj (.text._system_pre_init)
                  0000275e    00000002     --HOLE-- [fill = 0]

.cinit     0    00002800    00000038     
                  00002800    0000000d     (.cinit..data.load) [load image, compression = lzss]
                  0000280d    00000003     --HOLE-- [fill = 0]
                  00002810    0000000c     (__TI_handler_table)
                  0000281c    00000008     (.cinit..bss.load) [load image, compression = zero_init]
                  00002824    00000010     (__TI_cinit_table)
                  00002834    00000004     --HOLE-- [fill = 0]

.rodata    0    00002760    000000a0     
                  00002760    00000018     ti_msp_dl_config.o (.rodata.gDMA_CH0Config)
                  00002778    0000000a     ti_msp_dl_config.o (.rodata.gUART_0Config)
                  00002782    0000000a     ti_msp_dl_config.o (.rodata.gUART_JY60Config)
                  0000278c    0000000a     ti_msp_dl_config.o (.rodata.gUART_SensorConfig)
                  00002796    00000009     empty.o (.rodata.str1.7386103758396746866.1)
                  0000279f    00000001     --HOLE-- [fill = 0]
                  000027a0    00000008     ti_msp_dl_config.o (.rodata.gPWM_MotorConfig)
                  000027a8    00000008     empty.o (.rodata.str1.9517790425240694019.1)
                  000027b0    00000007     empty.o (.rodata.str1.150872071346279890.1)
                  000027b7    00000007     empty.o (.rodata.str1.16704889451495720520.1)
                  000027be    00000007     empty.o (.rodata.str1.7401042497206923953.1)
                  000027c5    00000006     empty.o (.rodata.str1.14685083708502177989.1)
                  000027cb    00000005     empty.o (.rodata.str1.11898133897667081452.1)
                  000027d0    00000004     empty.o (.rodata.str1.15706828512682300538.1)
                  000027d4    00000004     empty.o (.rodata.str1.17686411042290499047.1)
                  000027d8    00000004     empty.o (.rodata.str1.2196762768037919588.1)
                  000027dc    00000004     empty.o (.rodata.str1.4000995719088696555.1)
                  000027e0    00000004     empty.o (.rodata.str1.5792233746214848027.1)
                  000027e4    00000004     empty.o (.rodata.str1.9410084661655729462.1)
                  000027e8    00000003     ti_msp_dl_config.o (.rodata.gPWM_MotorClockConfig)
                  000027eb    00000003     empty.o (.rodata.str1.11822412164550770238.1)
                  000027ee    00000003     empty.o (.rodata.str1.15170238581331914936.1)
                  000027f1    00000002     ti_msp_dl_config.o (.rodata.gUART_0ClockConfig)
                  000027f3    00000002     ti_msp_dl_config.o (.rodata.gUART_JY60ClockConfig)
                  000027f5    00000002     ti_msp_dl_config.o (.rodata.gUART_SensorClockConfig)
                  000027f7    00000002     empty.o (.rodata.str1.17669528882079347314.1)
                  000027f9    00000002     empty.o (.rodata.str1.254342170260855183.1)
                  000027fb    00000005     --HOLE-- [fill = 0]

.init_array 
*          0    00000000    00000000     UNINITIALIZED

.binit     0    00000000    00000000     

.bss       0    20200000    00000137     UNINITIALIZED
                  20200000    000000bc     (.common:gPWM_MotorBackup)
                  202000bc    0000001c     (.common:pid_speed_L)
                  202000d8    0000001c     (.common:pid_speed_R)
                  202000f4    0000001c     (.common:pid_steering)
                  20200110    0000001c     (.common:pid_yaw)
                  2020012c    0000000b     jy60.o (.bss.s_frameBuf)

.data      0    20200138    00000042     UNINITIALIZED
                  20200138    00000014     jy60.o (.data.jy60_data)
                  2020014c    00000004     encoder.o (.data.enc_left_count)
                  20200150    00000004     encoder.o (.data.enc_left_count_prev)
                  20200154    00000004     encoder.o (.data.enc_left_filt)
                  20200158    00000004     encoder.o (.data.enc_right_count)
                  2020015c    00000004     encoder.o (.data.enc_right_count_prev)
                  20200160    00000004     encoder.o (.data.enc_right_filt)
                  20200164    00000004     empty.o (.data.main.dbg_tick)
                  20200168    00000004     motor.o (.data.pwm_L_filtered)
                  2020016c    00000004     motor.o (.data.pwm_R_filtered)
                  20200170    00000002     grayscale_sensor.o (.data.cx)
                  20200172    00000002     encoder.o (.data.enc_left_speed)
                  20200174    00000002     encoder.o (.data.enc_right_speed)
                  20200176    00000002     motor.o (.data.turn_adj)
                  20200178    00000001     grayscale_sensor.o (.data.g_sensor_raw_data)
                  20200179    00000001     jy60.o (.data.s_frameIdx)

.stack     0    20207e00    00000200     UNINITIALIZED
                  20207e00    00000004     libc.a : boot_cortex_m.c.obj (.stack)
                  20207e04    000001fc     --HOLE--

__llvm_prf_cnts 
*          0    20200000    00000000     UNINITIALIZED

__llvm_prf_bits 
*          0    20200000    00000000     UNINITIALIZED

MODULE SUMMARY

       Module                         code   ro data   rw data
       ------                         ----   -------   -------
    .\
       empty.o                        2104   83        4      
       ti_msp_dl_config.o             1744   71        188    
       startup_mspm0g350x_ticlang.o   8      192       0      
    +--+------------------------------+------+---------+---------+
       Total:                         3856   346       192    
                                                              
    .\Driver\
       motor.o                        1380   0         122    
       encoder.o                      886    0         28     
       jy60.o                         616    0         32     
       grayscale_sensor.o             576    0         3      
       PID.o                          286    0         0      
    +--+------------------------------+------+---------+---------+
       Total:                         3744   0         185    
                                                              
    .\System\
       usart.o                        256    0         0      
       delay.o                        138    0         0      
    +--+------------------------------+------+---------+---------+
       Total:                         394    0         0      
                                                              
    D:/DOWDLOAD/CCSTUDIO/Sample_Code/source/ti/driverlib/lib/ticlang/m0p/mspm0g1x0x_g3x0x/driverlib.a
       dl_timer.o                     356    0         0      
       dl_uart.o                      90     0         0      
       dl_dma.o                       76     0         0      
       dl_common.o                    10     0         0      
    +--+------------------------------+------+---------+---------+
       Total:                         532    0         0      
                                                              
    D:\DOWDLOAD\CCSTUDIO\ccs\tools\compiler\ti-cgt-armllvm_5.1.1.LTS\lib\armv6m-ti-none-eabi/c/libc.a
       copy_decompress_lzss.c.obj     124    0         0      
       autoinit.c.obj                 60     0         0      
       boot_cortex_m.c.obj            40     0         0      
       copy_zero_init.c.obj           22     0         0      
       copy_decompress_none.c.obj     18     0         0      
       memcpy16.S.obj                 18     0         0      
       exit.c.obj                     6      0         0      
       pre_init.c.obj                 4      0         0      
    +--+------------------------------+------+---------+---------+
       Total:                         292    0         0      
                                                              
    D:\DOWDLOAD\CCSTUDIO\ccs\tools\compiler\ti-cgt-armllvm_5.1.1.LTS\lib\armv6m-ti-none-eabi/c/libsysbm.a
       hostexit.c.obj                 4      0         0      
    +--+------------------------------+------+---------+---------+
       Total:                         4      0         0      
                                                              
    D:\DOWDLOAD\CCSTUDIO\ccs\tools\compiler\ti-cgt-armllvm_5.1.1.LTS\lib\armv6m-ti-none-eabi/libclang_rt.builtins.a
       addsf3.S.obj                   216    0         0      
       comparesf2.S.obj               140    0         0      
       mulsf3.S.obj                   140    0         0      
       divsf3.S.obj                   130    0         0      
       aeabi_fcmp.S.obj               90     0         0      
       aeabi_idivmod.S.obj            86     0         0      
       aeabi_uidivmod.S.obj           64     0         0      
       floatsisf.S.obj                60     0         0      
       muldsi3.S.obj                  58     0         0      
       fixsfsi.S.obj                  56     0         0      
       aeabi_memcpy.S.obj             8      0         0      
       aeabi_div0.c.obj               2      0         0      
    +--+------------------------------+------+---------+---------+
       Total:                         1050   0         0      
                                                              
       Stack:                         0      0         512    
       Linker Generated:              0      49        0      
    +--+------------------------------+------+---------+---------+
       Grand Total:                   9872   395       889    


LINKER GENERATED COPY TABLES

__TI_cinit_table @ 00002824 records: 2, size/record: 8, table size: 16
	.data: load addr=00002800, load size=0000000d bytes, run addr=20200138, run size=00000042 bytes, compression=lzss
	.bss: load addr=0000281c, load size=00000008 bytes, run addr=20200000, run size=00000137 bytes, compression=zero_init


LINKER GENERATED HANDLER TABLE

__TI_handler_table @ 00002810 records: 3, size/record: 4, table size: 12
	index: 0, handler: __TI_decompress_lzss
	index: 1, handler: __TI_decompress_none
	index: 2, handler: __TI_zero_init


GLOBAL SYMBOLS: SORTED ALPHABETICALLY BY Name 

address   name                            
-------   ----                            
0000274f  ADC0_IRQHandler                 
0000274f  ADC1_IRQHandler                 
0000274f  AES_IRQHandler                  
00002752  C$$EXIT                         
0000274f  CANFD0_IRQHandler               
0000274f  DAC0_IRQHandler                 
0000272f  DL_Common_delayCycles           
00001a55  DL_DMA_initChannel              
00000dd5  DL_Timer_initFourCCPWMMode      
00002309  DL_Timer_setCaptCompUpdateMethod
00002481  DL_Timer_setCaptureCompareOutCtl
00002711  DL_Timer_setCaptureCompareValue 
00002325  DL_Timer_setClockConfig         
00001c1d  DL_UART_init                    
000026a9  DL_UART_setClockConfig          
0000274f  DMA_IRQHandler                  
0000274f  Default_Handler                 
00001595  Encoder_Init                    
00001185  Encoder_Update                  
0000274f  GROUP0_IRQHandler               
00000cc5  GROUP1_IRQHandler               
00001ff5  Grayscale_Sensor_Init           
00001c65  Grayscale_Update                
00002753  HOSTexit                        
0000274f  HardFault_Handler               
0000274f  I2C0_IRQHandler                 
0000274f  I2C1_IRQHandler                 
00001cad  JY60_Init                       
00000a45  JY60_ParseByte                  
00000b85  Motor_Ctrl                      
000008e9  Motor_Ctrl_Straight             
00000fd5  Motor_Init_Control              
00002695  Motor_On                        
00001cf5  Motor_Reset_All_PID             
0000274f  NMI_Handler                     
00001e91  PID_Init                        
000026bb  PID_Reset                       
00001255  PID_Update                      
0000274f  PendSV_Handler                  
0000274f  RTC_IRQHandler                  
00002757  Reset_Handler                   
0000274f  SPI0_IRQHandler                 
0000274f  SPI1_IRQHandler                 
0000274f  SVC_Handler                     
00002541  SYSCFG_DL_DMA_CH0_init          
00002739  SYSCFG_DL_DMA_init              
00000ed9  SYSCFG_DL_GPIO_init             
00001475  SYSCFG_DL_PWM_Motor_init        
00002139  SYSCFG_DL_SYSCTL_init           
00002721  SYSCFG_DL_SYSTICK_init          
00001d3d  SYSCFG_DL_UART_0_init           
00001d85  SYSCFG_DL_UART_JY60_init        
00001dcd  SYSCFG_DL_UART_Sensor_init      
00002029  SYSCFG_DL_init                  
000017bd  SYSCFG_DL_initPower             
00000781  Set_Speed                       
0000274f  SysTick_Handler                 
0000274f  TIMA0_IRQHandler                
0000274f  TIMA1_IRQHandler                
0000274f  TIMG0_IRQHandler                
0000274f  TIMG12_IRQHandler               
0000274f  TIMG6_IRQHandler                
0000274f  TIMG7_IRQHandler                
0000274f  TIMG8_IRQHandler                
000026cd  TI_memcpy_small                 
0000274f  UART0_IRQHandler                
0000205d  UART0_SendData                  
000021dd  UART0_SendString                
00001ecd  UART1_IRQHandler                
0000274f  UART2_IRQHandler                
0000274f  UART3_IRQHandler                
00001473  USART_Init                      
20208000  __STACK_END                     
00000200  __STACK_SIZE                    
00000000  __TI_ATRegion0_region_sz        
00000000  __TI_ATRegion0_src_addr         
00000000  __TI_ATRegion0_trg_addr         
00000000  __TI_ATRegion1_region_sz        
00000000  __TI_ATRegion1_src_addr         
00000000  __TI_ATRegion1_trg_addr         
00000000  __TI_ATRegion2_region_sz        
00000000  __TI_ATRegion2_src_addr         
00000000  __TI_ATRegion2_trg_addr         
00002824  __TI_CINIT_Base                 
00002834  __TI_CINIT_Limit                
00002834  __TI_CINIT_Warm                 
00002810  __TI_Handler_Table_Base         
0000281c  __TI_Handler_Table_Limit        
00001f09  __TI_auto_init_nobinit_nopinit  
00001839  __TI_decompress_lzss            
000026df  __TI_decompress_none            
ffffffff  __TI_pprof_out_hndl             
ffffffff  __TI_prof_data_size             
ffffffff  __TI_prof_data_start            
00000000  __TI_static_base__              
000025dd  __TI_zero_init_nomemset         
000010b7  __addsf3                        
00001fbd  __aeabi_f2iz                    
000010b7  __aeabi_fadd                    
000019a1  __aeabi_fcmpeq                  
000019d7  __aeabi_fcmpge                  
000019e9  __aeabi_fcmpgt                  
000019c5  __aeabi_fcmple                  
000019b3  __aeabi_fcmplt                  
00001697  __aeabi_fcmpun                  
00001739  __aeabi_fdiv                    
000016ad  __aeabi_fmul                    
000010ad  __aeabi_fsub                    
00001f45  __aeabi_i2f                     
000019fd  __aeabi_idiv                    
00001593  __aeabi_idiv0                   
000019fd  __aeabi_idivmod                 
00002741  __aeabi_memcpy                  
00002741  __aeabi_memcpy4                 
00002741  __aeabi_memcpy8                 
00001e15  __aeabi_uidiv                   
00001e15  __aeabi_uidivmod                
ffffffff  __binit__                       
00001621  __cmpsf2                        
00001739  __divsf3                        
00001621  __eqsf2                         
00001fbd  __fixsfsi                       
00001f45  __floatsisf                     
0000165b  __gesf2                         
0000165b  __gtsf2                         
00001621  __lesf2                         
00001621  __ltsf2                         
UNDEFED   __mpu_init                      
00001f81  __muldsi3                       
000016ad  __mulsf3                        
00001621  __nesf2                         
20207e00  __stack                         
20200000  __start___llvm_prf_bits         
20200000  __start___llvm_prf_cnts         
20200000  __stop___llvm_prf_bits          
20200000  __stop___llvm_prf_cnts          
000010ad  __subsf3                        
00001697  __unordsf2                      
000021b5  _c_int00_noargs                 
UNDEFED   _system_post_cinit              
0000275b  _system_pre_init                
00002749  abort                           
ffffffff  binit                           
20200170  cx                              
000025c7  delay_ms                        
0000192d  delay_us                        
2020014c  enc_left_count                  
20200172  enc_left_speed                  
20200158  enc_right_count                 
20200174  enc_right_speed                 
20200000  gPWM_MotorBackup                
20200178  g_sensor_raw_data               
00000000  interruptVectors                
20200138  jy60_data                       
000000c1  main                            
202000bc  pid_speed_L                     
202000d8  pid_speed_R                     
202000f4  pid_steering                    
20200110  pid_yaw                         
20200176  turn_adj                        


GLOBAL SYMBOLS: SORTED BY Symbol Address 

address   name                            
-------   ----                            
00000000  __TI_ATRegion0_region_sz        
00000000  __TI_ATRegion0_src_addr         
00000000  __TI_ATRegion0_trg_addr         
00000000  __TI_ATRegion1_region_sz        
00000000  __TI_ATRegion1_src_addr         
00000000  __TI_ATRegion1_trg_addr         
00000000  __TI_ATRegion2_region_sz        
00000000  __TI_ATRegion2_src_addr         
00000000  __TI_ATRegion2_trg_addr         
00000000  __TI_static_base__              
00000000  interruptVectors                
000000c1  main                            
00000200  __STACK_SIZE                    
00000781  Set_Speed                       
000008e9  Motor_Ctrl_Straight             
00000a45  JY60_ParseByte                  
00000b85  Motor_Ctrl                      
00000cc5  GROUP1_IRQHandler               
00000dd5  DL_Timer_initFourCCPWMMode      
00000ed9  SYSCFG_DL_GPIO_init             
00000fd5  Motor_Init_Control              
000010ad  __aeabi_fsub                    
000010ad  __subsf3                        
000010b7  __addsf3                        
000010b7  __aeabi_fadd                    
00001185  Encoder_Update                  
00001255  PID_Update                      
00001473  USART_Init                      
00001475  SYSCFG_DL_PWM_Motor_init        
00001593  __aeabi_idiv0                   
00001595  Encoder_Init                    
00001621  __cmpsf2                        
00001621  __eqsf2                         
00001621  __lesf2                         
00001621  __ltsf2                         
00001621  __nesf2                         
0000165b  __gesf2                         
0000165b  __gtsf2                         
00001697  __aeabi_fcmpun                  
00001697  __unordsf2                      
000016ad  __aeabi_fmul                    
000016ad  __mulsf3                        
00001739  __aeabi_fdiv                    
00001739  __divsf3                        
000017bd  SYSCFG_DL_initPower             
00001839  __TI_decompress_lzss            
0000192d  delay_us                        
000019a1  __aeabi_fcmpeq                  
000019b3  __aeabi_fcmplt                  
000019c5  __aeabi_fcmple                  
000019d7  __aeabi_fcmpge                  
000019e9  __aeabi_fcmpgt                  
000019fd  __aeabi_idiv                    
000019fd  __aeabi_idivmod                 
00001a55  DL_DMA_initChannel              
00001c1d  DL_UART_init                    
00001c65  Grayscale_Update                
00001cad  JY60_Init                       
00001cf5  Motor_Reset_All_PID             
00001d3d  SYSCFG_DL_UART_0_init           
00001d85  SYSCFG_DL_UART_JY60_init        
00001dcd  SYSCFG_DL_UART_Sensor_init      
00001e15  __aeabi_uidiv                   
00001e15  __aeabi_uidivmod                
00001e91  PID_Init                        
00001ecd  UART1_IRQHandler                
00001f09  __TI_auto_init_nobinit_nopinit  
00001f45  __aeabi_i2f                     
00001f45  __floatsisf                     
00001f81  __muldsi3                       
00001fbd  __aeabi_f2iz                    
00001fbd  __fixsfsi                       
00001ff5  Grayscale_Sensor_Init           
00002029  SYSCFG_DL_init                  
0000205d  UART0_SendData                  
00002139  SYSCFG_DL_SYSCTL_init           
000021b5  _c_int00_noargs                 
000021dd  UART0_SendString                
00002309  DL_Timer_setCaptCompUpdateMethod
00002325  DL_Timer_setClockConfig         
00002481  DL_Timer_setCaptureCompareOutCtl
00002541  SYSCFG_DL_DMA_CH0_init          
000025c7  delay_ms                        
000025dd  __TI_zero_init_nomemset         
00002695  Motor_On                        
000026a9  DL_UART_setClockConfig          
000026bb  PID_Reset                       
000026cd  TI_memcpy_small                 
000026df  __TI_decompress_none            
00002711  DL_Timer_setCaptureCompareValue 
00002721  SYSCFG_DL_SYSTICK_init          
0000272f  DL_Common_delayCycles           
00002739  SYSCFG_DL_DMA_init              
00002741  __aeabi_memcpy                  
00002741  __aeabi_memcpy4                 
00002741  __aeabi_memcpy8                 
00002749  abort                           
0000274f  ADC0_IRQHandler                 
0000274f  ADC1_IRQHandler                 
0000274f  AES_IRQHandler                  
0000274f  CANFD0_IRQHandler               
0000274f  DAC0_IRQHandler                 
0000274f  DMA_IRQHandler                  
0000274f  Default_Handler                 
0000274f  GROUP0_IRQHandler               
0000274f  HardFault_Handler               
0000274f  I2C0_IRQHandler                 
0000274f  I2C1_IRQHandler                 
0000274f  NMI_Handler                     
0000274f  PendSV_Handler                  
0000274f  RTC_IRQHandler                  
0000274f  SPI0_IRQHandler                 
0000274f  SPI1_IRQHandler                 
0000274f  SVC_Handler                     
0000274f  SysTick_Handler                 
0000274f  TIMA0_IRQHandler                
0000274f  TIMA1_IRQHandler                
0000274f  TIMG0_IRQHandler                
0000274f  TIMG12_IRQHandler               
0000274f  TIMG6_IRQHandler                
0000274f  TIMG7_IRQHandler                
0000274f  TIMG8_IRQHandler                
0000274f  UART0_IRQHandler                
0000274f  UART2_IRQHandler                
0000274f  UART3_IRQHandler                
00002752  C$$EXIT                         
00002753  HOSTexit                        
00002757  Reset_Handler                   
0000275b  _system_pre_init                
00002810  __TI_Handler_Table_Base         
0000281c  __TI_Handler_Table_Limit        
00002824  __TI_CINIT_Base                 
00002834  __TI_CINIT_Limit                
00002834  __TI_CINIT_Warm                 
20200000  __start___llvm_prf_bits         
20200000  __start___llvm_prf_cnts         
20200000  __stop___llvm_prf_bits          
20200000  __stop___llvm_prf_cnts          
20200000  gPWM_MotorBackup                
202000bc  pid_speed_L                     
202000d8  pid_speed_R                     
202000f4  pid_steering                    
20200110  pid_yaw                         
20200138  jy60_data                       
2020014c  enc_left_count                  
20200158  enc_right_count                 
20200170  cx                              
20200172  enc_left_speed                  
20200174  enc_right_speed                 
20200176  turn_adj                        
20200178  g_sensor_raw_data               
20207e00  __stack                         
20208000  __STACK_END                     
ffffffff  __TI_pprof_out_hndl             
ffffffff  __TI_prof_data_size             
ffffffff  __TI_prof_data_start            
ffffffff  __binit__                       
ffffffff  binit                           
UNDEFED   __mpu_init                      
UNDEFED   _system_post_cinit              

[160 symbols]
