<?xml version="1.0" encoding="ISO-8859-1" ?>
<link_info>
   <banner>TI ARM Clang Linker PC v5.1.1.LTS</banner>
   <copyright>Copyright (c) 1996-2018 Texas Instruments Incorporated</copyright>
   <command_line>D:\DOWDLOAD\CCSTUDIO\ccs\tools\compiler\ti-cgt-armllvm_5.1.1.LTS\bin\tiarmlnk -ID:\DOWDLOAD\CCSTUDIO\ccs\tools\compiler\ti-cgt-armllvm_5.1.1.LTS\lib -o Car_test.out --cg_opt_level=0 -mCar_test.map -iD:/DOWDLOAD/CCSTUDIO/Sample_Code/source -iE:/MCU/MSP/My_WorkSpace/Car_test -iE:/MCU/MSP/My_WorkSpace/Car_test/Debug/syscfg -iD:/DOWDLOAD/CCSTUDIO/ccs/tools/compiler/ti-cgt-armllvm_5.1.1.LTS/lib --diag_wrap=off --display_error_number --warn_sections --xml_link_info=Car_test_linkInfo.xml --rom_model ./empty.o ./ti_msp_dl_config.o ./startup_mspm0g350x_ticlang.o ./Driver/CY_Z.o ./Driver/Encoder.o ./Driver/Motor_Control.o ./Driver/PID.o ./Driver/grayscale_sensor.o ./Driver/motor.o ./Driver/OLED/OLED.o ./System/Key.o ./System/clock.o ./System/delay.o ./System/interrupt.o ./System/uart.o -l./device_linker.cmd -ldevice.cmd.genlibs -llibc.a --start-group -llibc++.a -llibc++abi.a -llibc.a -llibsys.a -llibsysbm.a -llibclang_rt.builtins.a -llibclang_rt.profile.a --end-group</command_line>
   <link_time>0x6a6371fb</link_time>
   <link_errors>0x0</link_errors>
   <output_file>E:\MCU\MSP\My_WorkSpace\Car_test\Debug\Car_test.out</output_file>
   <entry_point>
      <name>_c_int00_noargs</name>
      <address>0x4345</address>
   </entry_point>
   <input_file_list>
      <input_file id="fl-1">
         <path>E:\MCU\MSP\My_WorkSpace\Car_test\Debug\.\</path>
         <kind>object</kind>
         <file>empty.o</file>
         <name>empty.o</name>
      </input_file>
      <input_file id="fl-2">
         <path>E:\MCU\MSP\My_WorkSpace\Car_test\Debug\.\</path>
         <kind>object</kind>
         <file>ti_msp_dl_config.o</file>
         <name>ti_msp_dl_config.o</name>
      </input_file>
      <input_file id="fl-3">
         <path>E:\MCU\MSP\My_WorkSpace\Car_test\Debug\.\</path>
         <kind>object</kind>
         <file>startup_mspm0g350x_ticlang.o</file>
         <name>startup_mspm0g350x_ticlang.o</name>
      </input_file>
      <input_file id="fl-4">
         <path>E:\MCU\MSP\My_WorkSpace\Car_test\Debug\.\Driver\</path>
         <kind>object</kind>
         <file>CY_Z.o</file>
         <name>CY_Z.o</name>
      </input_file>
      <input_file id="fl-5">
         <path>E:\MCU\MSP\My_WorkSpace\Car_test\Debug\.\Driver\</path>
         <kind>object</kind>
         <file>Encoder.o</file>
         <name>Encoder.o</name>
      </input_file>
      <input_file id="fl-6">
         <path>E:\MCU\MSP\My_WorkSpace\Car_test\Debug\.\Driver\</path>
         <kind>object</kind>
         <file>Motor_Control.o</file>
         <name>Motor_Control.o</name>
      </input_file>
      <input_file id="fl-7">
         <path>E:\MCU\MSP\My_WorkSpace\Car_test\Debug\.\Driver\</path>
         <kind>object</kind>
         <file>PID.o</file>
         <name>PID.o</name>
      </input_file>
      <input_file id="fl-8">
         <path>E:\MCU\MSP\My_WorkSpace\Car_test\Debug\.\Driver\</path>
         <kind>object</kind>
         <file>grayscale_sensor.o</file>
         <name>grayscale_sensor.o</name>
      </input_file>
      <input_file id="fl-9">
         <path>E:\MCU\MSP\My_WorkSpace\Car_test\Debug\.\Driver\</path>
         <kind>object</kind>
         <file>motor.o</file>
         <name>motor.o</name>
      </input_file>
      <input_file id="fl-a">
         <path>E:\MCU\MSP\My_WorkSpace\Car_test\Debug\.\Driver\OLED\</path>
         <kind>object</kind>
         <file>OLED.o</file>
         <name>OLED.o</name>
      </input_file>
      <input_file id="fl-b">
         <path>E:\MCU\MSP\My_WorkSpace\Car_test\Debug\.\System\</path>
         <kind>object</kind>
         <file>Key.o</file>
         <name>Key.o</name>
      </input_file>
      <input_file id="fl-c">
         <path>E:\MCU\MSP\My_WorkSpace\Car_test\Debug\.\System\</path>
         <kind>object</kind>
         <file>clock.o</file>
         <name>clock.o</name>
      </input_file>
      <input_file id="fl-d">
         <path>E:\MCU\MSP\My_WorkSpace\Car_test\Debug\.\System\</path>
         <kind>object</kind>
         <file>delay.o</file>
         <name>delay.o</name>
      </input_file>
      <input_file id="fl-e">
         <path>E:\MCU\MSP\My_WorkSpace\Car_test\Debug\.\System\</path>
         <kind>object</kind>
         <file>interrupt.o</file>
         <name>interrupt.o</name>
      </input_file>
      <input_file id="fl-f">
         <path>E:\MCU\MSP\My_WorkSpace\Car_test\Debug\.\System\</path>
         <kind>object</kind>
         <file>uart.o</file>
         <name>uart.o</name>
      </input_file>
      <input_file id="fl-1c">
         <path>E:\MCU\MSP\My_WorkSpace\Car_test\Debug\</path>
         <kind>object</kind>
         <file>&lt;internal&gt;</file>
         <name>&lt;internal&gt;</name>
      </input_file>
      <input_file id="fl-1d">
         <path>D:\DOWDLOAD\CCSTUDIO\Sample_Code\source\ti\driverlib\lib\ticlang\m0p\mspm0g1x0x_g3x0x\</path>
         <kind>archive</kind>
         <file>driverlib.a</file>
         <name>dl_common.o</name>
      </input_file>
      <input_file id="fl-1e">
         <path>D:\DOWDLOAD\CCSTUDIO\Sample_Code\source\ti\driverlib\lib\ticlang\m0p\mspm0g1x0x_g3x0x\</path>
         <kind>archive</kind>
         <file>driverlib.a</file>
         <name>dl_i2c.o</name>
      </input_file>
      <input_file id="fl-1f">
         <path>D:\DOWDLOAD\CCSTUDIO\Sample_Code\source\ti\driverlib\lib\ticlang\m0p\mspm0g1x0x_g3x0x\</path>
         <kind>archive</kind>
         <file>driverlib.a</file>
         <name>dl_timer.o</name>
      </input_file>
      <input_file id="fl-20">
         <path>D:\DOWDLOAD\CCSTUDIO\Sample_Code\source\ti\driverlib\lib\ticlang\m0p\mspm0g1x0x_g3x0x\</path>
         <kind>archive</kind>
         <file>driverlib.a</file>
         <name>dl_uart.o</name>
      </input_file>
      <input_file id="fl-3d">
         <path>D:\DOWDLOAD\CCSTUDIO\ccs\tools\compiler\ti-cgt-armllvm_5.1.1.LTS\lib\armv6m-ti-none-eabi\c\</path>
         <kind>archive</kind>
         <file>libc.a</file>
         <name>snprintf.c.obj</name>
      </input_file>
      <input_file id="fl-3e">
         <path>D:\DOWDLOAD\CCSTUDIO\ccs\tools\compiler\ti-cgt-armllvm_5.1.1.LTS\lib\armv6m-ti-none-eabi\c\</path>
         <kind>archive</kind>
         <file>libc.a</file>
         <name>vsnprintf.c.obj</name>
      </input_file>
      <input_file id="fl-3f">
         <path>D:\DOWDLOAD\CCSTUDIO\ccs\tools\compiler\ti-cgt-armllvm_5.1.1.LTS\lib\armv6m-ti-none-eabi\c\</path>
         <kind>archive</kind>
         <file>libc.a</file>
         <name>boot_cortex_m.c.obj</name>
      </input_file>
      <input_file id="fl-40">
         <path>D:\DOWDLOAD\CCSTUDIO\ccs\tools\compiler\ti-cgt-armllvm_5.1.1.LTS\lib\armv6m-ti-none-eabi\c\</path>
         <kind>archive</kind>
         <file>libc.a</file>
         <name>mathacl_init.c.obj</name>
      </input_file>
      <input_file id="fl-41">
         <path>D:\DOWDLOAD\CCSTUDIO\ccs\tools\compiler\ti-cgt-armllvm_5.1.1.LTS\lib\armv6m-ti-none-eabi\c\</path>
         <kind>archive</kind>
         <file>libc.a</file>
         <name>autoinit.c.obj</name>
      </input_file>
      <input_file id="fl-42">
         <path>D:\DOWDLOAD\CCSTUDIO\ccs\tools\compiler\ti-cgt-armllvm_5.1.1.LTS\lib\armv6m-ti-none-eabi\c\</path>
         <kind>archive</kind>
         <file>libc.a</file>
         <name>pre_init.c.obj</name>
      </input_file>
      <input_file id="fl-43">
         <path>D:\DOWDLOAD\CCSTUDIO\ccs\tools\compiler\ti-cgt-armllvm_5.1.1.LTS\lib\armv6m-ti-none-eabi\c\</path>
         <kind>archive</kind>
         <file>libc.a</file>
         <name>cpy_tbl.c.obj</name>
      </input_file>
      <input_file id="fl-44">
         <path>D:\DOWDLOAD\CCSTUDIO\ccs\tools\compiler\ti-cgt-armllvm_5.1.1.LTS\lib\armv6m-ti-none-eabi\c\</path>
         <kind>archive</kind>
         <file>libc.a</file>
         <name>copy_zero_init.c.obj</name>
      </input_file>
      <input_file id="fl-45">
         <path>D:\DOWDLOAD\CCSTUDIO\ccs\tools\compiler\ti-cgt-armllvm_5.1.1.LTS\lib\armv6m-ti-none-eabi\c\</path>
         <kind>archive</kind>
         <file>libc.a</file>
         <name>copy_decompress_none.c.obj</name>
      </input_file>
      <input_file id="fl-46">
         <path>D:\DOWDLOAD\CCSTUDIO\ccs\tools\compiler\ti-cgt-armllvm_5.1.1.LTS\lib\armv6m-ti-none-eabi\c\</path>
         <kind>archive</kind>
         <file>libc.a</file>
         <name>copy_decompress_lzss.c.obj</name>
      </input_file>
      <input_file id="fl-47">
         <path>D:\DOWDLOAD\CCSTUDIO\ccs\tools\compiler\ti-cgt-armllvm_5.1.1.LTS\lib\armv6m-ti-none-eabi\c\</path>
         <kind>archive</kind>
         <file>libc.a</file>
         <name>_printfi.c.obj</name>
      </input_file>
      <input_file id="fl-48">
         <path>D:\DOWDLOAD\CCSTUDIO\ccs\tools\compiler\ti-cgt-armllvm_5.1.1.LTS\lib\armv6m-ti-none-eabi\c\</path>
         <kind>archive</kind>
         <file>libc.a</file>
         <name>aeabi_portable.c.obj</name>
      </input_file>
      <input_file id="fl-49">
         <path>D:\DOWDLOAD\CCSTUDIO\ccs\tools\compiler\ti-cgt-armllvm_5.1.1.LTS\lib\armv6m-ti-none-eabi\c\</path>
         <kind>archive</kind>
         <file>libc.a</file>
         <name>exit.c.obj</name>
      </input_file>
      <input_file id="fl-4a">
         <path>D:\DOWDLOAD\CCSTUDIO\ccs\tools\compiler\ti-cgt-armllvm_5.1.1.LTS\lib\armv6m-ti-none-eabi\c\</path>
         <kind>archive</kind>
         <file>libc.a</file>
         <name>_lock.c.obj</name>
      </input_file>
      <input_file id="fl-4b">
         <path>D:\DOWDLOAD\CCSTUDIO\ccs\tools\compiler\ti-cgt-armllvm_5.1.1.LTS\lib\armv6m-ti-none-eabi\c\</path>
         <kind>archive</kind>
         <file>libc.a</file>
         <name>_ltoa.c.obj</name>
      </input_file>
      <input_file id="fl-4c">
         <path>D:\DOWDLOAD\CCSTUDIO\ccs\tools\compiler\ti-cgt-armllvm_5.1.1.LTS\lib\armv6m-ti-none-eabi\c\</path>
         <kind>archive</kind>
         <file>libc.a</file>
         <name>args_main.c.obj</name>
      </input_file>
      <input_file id="fl-4d">
         <path>D:\DOWDLOAD\CCSTUDIO\ccs\tools\compiler\ti-cgt-armllvm_5.1.1.LTS\lib\armv6m-ti-none-eabi\c\</path>
         <kind>archive</kind>
         <file>libc.a</file>
         <name>assert.c.obj</name>
      </input_file>
      <input_file id="fl-4e">
         <path>D:\DOWDLOAD\CCSTUDIO\ccs\tools\compiler\ti-cgt-armllvm_5.1.1.LTS\lib\armv6m-ti-none-eabi\c\</path>
         <kind>archive</kind>
         <file>libc.a</file>
         <name>atoi.c.obj</name>
      </input_file>
      <input_file id="fl-4f">
         <path>D:\DOWDLOAD\CCSTUDIO\ccs\tools\compiler\ti-cgt-armllvm_5.1.1.LTS\lib\armv6m-ti-none-eabi\c\</path>
         <kind>archive</kind>
         <file>libc.a</file>
         <name>defs.c.obj</name>
      </input_file>
      <input_file id="fl-50">
         <path>D:\DOWDLOAD\CCSTUDIO\ccs\tools\compiler\ti-cgt-armllvm_5.1.1.LTS\lib\armv6m-ti-none-eabi\c\</path>
         <kind>archive</kind>
         <file>libc.a</file>
         <name>memccpy.c.obj</name>
      </input_file>
      <input_file id="fl-51">
         <path>D:\DOWDLOAD\CCSTUDIO\ccs\tools\compiler\ti-cgt-armllvm_5.1.1.LTS\lib\armv6m-ti-none-eabi\c\</path>
         <kind>archive</kind>
         <file>libc.a</file>
         <name>memory.c.obj</name>
      </input_file>
      <input_file id="fl-52">
         <path>D:\DOWDLOAD\CCSTUDIO\ccs\tools\compiler\ti-cgt-armllvm_5.1.1.LTS\lib\armv6m-ti-none-eabi\c\</path>
         <kind>archive</kind>
         <file>libc.a</file>
         <name>s_frexp.c.obj</name>
      </input_file>
      <input_file id="fl-53">
         <path>D:\DOWDLOAD\CCSTUDIO\ccs\tools\compiler\ti-cgt-armllvm_5.1.1.LTS\lib\armv6m-ti-none-eabi\c\</path>
         <kind>archive</kind>
         <file>libc.a</file>
         <name>s_scalbn.c.obj</name>
      </input_file>
      <input_file id="fl-54">
         <path>D:\DOWDLOAD\CCSTUDIO\ccs\tools\compiler\ti-cgt-armllvm_5.1.1.LTS\lib\armv6m-ti-none-eabi\c\</path>
         <kind>archive</kind>
         <file>libc.a</file>
         <name>wcslen.c.obj</name>
      </input_file>
      <input_file id="fl-55">
         <path>D:\DOWDLOAD\CCSTUDIO\ccs\tools\compiler\ti-cgt-armllvm_5.1.1.LTS\lib\armv6m-ti-none-eabi\c\</path>
         <kind>archive</kind>
         <file>libc.a</file>
         <name>sprintf.c.obj</name>
      </input_file>
      <input_file id="fl-56">
         <path>D:\DOWDLOAD\CCSTUDIO\ccs\tools\compiler\ti-cgt-armllvm_5.1.1.LTS\lib\armv6m-ti-none-eabi\c\</path>
         <kind>archive</kind>
         <file>libc.a</file>
         <name>fflush.c.obj</name>
      </input_file>
      <input_file id="fl-57">
         <path>D:\DOWDLOAD\CCSTUDIO\ccs\tools\compiler\ti-cgt-armllvm_5.1.1.LTS\lib\armv6m-ti-none-eabi\c\</path>
         <kind>archive</kind>
         <file>libc.a</file>
         <name>fputs.c.obj</name>
      </input_file>
      <input_file id="fl-58">
         <path>D:\DOWDLOAD\CCSTUDIO\ccs\tools\compiler\ti-cgt-armllvm_5.1.1.LTS\lib\armv6m-ti-none-eabi\c\</path>
         <kind>archive</kind>
         <file>libc.a</file>
         <name>_io_perm.c.obj</name>
      </input_file>
      <input_file id="fl-59">
         <path>D:\DOWDLOAD\CCSTUDIO\ccs\tools\compiler\ti-cgt-armllvm_5.1.1.LTS\lib\armv6m-ti-none-eabi\c\</path>
         <kind>archive</kind>
         <file>libc.a</file>
         <name>setvbuf.c.obj</name>
      </input_file>
      <input_file id="fl-5a">
         <path>D:\DOWDLOAD\CCSTUDIO\ccs\tools\compiler\ti-cgt-armllvm_5.1.1.LTS\lib\armv6m-ti-none-eabi\c\</path>
         <kind>archive</kind>
         <file>libc.a</file>
         <name>aeabi_ctype.S.obj</name>
      </input_file>
      <input_file id="fl-5b">
         <path>D:\DOWDLOAD\CCSTUDIO\ccs\tools\compiler\ti-cgt-armllvm_5.1.1.LTS\lib\armv6m-ti-none-eabi\c\</path>
         <kind>archive</kind>
         <file>libc.a</file>
         <name>fopen.c.obj</name>
      </input_file>
      <input_file id="fl-5c">
         <path>D:\DOWDLOAD\CCSTUDIO\ccs\tools\compiler\ti-cgt-armllvm_5.1.1.LTS\lib\armv6m-ti-none-eabi\c\</path>
         <kind>archive</kind>
         <file>libc.a</file>
         <name>fseek.c.obj</name>
      </input_file>
      <input_file id="fl-5d">
         <path>D:\DOWDLOAD\CCSTUDIO\ccs\tools\compiler\ti-cgt-armllvm_5.1.1.LTS\lib\armv6m-ti-none-eabi\c\</path>
         <kind>archive</kind>
         <file>libc.a</file>
         <name>fclose.c.obj</name>
      </input_file>
      <input_file id="fl-151">
         <path>D:\DOWDLOAD\CCSTUDIO\ccs\tools\compiler\ti-cgt-armllvm_5.1.1.LTS\lib\armv6m-ti-none-eabi\c\</path>
         <kind>archive</kind>
         <file>libsysbm.a</file>
         <name>hostexit.c.obj</name>
      </input_file>
      <input_file id="fl-152">
         <path>D:\DOWDLOAD\CCSTUDIO\ccs\tools\compiler\ti-cgt-armllvm_5.1.1.LTS\lib\armv6m-ti-none-eabi\c\</path>
         <kind>archive</kind>
         <file>libsysbm.a</file>
         <name>write.c.obj</name>
      </input_file>
      <input_file id="fl-153">
         <path>D:\DOWDLOAD\CCSTUDIO\ccs\tools\compiler\ti-cgt-armllvm_5.1.1.LTS\lib\armv6m-ti-none-eabi\c\</path>
         <kind>archive</kind>
         <file>libsysbm.a</file>
         <name>host_device.c.obj</name>
      </input_file>
      <input_file id="fl-154">
         <path>D:\DOWDLOAD\CCSTUDIO\ccs\tools\compiler\ti-cgt-armllvm_5.1.1.LTS\lib\armv6m-ti-none-eabi\c\</path>
         <kind>archive</kind>
         <file>libsysbm.a</file>
         <name>remove.c.obj</name>
      </input_file>
      <input_file id="fl-155">
         <path>D:\DOWDLOAD\CCSTUDIO\ccs\tools\compiler\ti-cgt-armllvm_5.1.1.LTS\lib\armv6m-ti-none-eabi\c\</path>
         <kind>archive</kind>
         <file>libsysbm.a</file>
         <name>open.c.obj</name>
      </input_file>
      <input_file id="fl-156">
         <path>D:\DOWDLOAD\CCSTUDIO\ccs\tools\compiler\ti-cgt-armllvm_5.1.1.LTS\lib\armv6m-ti-none-eabi\c\</path>
         <kind>archive</kind>
         <file>libsysbm.a</file>
         <name>lseek.c.obj</name>
      </input_file>
      <input_file id="fl-157">
         <path>D:\DOWDLOAD\CCSTUDIO\ccs\tools\compiler\ti-cgt-armllvm_5.1.1.LTS\lib\armv6m-ti-none-eabi\c\</path>
         <kind>archive</kind>
         <file>libsysbm.a</file>
         <name>close.c.obj</name>
      </input_file>
      <input_file id="fl-158">
         <path>D:\DOWDLOAD\CCSTUDIO\ccs\tools\compiler\ti-cgt-armllvm_5.1.1.LTS\lib\armv6m-ti-none-eabi\c\</path>
         <kind>archive</kind>
         <file>libsysbm.a</file>
         <name>unlink.c.obj</name>
      </input_file>
      <input_file id="fl-159">
         <path>D:\DOWDLOAD\CCSTUDIO\ccs\tools\compiler\ti-cgt-armllvm_5.1.1.LTS\lib\armv6m-ti-none-eabi\c\</path>
         <kind>archive</kind>
         <file>libsysbm.a</file>
         <name>hostclose.c.obj</name>
      </input_file>
      <input_file id="fl-15a">
         <path>D:\DOWDLOAD\CCSTUDIO\ccs\tools\compiler\ti-cgt-armllvm_5.1.1.LTS\lib\armv6m-ti-none-eabi\c\</path>
         <kind>archive</kind>
         <file>libsysbm.a</file>
         <name>hostlseek.c.obj</name>
      </input_file>
      <input_file id="fl-15b">
         <path>D:\DOWDLOAD\CCSTUDIO\ccs\tools\compiler\ti-cgt-armllvm_5.1.1.LTS\lib\armv6m-ti-none-eabi\c\</path>
         <kind>archive</kind>
         <file>libsysbm.a</file>
         <name>hostopen.c.obj</name>
      </input_file>
      <input_file id="fl-15c">
         <path>D:\DOWDLOAD\CCSTUDIO\ccs\tools\compiler\ti-cgt-armllvm_5.1.1.LTS\lib\armv6m-ti-none-eabi\c\</path>
         <kind>archive</kind>
         <file>libsysbm.a</file>
         <name>hostread.c.obj</name>
      </input_file>
      <input_file id="fl-15d">
         <path>D:\DOWDLOAD\CCSTUDIO\ccs\tools\compiler\ti-cgt-armllvm_5.1.1.LTS\lib\armv6m-ti-none-eabi\c\</path>
         <kind>archive</kind>
         <file>libsysbm.a</file>
         <name>hostrename.c.obj</name>
      </input_file>
      <input_file id="fl-15e">
         <path>D:\DOWDLOAD\CCSTUDIO\ccs\tools\compiler\ti-cgt-armllvm_5.1.1.LTS\lib\armv6m-ti-none-eabi\c\</path>
         <kind>archive</kind>
         <file>libsysbm.a</file>
         <name>hostunlink.c.obj</name>
      </input_file>
      <input_file id="fl-15f">
         <path>D:\DOWDLOAD\CCSTUDIO\ccs\tools\compiler\ti-cgt-armllvm_5.1.1.LTS\lib\armv6m-ti-none-eabi\c\</path>
         <kind>archive</kind>
         <file>libsysbm.a</file>
         <name>hostwrite.c.obj</name>
      </input_file>
      <input_file id="fl-160">
         <path>D:\DOWDLOAD\CCSTUDIO\ccs\tools\compiler\ti-cgt-armllvm_5.1.1.LTS\lib\armv6m-ti-none-eabi\c\</path>
         <kind>archive</kind>
         <file>libsysbm.a</file>
         <name>trgmsg.c.obj</name>
      </input_file>
      <input_file id="fl-161">
         <path>D:\DOWDLOAD\CCSTUDIO\ccs\tools\compiler\ti-cgt-armllvm_5.1.1.LTS\lib\armv6m-ti-none-eabi\</path>
         <kind>archive</kind>
         <file>libclang_rt.builtins.a</file>
         <name>addsf3.S.obj</name>
      </input_file>
      <input_file id="fl-162">
         <path>D:\DOWDLOAD\CCSTUDIO\ccs\tools\compiler\ti-cgt-armllvm_5.1.1.LTS\lib\armv6m-ti-none-eabi\</path>
         <kind>archive</kind>
         <file>libclang_rt.builtins.a</file>
         <name>adddf3.S.obj</name>
      </input_file>
      <input_file id="fl-163">
         <path>D:\DOWDLOAD\CCSTUDIO\ccs\tools\compiler\ti-cgt-armllvm_5.1.1.LTS\lib\armv6m-ti-none-eabi\</path>
         <kind>archive</kind>
         <file>libclang_rt.builtins.a</file>
         <name>mulsf3.S.obj</name>
      </input_file>
      <input_file id="fl-164">
         <path>D:\DOWDLOAD\CCSTUDIO\ccs\tools\compiler\ti-cgt-armllvm_5.1.1.LTS\lib\armv6m-ti-none-eabi\</path>
         <kind>archive</kind>
         <file>libclang_rt.builtins.a</file>
         <name>extendsfdf2.S.obj</name>
      </input_file>
      <input_file id="fl-165">
         <path>D:\DOWDLOAD\CCSTUDIO\ccs\tools\compiler\ti-cgt-armllvm_5.1.1.LTS\lib\armv6m-ti-none-eabi\</path>
         <kind>archive</kind>
         <file>libclang_rt.builtins.a</file>
         <name>fixdfsi.S.obj</name>
      </input_file>
      <input_file id="fl-166">
         <path>D:\DOWDLOAD\CCSTUDIO\ccs\tools\compiler\ti-cgt-armllvm_5.1.1.LTS\lib\armv6m-ti-none-eabi\</path>
         <kind>archive</kind>
         <file>libclang_rt.builtins.a</file>
         <name>fixsfsi.S.obj</name>
      </input_file>
      <input_file id="fl-167">
         <path>D:\DOWDLOAD\CCSTUDIO\ccs\tools\compiler\ti-cgt-armllvm_5.1.1.LTS\lib\armv6m-ti-none-eabi\</path>
         <kind>archive</kind>
         <file>libclang_rt.builtins.a</file>
         <name>floatsidf.S.obj</name>
      </input_file>
      <input_file id="fl-168">
         <path>D:\DOWDLOAD\CCSTUDIO\ccs\tools\compiler\ti-cgt-armllvm_5.1.1.LTS\lib\armv6m-ti-none-eabi\</path>
         <kind>archive</kind>
         <file>libclang_rt.builtins.a</file>
         <name>floatsisf.S.obj</name>
      </input_file>
      <input_file id="fl-169">
         <path>D:\DOWDLOAD\CCSTUDIO\ccs\tools\compiler\ti-cgt-armllvm_5.1.1.LTS\lib\armv6m-ti-none-eabi\</path>
         <kind>archive</kind>
         <file>libclang_rt.builtins.a</file>
         <name>muldi3.S.obj</name>
      </input_file>
      <input_file id="fl-16a">
         <path>D:\DOWDLOAD\CCSTUDIO\ccs\tools\compiler\ti-cgt-armllvm_5.1.1.LTS\lib\armv6m-ti-none-eabi\</path>
         <kind>archive</kind>
         <file>libclang_rt.builtins.a</file>
         <name>comparedf2.c.obj</name>
      </input_file>
      <input_file id="fl-16b">
         <path>D:\DOWDLOAD\CCSTUDIO\ccs\tools\compiler\ti-cgt-armllvm_5.1.1.LTS\lib\armv6m-ti-none-eabi\</path>
         <kind>archive</kind>
         <file>libclang_rt.builtins.a</file>
         <name>aeabi_dcmp.S.obj</name>
      </input_file>
      <input_file id="fl-16c">
         <path>D:\DOWDLOAD\CCSTUDIO\ccs\tools\compiler\ti-cgt-armllvm_5.1.1.LTS\lib\armv6m-ti-none-eabi\</path>
         <kind>archive</kind>
         <file>libclang_rt.builtins.a</file>
         <name>aeabi_ddiv.c.obj</name>
      </input_file>
      <input_file id="fl-16d">
         <path>D:\DOWDLOAD\CCSTUDIO\ccs\tools\compiler\ti-cgt-armllvm_5.1.1.LTS\lib\armv6m-ti-none-eabi\</path>
         <kind>archive</kind>
         <file>libclang_rt.builtins.a</file>
         <name>aeabi_dmul.c.obj</name>
      </input_file>
      <input_file id="fl-16e">
         <path>D:\DOWDLOAD\CCSTUDIO\ccs\tools\compiler\ti-cgt-armllvm_5.1.1.LTS\lib\armv6m-ti-none-eabi\</path>
         <kind>archive</kind>
         <file>libclang_rt.builtins.a</file>
         <name>aeabi_fcmp.S.obj</name>
      </input_file>
      <input_file id="fl-16f">
         <path>D:\DOWDLOAD\CCSTUDIO\ccs\tools\compiler\ti-cgt-armllvm_5.1.1.LTS\lib\armv6m-ti-none-eabi\</path>
         <kind>archive</kind>
         <file>libclang_rt.builtins.a</file>
         <name>aeabi_idivmod.S.obj</name>
      </input_file>
      <input_file id="fl-170">
         <path>D:\DOWDLOAD\CCSTUDIO\ccs\tools\compiler\ti-cgt-armllvm_5.1.1.LTS\lib\armv6m-ti-none-eabi\</path>
         <kind>archive</kind>
         <file>libclang_rt.builtins.a</file>
         <name>aeabi_uidivmod.S.obj</name>
      </input_file>
      <input_file id="fl-171">
         <path>D:\DOWDLOAD\CCSTUDIO\ccs\tools\compiler\ti-cgt-armllvm_5.1.1.LTS\lib\armv6m-ti-none-eabi\</path>
         <kind>archive</kind>
         <file>libclang_rt.builtins.a</file>
         <name>aeabi_uldivmod.S.obj</name>
      </input_file>
      <input_file id="fl-172">
         <path>D:\DOWDLOAD\CCSTUDIO\ccs\tools\compiler\ti-cgt-armllvm_5.1.1.LTS\lib\armv6m-ti-none-eabi\</path>
         <kind>archive</kind>
         <file>libclang_rt.builtins.a</file>
         <name>aeabi_memcpy.S.obj</name>
      </input_file>
      <input_file id="fl-173">
         <path>D:\DOWDLOAD\CCSTUDIO\ccs\tools\compiler\ti-cgt-armllvm_5.1.1.LTS\lib\armv6m-ti-none-eabi\</path>
         <kind>archive</kind>
         <file>libclang_rt.builtins.a</file>
         <name>aeabi_memset.S.obj</name>
      </input_file>
      <input_file id="fl-174">
         <path>D:\DOWDLOAD\CCSTUDIO\ccs\tools\compiler\ti-cgt-armllvm_5.1.1.LTS\lib\armv6m-ti-none-eabi\</path>
         <kind>archive</kind>
         <file>libclang_rt.builtins.a</file>
         <name>comparesf2.S.obj</name>
      </input_file>
      <input_file id="fl-175">
         <path>D:\DOWDLOAD\CCSTUDIO\ccs\tools\compiler\ti-cgt-armllvm_5.1.1.LTS\lib\armv6m-ti-none-eabi\</path>
         <kind>archive</kind>
         <file>libclang_rt.builtins.a</file>
         <name>udivmoddi4.S.obj</name>
      </input_file>
      <input_file id="fl-176">
         <path>D:\DOWDLOAD\CCSTUDIO\ccs\tools\compiler\ti-cgt-armllvm_5.1.1.LTS\lib\armv6m-ti-none-eabi\</path>
         <kind>archive</kind>
         <file>libclang_rt.builtins.a</file>
         <name>muldf3.S.obj</name>
      </input_file>
      <input_file id="fl-177">
         <path>D:\DOWDLOAD\CCSTUDIO\ccs\tools\compiler\ti-cgt-armllvm_5.1.1.LTS\lib\armv6m-ti-none-eabi\</path>
         <kind>archive</kind>
         <file>libclang_rt.builtins.a</file>
         <name>muldsi3.S.obj</name>
      </input_file>
      <input_file id="fl-178">
         <path>D:\DOWDLOAD\CCSTUDIO\ccs\tools\compiler\ti-cgt-armllvm_5.1.1.LTS\lib\armv6m-ti-none-eabi\</path>
         <kind>archive</kind>
         <file>libclang_rt.builtins.a</file>
         <name>ashldi3.S.obj</name>
      </input_file>
      <input_file id="fl-179">
         <path>D:\DOWDLOAD\CCSTUDIO\ccs\tools\compiler\ti-cgt-armllvm_5.1.1.LTS\lib\armv6m-ti-none-eabi\</path>
         <kind>archive</kind>
         <file>libclang_rt.builtins.a</file>
         <name>divdf3.S.obj</name>
      </input_file>
      <input_file id="fl-17a">
         <path>D:\DOWDLOAD\CCSTUDIO\ccs\tools\compiler\ti-cgt-armllvm_5.1.1.LTS\lib\armv6m-ti-none-eabi\</path>
         <kind>archive</kind>
         <file>libclang_rt.builtins.a</file>
         <name>aeabi_div0.c.obj</name>
      </input_file>
      <input_file id="fl-17b">
         <path>D:\DOWDLOAD\CCSTUDIO\ccs\tools\compiler\ti-cgt-armllvm_5.1.1.LTS\lib\armv6m-ti-none-eabi\c\</path>
         <kind>archive</kind>
         <file>libc.a</file>
         <name>divdf3_fast.c.obj</name>
      </input_file>
      <input_file id="fl-17c">
         <path>D:\DOWDLOAD\CCSTUDIO\ccs\tools\compiler\ti-cgt-armllvm_5.1.1.LTS\lib\armv6m-ti-none-eabi\c\</path>
         <kind>archive</kind>
         <file>libc.a</file>
         <name>muldf3_fast.c.obj</name>
      </input_file>
      <input_file id="fl-17d">
         <path>D:\DOWDLOAD\CCSTUDIO\ccs\tools\compiler\ti-cgt-armllvm_5.1.1.LTS\lib\armv6m-ti-none-eabi\c\</path>
         <kind>archive</kind>
         <file>libc.a</file>
         <name>getdevice.c.obj</name>
      </input_file>
      <input_file id="fl-17e">
         <path>D:\DOWDLOAD\CCSTUDIO\ccs\tools\compiler\ti-cgt-armllvm_5.1.1.LTS\lib\armv6m-ti-none-eabi\c\</path>
         <kind>archive</kind>
         <file>libc.a</file>
         <name>memcpy16.S.obj</name>
      </input_file>
      <input_file id="fl-17f">
         <path>D:\DOWDLOAD\CCSTUDIO\ccs\tools\compiler\ti-cgt-armllvm_5.1.1.LTS\lib\armv6m-ti-none-eabi\c\</path>
         <kind>archive</kind>
         <file>libc.a</file>
         <name>memset16.S.obj</name>
      </input_file>
      <input_file id="fl-180">
         <path>D:\DOWDLOAD\CCSTUDIO\ccs\tools\compiler\ti-cgt-armllvm_5.1.1.LTS\lib\armv6m-ti-none-eabi\c\</path>
         <kind>archive</kind>
         <file>libc.a</file>
         <name>strcmp-armv6m.S.obj</name>
      </input_file>
   </input_file_list>
   <object_component_list>
      <object_component id="oc-18">
         <name>.intvecs</name>
         <load_address>0x0</load_address>
         <readonly>true</readonly>
         <run_address>0x0</run_address>
         <size>0xc0</size>
         <alignment>0x4</alignment>
         <input_file_ref idref="fl-3"/>
      </object_component>
      <object_component id="oc-202">
         <name>.text:__TI_printfi</name>
         <load_address>0xc0</load_address>
         <readonly>true</readonly>
         <executable>true</executable>
         <run_address>0xc0</run_address>
         <size>0xa7c</size>
         <alignment>0x4</alignment>
         <input_file_ref idref="fl-47"/>
      </object_component>
      <object_component id="oc-75">
         <name>.text.main</name>
         <load_address>0xb3c</load_address>
         <readonly>true</readonly>
         <executable>true</executable>
         <run_address>0xb3c</run_address>
         <size>0x43c</size>
         <alignment>0x4</alignment>
         <input_file_ref idref="fl-1"/>
      </object_component>
      <object_component id="oc-25c">
         <name>.text._pconv_a</name>
         <load_address>0xf78</load_address>
         <readonly>true</readonly>
         <executable>true</executable>
         <run_address>0xf78</run_address>
         <size>0x20c</size>
         <alignment>0x4</alignment>
         <input_file_ref idref="fl-47"/>
      </object_component>
      <object_component id="oc-66">
         <name>.text.CY_Z_UART1_IRQHandler</name>
         <load_address>0x1184</load_address>
         <readonly>true</readonly>
         <executable>true</executable>
         <run_address>0x1184</run_address>
         <size>0x1e8</size>
         <alignment>0x4</alignment>
         <input_file_ref idref="fl-4"/>
      </object_component>
      <object_component id="oc-25d">
         <name>.text._pconv_g</name>
         <load_address>0x136c</load_address>
         <readonly>true</readonly>
         <executable>true</executable>
         <run_address>0x136c</run_address>
         <size>0x1e0</size>
         <alignment>0x4</alignment>
         <input_file_ref idref="fl-47"/>
      </object_component>
      <object_component id="oc-e1">
         <name>.text.Control_Straight</name>
         <load_address>0x154c</load_address>
         <readonly>true</readonly>
         <executable>true</executable>
         <run_address>0x154c</run_address>
         <size>0x1a0</size>
         <alignment>0x4</alignment>
         <input_file_ref idref="fl-6"/>
      </object_component>
      <object_component id="oc-292">
         <name>.text</name>
         <load_address>0x16ec</load_address>
         <readonly>true</readonly>
         <executable>true</executable>
         <run_address>0x16ec</run_address>
         <size>0x192</size>
         <alignment>0x4</alignment>
         <input_file_ref idref="fl-162"/>
      </object_component>
      <object_component id="oc-22e">
         <name>.text.__aeabi_idiv0</name>
         <load_address>0x187e</load_address>
         <readonly>true</readonly>
         <executable>true</executable>
         <run_address>0x187e</run_address>
         <size>0x2</size>
         <alignment>0x2</alignment>
         <input_file_ref idref="fl-17a"/>
      </object_component>
      <object_component id="oc-e0">
         <name>.text.Control_Line_Track</name>
         <load_address>0x1880</load_address>
         <readonly>true</readonly>
         <executable>true</executable>
         <run_address>0x1880</run_address>
         <size>0x16c</size>
         <alignment>0x4</alignment>
         <input_file_ref idref="fl-6"/>
      </object_component>
      <object_component id="oc-17d">
         <name>.text.Set_Speed</name>
         <load_address>0x19ec</load_address>
         <readonly>true</readonly>
         <executable>true</executable>
         <run_address>0x19ec</run_address>
         <size>0x168</size>
         <alignment>0x4</alignment>
         <input_file_ref idref="fl-9"/>
      </object_component>
      <object_component id="oc-29d">
         <name>.text.fcvt</name>
         <load_address>0x1b54</load_address>
         <readonly>true</readonly>
         <executable>true</executable>
         <run_address>0x1b54</run_address>
         <size>0x138</size>
         <alignment>0x4</alignment>
         <input_file_ref idref="fl-47"/>
      </object_component>
      <object_component id="oc-119">
         <name>.text.SYSCFG_DL_GPIO_init</name>
         <load_address>0x1c8c</load_address>
         <readonly>true</readonly>
         <executable>true</executable>
         <run_address>0x1c8c</run_address>
         <size>0x134</size>
         <alignment>0x4</alignment>
         <input_file_ref idref="fl-2"/>
      </object_component>
      <object_component id="oc-2d5">
         <name>.text</name>
         <load_address>0x1dc0</load_address>
         <readonly>true</readonly>
         <executable>true</executable>
         <run_address>0x1dc0</run_address>
         <size>0x11a</size>
         <alignment>0x4</alignment>
         <input_file_ref idref="fl-179"/>
      </object_component>
      <object_component id="oc-29f">
         <name>.text.__aeabi_ldiv0</name>
         <load_address>0x1eda</load_address>
         <readonly>true</readonly>
         <executable>true</executable>
         <run_address>0x1eda</run_address>
         <size>0x2</size>
         <alignment>0x2</alignment>
         <input_file_ref idref="fl-17a"/>
      </object_component>
      <object_component id="oc-15c">
         <name>.text.OLED_ShowChar</name>
         <load_address>0x1edc</load_address>
         <readonly>true</readonly>
         <executable>true</executable>
         <run_address>0x1edc</run_address>
         <size>0x118</size>
         <alignment>0x4</alignment>
         <input_file_ref idref="fl-a"/>
      </object_component>
      <object_component id="oc-c1">
         <name>.text.OLED_Init</name>
         <load_address>0x1ff4</load_address>
         <readonly>true</readonly>
         <executable>true</executable>
         <run_address>0x1ff4</run_address>
         <size>0x110</size>
         <alignment>0x4</alignment>
         <input_file_ref idref="fl-a"/>
      </object_component>
      <object_component id="oc-1b4">
         <name>.text.DL_Timer_initFourCCPWMMode</name>
         <load_address>0x2104</load_address>
         <readonly>true</readonly>
         <executable>true</executable>
         <run_address>0x2104</run_address>
         <size>0x104</size>
         <alignment>0x4</alignment>
         <input_file_ref idref="fl-1f"/>
      </object_component>
      <object_component id="oc-25f">
         <name>.text._pconv_e</name>
         <load_address>0x2208</load_address>
         <readonly>true</readonly>
         <executable>true</executable>
         <run_address>0x2208</run_address>
         <size>0xfc</size>
         <alignment>0x4</alignment>
         <input_file_ref idref="fl-47"/>
      </object_component>
      <object_component id="oc-2cb">
         <name>.text</name>
         <load_address>0x2304</load_address>
         <readonly>true</readonly>
         <executable>true</executable>
         <run_address>0x2304</run_address>
         <size>0xe4</size>
         <alignment>0x4</alignment>
         <input_file_ref idref="fl-176"/>
      </object_component>
      <object_component id="oc-282">
         <name>.text.scalbn</name>
         <load_address>0x23e8</load_address>
         <readonly>true</readonly>
         <executable>true</executable>
         <run_address>0x23e8</run_address>
         <size>0xdc</size>
         <alignment>0x4</alignment>
         <input_file_ref idref="fl-53"/>
      </object_component>
      <object_component id="oc-16b">
         <name>.text</name>
         <load_address>0x24c4</load_address>
         <readonly>true</readonly>
         <executable>true</executable>
         <run_address>0x24c4</run_address>
         <size>0xd8</size>
         <alignment>0x4</alignment>
         <input_file_ref idref="fl-161"/>
      </object_component>
      <object_component id="oc-177">
         <name>.text.PID_Update</name>
         <load_address>0x259c</load_address>
         <readonly>true</readonly>
         <executable>true</executable>
         <run_address>0x259c</run_address>
         <size>0xd0</size>
         <alignment>0x4</alignment>
         <input_file_ref idref="fl-7"/>
      </object_component>
      <object_component id="oc-15d">
         <name>.text.Grayscale_Read_All</name>
         <load_address>0x266c</load_address>
         <readonly>true</readonly>
         <executable>true</executable>
         <run_address>0x266c</run_address>
         <size>0xa8</size>
         <alignment>0x4</alignment>
         <input_file_ref idref="fl-8"/>
      </object_component>
      <object_component id="oc-b1">
         <name>.text.Encoder_Init</name>
         <load_address>0x2714</load_address>
         <readonly>true</readonly>
         <executable>true</executable>
         <run_address>0x2714</run_address>
         <size>0xa4</size>
         <alignment>0x4</alignment>
         <input_file_ref idref="fl-5"/>
      </object_component>
      <object_component id="oc-274">
         <name>.text</name>
         <load_address>0x27b8</load_address>
         <readonly>true</readonly>
         <executable>true</executable>
         <run_address>0x27b8</run_address>
         <size>0xa2</size>
         <alignment>0x4</alignment>
         <input_file_ref idref="fl-175"/>
      </object_component>
      <object_component id="oc-8b">
         <name>.text.CY_Z_ParseTelemetryFrame</name>
         <load_address>0x285a</load_address>
         <readonly>true</readonly>
         <executable>true</executable>
         <run_address>0x285a</run_address>
         <size>0x9e</size>
         <alignment>0x2</alignment>
         <input_file_ref idref="fl-4"/>
      </object_component>
      <object_component id="oc-14a">
         <name>.text.OLED_WR_Byte</name>
         <load_address>0x28f8</load_address>
         <readonly>true</readonly>
         <executable>true</executable>
         <run_address>0x28f8</run_address>
         <size>0x98</size>
         <alignment>0x4</alignment>
         <input_file_ref idref="fl-a"/>
      </object_component>
      <object_component id="oc-10f">
         <name>.text.CY_Z_Crc16Modbus</name>
         <load_address>0x2990</load_address>
         <readonly>true</readonly>
         <executable>true</executable>
         <run_address>0x2990</run_address>
         <size>0x94</size>
         <alignment>0x4</alignment>
         <input_file_ref idref="fl-4"/>
      </object_component>
      <object_component id="oc-11b">
         <name>.text.SYSCFG_DL_PWM_Motor_init</name>
         <load_address>0x2a24</load_address>
         <readonly>true</readonly>
         <executable>true</executable>
         <run_address>0x2a24</run_address>
         <size>0x90</size>
         <alignment>0x4</alignment>
         <input_file_ref idref="fl-2"/>
      </object_component>
      <object_component id="oc-15e">
         <name>.text.Grayscale_Data_To_CX</name>
         <load_address>0x2ab4</load_address>
         <readonly>true</readonly>
         <executable>true</executable>
         <run_address>0x2ab4</run_address>
         <size>0x8e</size>
         <alignment>0x2</alignment>
         <input_file_ref idref="fl-8"/>
      </object_component>
      <object_component id="oc-20a">
         <name>.text</name>
         <load_address>0x2b44</load_address>
         <readonly>true</readonly>
         <executable>true</executable>
         <run_address>0x2b44</run_address>
         <size>0x8c</size>
         <alignment>0x4</alignment>
         <input_file_ref idref="fl-174"/>
      </object_component>
      <object_component id="oc-16f">
         <name>.text</name>
         <load_address>0x2bd0</load_address>
         <readonly>true</readonly>
         <executable>true</executable>
         <run_address>0x2bd0</run_address>
         <size>0x8c</size>
         <alignment>0x4</alignment>
         <input_file_ref idref="fl-163"/>
      </object_component>
      <object_component id="oc-8a">
         <name>.text.CY_Z_ParseAckFrame</name>
         <load_address>0x2c5c</load_address>
         <readonly>true</readonly>
         <executable>true</executable>
         <run_address>0x2c5c</run_address>
         <size>0x88</size>
         <alignment>0x2</alignment>
         <input_file_ref idref="fl-4"/>
      </object_component>
      <object_component id="oc-df">
         <name>.text.Encoder_Update</name>
         <load_address>0x2ce4</load_address>
         <readonly>true</readonly>
         <executable>true</executable>
         <run_address>0x2ce4</run_address>
         <size>0x88</size>
         <alignment>0x4</alignment>
         <input_file_ref idref="fl-5"/>
      </object_component>
      <object_component id="oc-b6">
         <name>.text.Motor_Control_Init</name>
         <load_address>0x2d6c</load_address>
         <readonly>true</readonly>
         <executable>true</executable>
         <run_address>0x2d6c</run_address>
         <size>0x84</size>
         <alignment>0x4</alignment>
         <input_file_ref idref="fl-6"/>
      </object_component>
      <object_component id="oc-127">
         <name>.text.__NVIC_SetPriority</name>
         <load_address>0x2df0</load_address>
         <readonly>true</readonly>
         <executable>true</executable>
         <run_address>0x2df0</run_address>
         <size>0x84</size>
         <alignment>0x4</alignment>
         <input_file_ref idref="fl-c"/>
      </object_component>
      <object_component id="oc-1d6">
         <name>.text.__NVIC_SetPriority</name>
         <load_address>0x2e74</load_address>
         <readonly>true</readonly>
         <executable>true</executable>
         <run_address>0x2e74</run_address>
         <size>0x84</size>
         <alignment>0x4</alignment>
         <input_file_ref idref="fl-2"/>
      </object_component>
      <object_component id="oc-d2">
         <name>.text.Grayscale_Update</name>
         <load_address>0x2ef8</load_address>
         <readonly>true</readonly>
         <executable>true</executable>
         <run_address>0x2ef8</run_address>
         <size>0x80</size>
         <alignment>0x4</alignment>
         <input_file_ref idref="fl-8"/>
      </object_component>
      <object_component id="oc-bb">
         <name>.text.CY_Z_Init</name>
         <load_address>0x2f78</load_address>
         <readonly>true</readonly>
         <executable>true</executable>
         <run_address>0x2f78</run_address>
         <size>0x7c</size>
         <alignment>0x4</alignment>
         <input_file_ref idref="fl-4"/>
      </object_component>
      <object_component id="oc-118">
         <name>.text.SYSCFG_DL_initPower</name>
         <load_address>0x2ff4</load_address>
         <readonly>true</readonly>
         <executable>true</executable>
         <run_address>0x2ff4</run_address>
         <size>0x7c</size>
         <alignment>0x4</alignment>
         <input_file_ref idref="fl-2"/>
      </object_component>
      <object_component id="oc-1c">
         <name>.text:decompress:lzss</name>
         <load_address>0x3070</load_address>
         <readonly>true</readonly>
         <executable>true</executable>
         <run_address>0x3070</run_address>
         <size>0x7c</size>
         <alignment>0x4</alignment>
         <input_file_ref idref="fl-46"/>
      </object_component>
      <object_component id="oc-27c">
         <name>.text.__gedf2</name>
         <load_address>0x30ec</load_address>
         <readonly>true</readonly>
         <executable>true</executable>
         <run_address>0x30ec</run_address>
         <size>0x74</size>
         <alignment>0x4</alignment>
         <input_file_ref idref="fl-16a"/>
      </object_component>
      <object_component id="oc-14f">
         <name>.text.delay_us</name>
         <load_address>0x3160</load_address>
         <readonly>true</readonly>
         <executable>true</executable>
         <run_address>0x3160</run_address>
         <size>0x74</size>
         <alignment>0x4</alignment>
         <input_file_ref idref="fl-d"/>
      </object_component>
      <object_component id="oc-d0">
         <name>.text.OLED_ShowString</name>
         <load_address>0x31d4</load_address>
         <readonly>true</readonly>
         <executable>true</executable>
         <run_address>0x31d4</run_address>
         <size>0x70</size>
         <alignment>0x2</alignment>
         <input_file_ref idref="fl-a"/>
      </object_component>
      <object_component id="oc-de">
         <name>.text.OLED_Clear</name>
         <load_address>0x3244</load_address>
         <readonly>true</readonly>
         <executable>true</executable>
         <run_address>0x3244</run_address>
         <size>0x6a</size>
         <alignment>0x2</alignment>
         <input_file_ref idref="fl-a"/>
      </object_component>
      <object_component id="oc-27b">
         <name>.text.__ledf2</name>
         <load_address>0x32b0</load_address>
         <readonly>true</readonly>
         <executable>true</executable>
         <run_address>0x32b0</run_address>
         <size>0x68</size>
         <alignment>0x4</alignment>
         <input_file_ref idref="fl-16a"/>
      </object_component>
      <object_component id="oc-29b">
         <name>.text._mcpy</name>
         <load_address>0x3318</load_address>
         <readonly>true</readonly>
         <executable>true</executable>
         <run_address>0x3318</run_address>
         <size>0x66</size>
         <alignment>0x2</alignment>
         <input_file_ref idref="fl-47"/>
      </object_component>
      <object_component id="oc-148">
         <name>.text.oled_i2c_sda_unlock</name>
         <load_address>0x3380</load_address>
         <readonly>true</readonly>
         <executable>true</executable>
         <run_address>0x3380</run_address>
         <size>0x64</size>
         <alignment>0x4</alignment>
         <input_file_ref idref="fl-a"/>
      </object_component>
      <object_component id="oc-1e7">
         <name>.text.DL_I2C_fillControllerTXFIFO</name>
         <load_address>0x33e4</load_address>
         <readonly>true</readonly>
         <executable>true</executable>
         <run_address>0x33e4</run_address>
         <size>0x5e</size>
         <alignment>0x2</alignment>
         <input_file_ref idref="fl-1e"/>
      </object_component>
      <object_component id="oc-27e">
         <name>.text.frexp</name>
         <load_address>0x3444</load_address>
         <readonly>true</readonly>
         <executable>true</executable>
         <run_address>0x3444</run_address>
         <size>0x5c</size>
         <alignment>0x4</alignment>
         <input_file_ref idref="fl-52"/>
      </object_component>
      <object_component id="oc-1e4">
         <name>.text.mspm0_i2c_enable</name>
         <load_address>0x34a0</load_address>
         <readonly>true</readonly>
         <executable>true</executable>
         <run_address>0x34a0</run_address>
         <size>0x5c</size>
         <alignment>0x4</alignment>
         <input_file_ref idref="fl-a"/>
      </object_component>
      <object_component id="oc-258">
         <name>.text</name>
         <load_address>0x34fc</load_address>
         <readonly>true</readonly>
         <executable>true</executable>
         <run_address>0x34fc</run_address>
         <size>0x5a</size>
         <alignment>0x4</alignment>
         <input_file_ref idref="fl-16b"/>
      </object_component>
      <object_component id="oc-173">
         <name>.text</name>
         <load_address>0x3558</load_address>
         <readonly>true</readonly>
         <executable>true</executable>
         <run_address>0x3558</run_address>
         <size>0x5a</size>
         <alignment>0x4</alignment>
         <input_file_ref idref="fl-16e"/>
      </object_component>
      <object_component id="oc-11c">
         <name>.text.SYSCFG_DL_I2C_OLED_init</name>
         <load_address>0x35b4</load_address>
         <readonly>true</readonly>
         <executable>true</executable>
         <run_address>0x35b4</run_address>
         <size>0x58</size>
         <alignment>0x4</alignment>
         <input_file_ref idref="fl-2"/>
      </object_component>
      <object_component id="oc-28a">
         <name>.text.__TI_ltoa</name>
         <load_address>0x360c</load_address>
         <readonly>true</readonly>
         <executable>true</executable>
         <run_address>0x360c</run_address>
         <size>0x58</size>
         <alignment>0x2</alignment>
         <input_file_ref idref="fl-4b"/>
      </object_component>
      <object_component id="oc-25e">
         <name>.text._pconv_f</name>
         <load_address>0x3664</load_address>
         <readonly>true</readonly>
         <executable>true</executable>
         <run_address>0x3664</run_address>
         <size>0x58</size>
         <alignment>0x2</alignment>
         <input_file_ref idref="fl-47"/>
      </object_component>
      <object_component id="oc-2ac">
         <name>.text</name>
         <load_address>0x36bc</load_address>
         <readonly>true</readonly>
         <executable>true</executable>
         <run_address>0x36bc</run_address>
         <size>0x56</size>
         <alignment>0x4</alignment>
         <input_file_ref idref="fl-16f"/>
      </object_component>
      <object_component id="oc-11d">
         <name>.text.SYSCFG_DL_UART_1_init</name>
         <load_address>0x3714</load_address>
         <readonly>true</readonly>
         <executable>true</executable>
         <run_address>0x3714</run_address>
         <size>0x54</size>
         <alignment>0x4</alignment>
         <input_file_ref idref="fl-2"/>
      </object_component>
      <object_component id="oc-299">
         <name>.text._ecpy</name>
         <load_address>0x3768</load_address>
         <readonly>true</readonly>
         <executable>true</executable>
         <run_address>0x3768</run_address>
         <size>0x52</size>
         <alignment>0x2</alignment>
         <input_file_ref idref="fl-47"/>
      </object_component>
      <object_component id="oc-22a">
         <name>.text.DL_GPIO_initPeripheralInputFunctionFeatures</name>
         <load_address>0x37bc</load_address>
         <readonly>true</readonly>
         <executable>true</executable>
         <run_address>0x37bc</run_address>
         <size>0x50</size>
         <alignment>0x4</alignment>
         <input_file_ref idref="fl-a"/>
      </object_component>
      <object_component id="oc-1a2">
         <name>.text.DL_GPIO_initPeripheralInputFunctionFeatures</name>
         <load_address>0x380c</load_address>
         <readonly>true</readonly>
         <executable>true</executable>
         <run_address>0x380c</run_address>
         <size>0x50</size>
         <alignment>0x4</alignment>
         <input_file_ref idref="fl-2"/>
      </object_component>
      <object_component id="oc-1ea">
         <name>.text.DL_I2C_startControllerTransfer</name>
         <load_address>0x385c</load_address>
         <readonly>true</readonly>
         <executable>true</executable>
         <run_address>0x385c</run_address>
         <size>0x50</size>
         <alignment>0x4</alignment>
         <input_file_ref idref="fl-a"/>
      </object_component>
      <object_component id="oc-126">
         <name>.text.SysTick_Config</name>
         <load_address>0x38ac</load_address>
         <readonly>true</readonly>
         <executable>true</executable>
         <run_address>0x38ac</run_address>
         <size>0x50</size>
         <alignment>0x4</alignment>
         <input_file_ref idref="fl-c"/>
      </object_component>
      <object_component id="oc-d3">
         <name>.text.CY_Z_GetTelemetry</name>
         <load_address>0x38fc</load_address>
         <readonly>true</readonly>
         <executable>true</executable>
         <run_address>0x38fc</run_address>
         <size>0x4c</size>
         <alignment>0x4</alignment>
         <input_file_ref idref="fl-4"/>
      </object_component>
      <object_component id="oc-12c">
         <name>.text.DL_GPIO_initDigitalInputFeatures</name>
         <load_address>0x3948</load_address>
         <readonly>true</readonly>
         <executable>true</executable>
         <run_address>0x3948</run_address>
         <size>0x4c</size>
         <alignment>0x4</alignment>
         <input_file_ref idref="fl-5"/>
      </object_component>
      <object_component id="oc-228">
         <name>.text.DL_GPIO_initDigitalInputFeatures</name>
         <load_address>0x3994</load_address>
         <readonly>true</readonly>
         <executable>true</executable>
         <run_address>0x3994</run_address>
         <size>0x4c</size>
         <alignment>0x4</alignment>
         <input_file_ref idref="fl-a"/>
      </object_component>
      <object_component id="oc-129">
         <name>.text.DL_GPIO_initDigitalInputFeatures</name>
         <load_address>0x39e0</load_address>
         <readonly>true</readonly>
         <executable>true</executable>
         <run_address>0x39e0</run_address>
         <size>0x4c</size>
         <alignment>0x4</alignment>
         <input_file_ref idref="fl-8"/>
      </object_component>
      <object_component id="oc-1a6">
         <name>.text.DL_GPIO_initDigitalInputFeatures</name>
         <load_address>0x3a2c</load_address>
         <readonly>true</readonly>
         <executable>true</executable>
         <run_address>0x3a2c</run_address>
         <size>0x4c</size>
         <alignment>0x4</alignment>
         <input_file_ref idref="fl-2"/>
      </object_component>
      <object_component id="oc-1d4">
         <name>.text.DL_UART_setBaudRateDivisor</name>
         <load_address>0x3a78</load_address>
         <readonly>true</readonly>
         <executable>true</executable>
         <run_address>0x3a78</run_address>
         <size>0x4c</size>
         <alignment>0x4</alignment>
         <input_file_ref idref="fl-2"/>
      </object_component>
      <object_component id="oc-286">
         <name>.text</name>
         <load_address>0x3ac4</load_address>
         <readonly>true</readonly>
         <executable>true</executable>
         <run_address>0x3ac4</run_address>
         <size>0x4a</size>
         <alignment>0x4</alignment>
         <input_file_ref idref="fl-165"/>
      </object_component>
      <object_component id="oc-1d2">
         <name>.text.DL_UART_init</name>
         <load_address>0x3b10</load_address>
         <readonly>true</readonly>
         <executable>true</executable>
         <run_address>0x3b10</run_address>
         <size>0x48</size>
         <alignment>0x4</alignment>
         <input_file_ref idref="fl-20"/>
      </object_component>
      <object_component id="oc-bc">
         <name>.text.Motor_Off</name>
         <load_address>0x3b58</load_address>
         <readonly>true</readonly>
         <executable>true</executable>
         <run_address>0x3b58</run_address>
         <size>0x48</size>
         <alignment>0x4</alignment>
         <input_file_ref idref="fl-9"/>
      </object_component>
      <object_component id="oc-1e0">
         <name>.text.mspm0_i2c_disable</name>
         <load_address>0x3ba0</load_address>
         <readonly>true</readonly>
         <executable>true</executable>
         <run_address>0x3ba0</run_address>
         <size>0x48</size>
         <alignment>0x4</alignment>
         <input_file_ref idref="fl-a"/>
      </object_component>
      <object_component id="oc-d8">
         <name>.text.snprintf</name>
         <load_address>0x3be8</load_address>
         <readonly>true</readonly>
         <executable>true</executable>
         <run_address>0x3be8</run_address>
         <size>0x48</size>
         <alignment>0x4</alignment>
         <input_file_ref idref="fl-3d"/>
      </object_component>
      <object_component id="oc-152">
         <name>.text.CY_Z_Uart1WriteBuffer</name>
         <load_address>0x3c30</load_address>
         <readonly>true</readonly>
         <executable>true</executable>
         <run_address>0x3c30</run_address>
         <size>0x44</size>
         <alignment>0x4</alignment>
         <input_file_ref idref="fl-4"/>
      </object_component>
      <object_component id="oc-23c">
         <name>.text.atoi</name>
         <load_address>0x3c74</load_address>
         <readonly>true</readonly>
         <executable>true</executable>
         <run_address>0x3c74</run_address>
         <size>0x44</size>
         <alignment>0x4</alignment>
         <input_file_ref idref="fl-4e"/>
      </object_component>
      <object_component id="oc-11e">
         <name>.text.SYSCFG_DL_UART_0_init</name>
         <load_address>0x3cb8</load_address>
         <readonly>true</readonly>
         <executable>true</executable>
         <run_address>0x3cb8</run_address>
         <size>0x40</size>
         <alignment>0x4</alignment>
         <input_file_ref idref="fl-2"/>
      </object_component>
      <object_component id="oc-154">
         <name>.text.vsnprintf</name>
         <load_address>0x3cf8</load_address>
         <readonly>true</readonly>
         <executable>true</executable>
         <run_address>0x3cf8</run_address>
         <size>0x40</size>
         <alignment>0x4</alignment>
         <input_file_ref idref="fl-3e"/>
      </object_component>
      <object_component id="oc-1f3">
         <name>.text</name>
         <load_address>0x3d38</load_address>
         <readonly>true</readonly>
         <executable>true</executable>
         <run_address>0x3d38</run_address>
         <size>0x40</size>
         <alignment>0x4</alignment>
         <input_file_ref idref="fl-170"/>
      </object_component>
      <object_component id="oc-d4">
         <name>.text</name>
         <load_address>0x3d78</load_address>
         <readonly>true</readonly>
         <executable>true</executable>
         <run_address>0x3d78</run_address>
         <size>0x40</size>
         <alignment>0x4</alignment>
         <input_file_ref idref="fl-164"/>
      </object_component>
      <object_component id="oc-1b5">
         <name>.text.DL_Timer_setCounterControl</name>
         <load_address>0x3db8</load_address>
         <readonly>true</readonly>
         <executable>true</executable>
         <run_address>0x3db8</run_address>
         <size>0x3c</size>
         <alignment>0x4</alignment>
         <input_file_ref idref="fl-2"/>
      </object_component>
      <object_component id="oc-1f2">
         <name>.text.OLED_Set_Pos</name>
         <load_address>0x3df4</load_address>
         <readonly>true</readonly>
         <executable>true</executable>
         <run_address>0x3df4</run_address>
         <size>0x3c</size>
         <alignment>0x2</alignment>
         <input_file_ref idref="fl-a"/>
      </object_component>
      <object_component id="oc-137">
         <name>.text.PID_Init</name>
         <load_address>0x3e30</load_address>
         <readonly>true</readonly>
         <executable>true</executable>
         <run_address>0x3e30</run_address>
         <size>0x3c</size>
         <alignment>0x2</alignment>
         <input_file_ref idref="fl-7"/>
      </object_component>
      <object_component id="oc-cf">
         <name>.text.UART_Printf</name>
         <load_address>0x3e6c</load_address>
         <readonly>true</readonly>
         <executable>true</executable>
         <run_address>0x3e6c</run_address>
         <size>0x3c</size>
         <alignment>0x4</alignment>
         <input_file_ref idref="fl-f"/>
      </object_component>
      <object_component id="oc-fc">
         <name>.text:__TI_auto_init_nobinit_nopinit</name>
         <load_address>0x3ea8</load_address>
         <readonly>true</readonly>
         <executable>true</executable>
         <run_address>0x3ea8</run_address>
         <size>0x3c</size>
         <alignment>0x4</alignment>
         <input_file_ref idref="fl-41"/>
      </object_component>
      <object_component id="oc-167">
         <name>.text</name>
         <load_address>0x3ee4</load_address>
         <readonly>true</readonly>
         <executable>true</executable>
         <run_address>0x3ee4</run_address>
         <size>0x3c</size>
         <alignment>0x4</alignment>
         <input_file_ref idref="fl-168"/>
      </object_component>
      <object_component id="oc-205">
         <name>.text</name>
         <load_address>0x3f20</load_address>
         <readonly>true</readonly>
         <executable>true</executable>
         <run_address>0x3f20</run_address>
         <size>0x3a</size>
         <alignment>0x4</alignment>
         <input_file_ref idref="fl-177"/>
      </object_component>
      <object_component id="oc-178">
         <name>.text</name>
         <load_address>0x3f5c</load_address>
         <readonly>true</readonly>
         <executable>true</executable>
         <run_address>0x3f5c</run_address>
         <size>0x38</size>
         <alignment>0x4</alignment>
         <input_file_ref idref="fl-166"/>
      </object_component>
      <object_component id="oc-ac">
         <name>.text.Grayscale_Sensor_Init</name>
         <load_address>0x3f94</load_address>
         <readonly>true</readonly>
         <executable>true</executable>
         <run_address>0x3f94</run_address>
         <size>0x34</size>
         <alignment>0x4</alignment>
         <input_file_ref idref="fl-8"/>
      </object_component>
      <object_component id="oc-163">
         <name>.text._outs</name>
         <load_address>0x3fc8</load_address>
         <readonly>true</readonly>
         <executable>true</executable>
         <run_address>0x3fc8</run_address>
         <size>0x32</size>
         <alignment>0x2</alignment>
         <input_file_ref idref="fl-3d"/>
      </object_component>
      <object_component id="oc-1ed">
         <name>.text._outs</name>
         <load_address>0x3ffa</load_address>
         <readonly>true</readonly>
         <executable>true</executable>
         <run_address>0x3ffa</run_address>
         <size>0x32</size>
         <alignment>0x2</alignment>
         <input_file_ref idref="fl-3e"/>
      </object_component>
      <object_component id="oc-1ec">
         <name>.text.DL_UART_transmitDataBlocking</name>
         <load_address>0x402c</load_address>
         <readonly>true</readonly>
         <executable>true</executable>
         <run_address>0x402c</run_address>
         <size>0x30</size>
         <alignment>0x4</alignment>
         <input_file_ref idref="fl-20"/>
      </object_component>
      <object_component id="oc-a0">
         <name>.text.SYSCFG_DL_init</name>
         <load_address>0x405c</load_address>
         <readonly>true</readonly>
         <executable>true</executable>
         <run_address>0x405c</run_address>
         <size>0x30</size>
         <alignment>0x4</alignment>
         <input_file_ref idref="fl-2"/>
      </object_component>
      <object_component id="oc-252">
         <name>.text.__unorddf2</name>
         <load_address>0x408c</load_address>
         <readonly>true</readonly>
         <executable>true</executable>
         <run_address>0x408c</run_address>
         <size>0x30</size>
         <alignment>0x4</alignment>
         <input_file_ref idref="fl-16a"/>
      </object_component>
      <object_component id="oc-29a">
         <name>.text._fcpy</name>
         <load_address>0x40bc</load_address>
         <readonly>true</readonly>
         <executable>true</executable>
         <run_address>0x40bc</run_address>
         <size>0x30</size>
         <alignment>0x2</alignment>
         <input_file_ref idref="fl-47"/>
      </object_component>
      <object_component id="oc-149">
         <name>.text.mspm0_delay_ms</name>
         <load_address>0x40ec</load_address>
         <readonly>true</readonly>
         <executable>true</executable>
         <run_address>0x40ec</run_address>
         <size>0x30</size>
         <alignment>0x4</alignment>
         <input_file_ref idref="fl-c"/>
      </object_component>
      <object_component id="oc-141">
         <name>.text.__NVIC_ClearPendingIRQ</name>
         <load_address>0x411c</load_address>
         <readonly>true</readonly>
         <executable>true</executable>
         <run_address>0x411c</run_address>
         <size>0x2c</size>
         <alignment>0x4</alignment>
         <input_file_ref idref="fl-4"/>
      </object_component>
      <object_component id="oc-12f">
         <name>.text.__NVIC_ClearPendingIRQ</name>
         <load_address>0x4148</load_address>
         <readonly>true</readonly>
         <executable>true</executable>
         <run_address>0x4148</run_address>
         <size>0x2c</size>
         <alignment>0x4</alignment>
         <input_file_ref idref="fl-5"/>
      </object_component>
      <object_component id="oc-142">
         <name>.text.__NVIC_EnableIRQ</name>
         <load_address>0x4174</load_address>
         <readonly>true</readonly>
         <executable>true</executable>
         <run_address>0x4174</run_address>
         <size>0x2c</size>
         <alignment>0x4</alignment>
         <input_file_ref idref="fl-4"/>
      </object_component>
      <object_component id="oc-130">
         <name>.text.__NVIC_EnableIRQ</name>
         <load_address>0x41a0</load_address>
         <readonly>true</readonly>
         <executable>true</executable>
         <run_address>0x41a0</run_address>
         <size>0x2c</size>
         <alignment>0x4</alignment>
         <input_file_ref idref="fl-5"/>
      </object_component>
      <object_component id="oc-14d">
         <name>.text.__NVIC_EnableIRQ</name>
         <load_address>0x41cc</load_address>
         <readonly>true</readonly>
         <executable>true</executable>
         <run_address>0x41cc</run_address>
         <size>0x2c</size>
         <alignment>0x4</alignment>
         <input_file_ref idref="fl-e"/>
      </object_component>
      <object_component id="oc-1e6">
         <name>.text.mspm0_get_clock_ms</name>
         <load_address>0x41f8</load_address>
         <readonly>true</readonly>
         <executable>true</executable>
         <run_address>0x41f8</run_address>
         <size>0x2c</size>
         <alignment>0x4</alignment>
         <input_file_ref idref="fl-c"/>
      </object_component>
      <object_component id="oc-28e">
         <name>.text</name>
         <load_address>0x4224</load_address>
         <readonly>true</readonly>
         <executable>true</executable>
         <run_address>0x4224</run_address>
         <size>0x2c</size>
         <alignment>0x4</alignment>
         <input_file_ref idref="fl-167"/>
      </object_component>
      <object_component id="oc-11a">
         <name>.text.SYSCFG_DL_SYSCTL_init</name>
         <load_address>0x4250</load_address>
         <readonly>true</readonly>
         <executable>true</executable>
         <run_address>0x4250</run_address>
         <size>0x2a</size>
         <alignment>0x2</alignment>
         <input_file_ref idref="fl-2"/>
      </object_component>
      <object_component id="oc-22d">
         <name>.text.DL_Common_updateReg</name>
         <load_address>0x427a</load_address>
         <readonly>true</readonly>
         <executable>true</executable>
         <run_address>0x427a</run_address>
         <size>0x28</size>
         <alignment>0x2</alignment>
         <input_file_ref idref="fl-a"/>
      </object_component>
      <object_component id="oc-21f">
         <name>.text.DL_Common_updateReg</name>
         <load_address>0x42a2</load_address>
         <readonly>true</readonly>
         <executable>true</executable>
         <run_address>0x42a2</run_address>
         <size>0x28</size>
         <alignment>0x2</alignment>
         <input_file_ref idref="fl-2"/>
      </object_component>
      <object_component id="oc-1c8">
         <name>.text.DL_I2C_setControllerRXFIFOThreshold</name>
         <load_address>0x42cc</load_address>
         <readonly>true</readonly>
         <executable>true</executable>
         <run_address>0x42cc</run_address>
         <size>0x28</size>
         <alignment>0x4</alignment>
         <input_file_ref idref="fl-2"/>
      </object_component>
      <object_component id="oc-1c7">
         <name>.text.DL_I2C_setControllerTXFIFOThreshold</name>
         <load_address>0x42f4</load_address>
         <readonly>true</readonly>
         <executable>true</executable>
         <run_address>0x42f4</run_address>
         <size>0x28</size>
         <alignment>0x4</alignment>
         <input_file_ref idref="fl-2"/>
      </object_component>
      <object_component id="oc-1dc">
         <name>.text.DL_SYSTICK_init</name>
         <load_address>0x431c</load_address>
         <readonly>true</readonly>
         <executable>true</executable>
         <run_address>0x431c</run_address>
         <size>0x28</size>
         <alignment>0x4</alignment>
         <input_file_ref idref="fl-2"/>
      </object_component>
      <object_component id="oc-5a">
         <name>.text:_c_int00_noargs</name>
         <load_address>0x4344</load_address>
         <readonly>true</readonly>
         <executable>true</executable>
         <run_address>0x4344</run_address>
         <size>0x28</size>
         <alignment>0x4</alignment>
         <input_file_ref idref="fl-3f"/>
      </object_component>
      <object_component id="oc-110">
         <name>.text.CY_Z_ReadLeFloat</name>
         <load_address>0x436c</load_address>
         <readonly>true</readonly>
         <executable>true</executable>
         <run_address>0x436c</run_address>
         <size>0x26</size>
         <alignment>0x2</alignment>
         <input_file_ref idref="fl-4"/>
      </object_component>
      <object_component id="oc-1c3">
         <name>.text.DL_I2C_setAnalogGlitchFilterPulseWidth</name>
         <load_address>0x4392</load_address>
         <readonly>true</readonly>
         <executable>true</executable>
         <run_address>0x4392</run_address>
         <size>0x26</size>
         <alignment>0x2</alignment>
         <input_file_ref idref="fl-2"/>
      </object_component>
      <object_component id="oc-1bd">
         <name>.text.DL_I2C_setClockConfig</name>
         <load_address>0x43b8</load_address>
         <readonly>true</readonly>
         <executable>true</executable>
         <run_address>0x43b8</run_address>
         <size>0x26</size>
         <alignment>0x2</alignment>
         <input_file_ref idref="fl-1e"/>
      </object_component>
      <object_component id="oc-15a">
         <name>.text.UART_SendStr</name>
         <load_address>0x43de</load_address>
         <readonly>true</readonly>
         <executable>true</executable>
         <run_address>0x43de</run_address>
         <size>0x26</size>
         <alignment>0x2</alignment>
         <input_file_ref idref="fl-f"/>
      </object_component>
      <object_component id="oc-249">
         <name>.text</name>
         <load_address>0x4404</load_address>
         <readonly>true</readonly>
         <executable>true</executable>
         <run_address>0x4404</run_address>
         <size>0x24</size>
         <alignment>0x4</alignment>
         <input_file_ref idref="fl-169"/>
      </object_component>
      <object_component id="oc-235">
         <name>.text.memccpy</name>
         <load_address>0x4428</load_address>
         <readonly>true</readonly>
         <executable>true</executable>
         <run_address>0x4428</run_address>
         <size>0x22</size>
         <alignment>0x2</alignment>
         <input_file_ref idref="fl-50"/>
      </object_component>
      <object_component id="oc-1a4">
         <name>.text.DL_GPIO_initPeripheralInputFunction</name>
         <load_address>0x444c</load_address>
         <readonly>true</readonly>
         <executable>true</executable>
         <run_address>0x444c</run_address>
         <size>0x20</size>
         <alignment>0x4</alignment>
         <input_file_ref idref="fl-2"/>
      </object_component>
      <object_component id="oc-1d3">
         <name>.text.DL_UART_setOversampling</name>
         <load_address>0x446c</load_address>
         <readonly>true</readonly>
         <executable>true</executable>
         <run_address>0x446c</run_address>
         <size>0x1e</size>
         <alignment>0x2</alignment>
         <input_file_ref idref="fl-2"/>
      </object_component>
      <object_component id="oc-2a0">
         <name>.text</name>
         <load_address>0x448c</load_address>
         <readonly>true</readonly>
         <executable>true</executable>
         <run_address>0x448c</run_address>
         <size>0x1e</size>
         <alignment>0x4</alignment>
         <input_file_ref idref="fl-178"/>
      </object_component>
      <object_component id="oc-22b">
         <name>.text.DL_GPIO_enableHiZ</name>
         <load_address>0x44ac</load_address>
         <readonly>true</readonly>
         <executable>true</executable>
         <run_address>0x44ac</run_address>
         <size>0x1c</size>
         <alignment>0x4</alignment>
         <input_file_ref idref="fl-a"/>
      </object_component>
      <object_component id="oc-1a3">
         <name>.text.DL_GPIO_enableHiZ</name>
         <load_address>0x44c8</load_address>
         <readonly>true</readonly>
         <executable>true</executable>
         <run_address>0x44c8</run_address>
         <size>0x1c</size>
         <alignment>0x4</alignment>
         <input_file_ref idref="fl-2"/>
      </object_component>
      <object_component id="oc-12e">
         <name>.text.DL_GPIO_enableInterrupt</name>
         <load_address>0x44e4</load_address>
         <readonly>true</readonly>
         <executable>true</executable>
         <run_address>0x44e4</run_address>
         <size>0x1c</size>
         <alignment>0x4</alignment>
         <input_file_ref idref="fl-5"/>
      </object_component>
      <object_component id="oc-1a0">
         <name>.text.DL_GPIO_initPeripheralOutputFunction</name>
         <load_address>0x4500</load_address>
         <readonly>true</readonly>
         <executable>true</executable>
         <run_address>0x4500</run_address>
         <size>0x1c</size>
         <alignment>0x4</alignment>
         <input_file_ref idref="fl-2"/>
      </object_component>
      <object_component id="oc-12d">
         <name>.text.DL_GPIO_setLowerPinsPolarity</name>
         <load_address>0x451c</load_address>
         <readonly>true</readonly>
         <executable>true</executable>
         <run_address>0x451c</run_address>
         <size>0x1c</size>
         <alignment>0x4</alignment>
         <input_file_ref idref="fl-5"/>
      </object_component>
      <object_component id="oc-147">
         <name>.text.DL_I2C_getSDAStatus</name>
         <load_address>0x4538</load_address>
         <readonly>true</readonly>
         <executable>true</executable>
         <run_address>0x4538</run_address>
         <size>0x1c</size>
         <alignment>0x4</alignment>
         <input_file_ref idref="fl-a"/>
      </object_component>
      <object_component id="oc-65">
         <name>.text.DL_Interrupt_getPendingGroup</name>
         <load_address>0x4554</load_address>
         <readonly>true</readonly>
         <executable>true</executable>
         <run_address>0x4554</run_address>
         <size>0x1c</size>
         <alignment>0x4</alignment>
         <input_file_ref idref="fl-e"/>
      </object_component>
      <object_component id="oc-1ad">
         <name>.text.DL_SYSCTL_setMCLKDivider</name>
         <load_address>0x4570</load_address>
         <readonly>true</readonly>
         <executable>true</executable>
         <run_address>0x4570</run_address>
         <size>0x1c</size>
         <alignment>0x4</alignment>
         <input_file_ref idref="fl-2"/>
      </object_component>
      <object_component id="oc-1a9">
         <name>.text.DL_SYSCTL_setSYSOSCFreq</name>
         <load_address>0x458c</load_address>
         <readonly>true</readonly>
         <executable>true</executable>
         <run_address>0x458c</run_address>
         <size>0x1c</size>
         <alignment>0x4</alignment>
         <input_file_ref idref="fl-2"/>
      </object_component>
      <object_component id="oc-1ac">
         <name>.text.DL_SYSCTL_setULPCLKDivider</name>
         <load_address>0x45a8</load_address>
         <readonly>true</readonly>
         <executable>true</executable>
         <run_address>0x45a8</run_address>
         <size>0x1c</size>
         <alignment>0x4</alignment>
         <input_file_ref idref="fl-2"/>
      </object_component>
      <object_component id="oc-1b7">
         <name>.text.DL_Timer_setCaptCompUpdateMethod</name>
         <load_address>0x45c4</load_address>
         <readonly>true</readonly>
         <executable>true</executable>
         <run_address>0x45c4</run_address>
         <size>0x1c</size>
         <alignment>0x4</alignment>
         <input_file_ref idref="fl-1f"/>
      </object_component>
      <object_component id="oc-1ae">
         <name>.text.DL_Timer_setClockConfig</name>
         <load_address>0x45e0</load_address>
         <readonly>true</readonly>
         <executable>true</executable>
         <run_address>0x45e0</run_address>
         <size>0x1c</size>
         <alignment>0x4</alignment>
         <input_file_ref idref="fl-1f"/>
      </object_component>
      <object_component id="oc-1d5">
         <name>.text.DL_UART_enableInterrupt</name>
         <load_address>0x45fc</load_address>
         <readonly>true</readonly>
         <executable>true</executable>
         <run_address>0x45fc</run_address>
         <size>0x1c</size>
         <alignment>0x4</alignment>
         <input_file_ref idref="fl-2"/>
      </object_component>
      <object_component id="oc-c6">
         <name>.text.Interrupt_Init</name>
         <load_address>0x4618</load_address>
         <readonly>true</readonly>
         <executable>true</executable>
         <run_address>0x4618</run_address>
         <size>0x1c</size>
         <alignment>0x4</alignment>
         <input_file_ref idref="fl-e"/>
      </object_component>
      <object_component id="oc-1f1">
         <name>.text.UART_SendByte</name>
         <load_address>0x4634</load_address>
         <readonly>true</readonly>
         <executable>true</executable>
         <run_address>0x4634</run_address>
         <size>0x1c</size>
         <alignment>0x4</alignment>
         <input_file_ref idref="fl-f"/>
      </object_component>
      <object_component id="oc-6d">
         <name>.text</name>
         <load_address>0x4650</load_address>
         <readonly>true</readonly>
         <executable>true</executable>
         <run_address>0x4650</run_address>
         <size>0x1a</size>
         <alignment>0x4</alignment>
         <input_file_ref idref="fl-173"/>
      </object_component>
      <object_component id="oc-229">
         <name>.text.DL_GPIO_enableOutput</name>
         <load_address>0x466c</load_address>
         <readonly>true</readonly>
         <executable>true</executable>
         <run_address>0x466c</run_address>
         <size>0x18</size>
         <alignment>0x4</alignment>
         <input_file_ref idref="fl-a"/>
      </object_component>
      <object_component id="oc-1a1">
         <name>.text.DL_GPIO_enableOutput</name>
         <load_address>0x4684</load_address>
         <readonly>true</readonly>
         <executable>true</executable>
         <run_address>0x4684</run_address>
         <size>0x18</size>
         <alignment>0x4</alignment>
         <input_file_ref idref="fl-2"/>
      </object_component>
      <object_component id="oc-198">
         <name>.text.DL_GPIO_enablePower</name>
         <load_address>0x469c</load_address>
         <readonly>true</readonly>
         <executable>true</executable>
         <run_address>0x469c</run_address>
         <size>0x18</size>
         <alignment>0x4</alignment>
         <input_file_ref idref="fl-2"/>
      </object_component>
      <object_component id="oc-227">
         <name>.text.DL_GPIO_initDigitalOutput</name>
         <load_address>0x46b4</load_address>
         <readonly>true</readonly>
         <executable>true</executable>
         <run_address>0x46b4</run_address>
         <size>0x18</size>
         <alignment>0x4</alignment>
         <input_file_ref idref="fl-a"/>
      </object_component>
      <object_component id="oc-1a5">
         <name>.text.DL_GPIO_initDigitalOutput</name>
         <load_address>0x46cc</load_address>
         <readonly>true</readonly>
         <executable>true</executable>
         <run_address>0x46cc</run_address>
         <size>0x18</size>
         <alignment>0x4</alignment>
[...]
         <value>0x4bb1</value>
         <object_component_ref idref="oc-a5"/>
      </symbol>
      <symbol id="sm-2fe">
         <name>UART_SendByte</name>
         <value>0x4635</value>
         <object_component_ref idref="oc-1f1"/>
      </symbol>
      <symbol id="sm-2ff">
         <name>UART_SendStr</name>
         <value>0x43df</value>
         <object_component_ref idref="oc-15a"/>
      </symbol>
      <symbol id="sm-300">
         <name>UART_Printf</name>
         <value>0x3e6d</value>
         <object_component_ref idref="oc-cf"/>
      </symbol>
      <symbol id="sm-301">
         <name>__TI_ATRegion0_src_addr</name>
         <value>0x0</value>
      </symbol>
      <symbol id="sm-302">
         <name>__TI_ATRegion0_trg_addr</name>
         <value>0x0</value>
      </symbol>
      <symbol id="sm-303">
         <name>__TI_ATRegion0_region_sz</name>
         <value>0x0</value>
      </symbol>
      <symbol id="sm-304">
         <name>__TI_ATRegion1_src_addr</name>
         <value>0x0</value>
      </symbol>
      <symbol id="sm-305">
         <name>__TI_ATRegion1_trg_addr</name>
         <value>0x0</value>
      </symbol>
      <symbol id="sm-306">
         <name>__TI_ATRegion1_region_sz</name>
         <value>0x0</value>
      </symbol>
      <symbol id="sm-307">
         <name>__TI_ATRegion2_src_addr</name>
         <value>0x0</value>
      </symbol>
      <symbol id="sm-308">
         <name>__TI_ATRegion2_trg_addr</name>
         <value>0x0</value>
      </symbol>
      <symbol id="sm-309">
         <name>__TI_ATRegion2_region_sz</name>
         <value>0x0</value>
      </symbol>
      <symbol id="sm-312">
         <name>DL_Common_delayCycles</name>
         <value>0x4bfb</value>
         <object_component_ref idref="oc-19c"/>
      </symbol>
      <symbol id="sm-31e">
         <name>DL_I2C_setClockConfig</name>
         <value>0x43b9</value>
         <object_component_ref idref="oc-1bd"/>
      </symbol>
      <symbol id="sm-31f">
         <name>DL_I2C_fillControllerTXFIFO</name>
         <value>0x33e5</value>
         <object_component_ref idref="oc-1e7"/>
      </symbol>
      <symbol id="sm-336">
         <name>DL_Timer_setClockConfig</name>
         <value>0x45e1</value>
         <object_component_ref idref="oc-1ae"/>
      </symbol>
      <symbol id="sm-337">
         <name>DL_Timer_setCaptureCompareValue</name>
         <value>0x4b71</value>
         <object_component_ref idref="oc-1b8"/>
      </symbol>
      <symbol id="sm-338">
         <name>DL_Timer_setCaptCompUpdateMethod</name>
         <value>0x45c5</value>
         <object_component_ref idref="oc-1b7"/>
      </symbol>
      <symbol id="sm-339">
         <name>DL_Timer_setCaptureCompareOutCtl</name>
         <value>0x4895</value>
         <object_component_ref idref="oc-1b6"/>
      </symbol>
      <symbol id="sm-33a">
         <name>DL_Timer_initFourCCPWMMode</name>
         <value>0x2105</value>
         <object_component_ref idref="oc-1b4"/>
      </symbol>
      <symbol id="sm-34a">
         <name>DL_UART_init</name>
         <value>0x3b11</value>
         <object_component_ref idref="oc-1d2"/>
      </symbol>
      <symbol id="sm-34b">
         <name>DL_UART_setClockConfig</name>
         <value>0x4ae5</value>
         <object_component_ref idref="oc-1cc"/>
      </symbol>
      <symbol id="sm-34c">
         <name>DL_UART_transmitDataBlocking</name>
         <value>0x402d</value>
         <object_component_ref idref="oc-1ec"/>
      </symbol>
      <symbol id="sm-35d">
         <name>snprintf</name>
         <value>0x3be9</value>
         <object_component_ref idref="oc-d8"/>
      </symbol>
      <symbol id="sm-36e">
         <name>vsnprintf</name>
         <value>0x3cf9</value>
         <object_component_ref idref="oc-154"/>
      </symbol>
      <symbol id="sm-379">
         <name>_c_int00_noargs</name>
         <value>0x4345</value>
         <object_component_ref idref="oc-5a"/>
      </symbol>
      <symbol id="sm-37a">
         <name>__stack</name>
         <value>0x20207e00</value>
         <object_component_ref idref="oc-1a"/>
      </symbol>
      <symbol id="sm-389">
         <name>__TI_auto_init_nobinit_nopinit</name>
         <value>0x3ea9</value>
         <object_component_ref idref="oc-fc"/>
      </symbol>
      <symbol id="sm-391">
         <name>_system_pre_init</name>
         <value>0x4c81</value>
         <object_component_ref idref="oc-71"/>
      </symbol>
      <symbol id="sm-39c">
         <name>__TI_zero_init_nomemset</name>
         <value>0x4991</value>
         <object_component_ref idref="oc-51"/>
      </symbol>
      <symbol id="sm-3a5">
         <name>__TI_decompress_none</name>
         <value>0x4b2d</value>
         <object_component_ref idref="oc-20"/>
      </symbol>
      <symbol id="sm-3b0">
         <name>__TI_decompress_lzss</name>
         <value>0x3071</value>
         <object_component_ref idref="oc-1c"/>
      </symbol>
      <symbol id="sm-3fd">
         <name>__TI_printfi</name>
         <value>0xc1</value>
         <object_component_ref idref="oc-202"/>
      </symbol>
      <symbol id="sm-408">
         <name>__aeabi_errno_addr</name>
         <value>0x4c4d</value>
         <object_component_ref idref="oc-244"/>
      </symbol>
      <symbol id="sm-409">
         <name>__aeabi_errno</name>
         <value>0x2020015c</value>
         <object_component_ref idref="oc-26f"/>
      </symbol>
      <symbol id="sm-413">
         <name>abort</name>
         <value>0x4c5d</value>
         <object_component_ref idref="oc-f5"/>
      </symbol>
      <symbol id="sm-41d">
         <name>__TI_ltoa</name>
         <value>0x360d</value>
         <object_component_ref idref="oc-28a"/>
      </symbol>
      <symbol id="sm-429">
         <name>atoi</name>
         <value>0x3c75</value>
         <object_component_ref idref="oc-23c"/>
      </symbol>
      <symbol id="sm-433">
         <name>memccpy</name>
         <value>0x4429</value>
         <object_component_ref idref="oc-235"/>
      </symbol>
      <symbol id="sm-43e">
         <name>frexp</name>
         <value>0x3445</value>
         <object_component_ref idref="oc-27e"/>
      </symbol>
      <symbol id="sm-43f">
         <name>frexpl</name>
         <value>0x3445</value>
         <object_component_ref idref="oc-27e"/>
      </symbol>
      <symbol id="sm-449">
         <name>scalbn</name>
         <value>0x23e9</value>
         <object_component_ref idref="oc-282"/>
      </symbol>
      <symbol id="sm-44a">
         <name>ldexp</name>
         <value>0x23e9</value>
         <object_component_ref idref="oc-282"/>
      </symbol>
      <symbol id="sm-44b">
         <name>scalbnl</name>
         <value>0x23e9</value>
         <object_component_ref idref="oc-282"/>
      </symbol>
      <symbol id="sm-44c">
         <name>ldexpl</name>
         <value>0x23e9</value>
         <object_component_ref idref="oc-282"/>
      </symbol>
      <symbol id="sm-455">
         <name>wcslen</name>
         <value>0x4bc1</value>
         <object_component_ref idref="oc-240"/>
      </symbol>
      <symbol id="sm-45b">
         <name>__aeabi_ctype_table_</name>
         <value>0x54b0</value>
         <object_component_ref idref="oc-268"/>
      </symbol>
      <symbol id="sm-45c">
         <name>__aeabi_ctype_table_C</name>
         <value>0x54b0</value>
         <object_component_ref idref="oc-268"/>
      </symbol>
      <symbol id="sm-467">
         <name>HOSTexit</name>
         <value>0x4c67</value>
         <object_component_ref idref="oc-183"/>
      </symbol>
      <symbol id="sm-468">
         <name>C$$EXIT</name>
         <value>0x4c66</value>
         <object_component_ref idref="oc-183"/>
      </symbol>
      <symbol id="sm-47d">
         <name>__aeabi_fadd</name>
         <value>0x24cf</value>
         <object_component_ref idref="oc-16b"/>
      </symbol>
      <symbol id="sm-47e">
         <name>__addsf3</name>
         <value>0x24cf</value>
         <object_component_ref idref="oc-16b"/>
      </symbol>
      <symbol id="sm-47f">
         <name>__aeabi_fsub</name>
         <value>0x24c5</value>
         <object_component_ref idref="oc-16b"/>
      </symbol>
      <symbol id="sm-480">
         <name>__subsf3</name>
         <value>0x24c5</value>
         <object_component_ref idref="oc-16b"/>
      </symbol>
      <symbol id="sm-486">
         <name>__aeabi_dadd</name>
         <value>0x16f7</value>
         <object_component_ref idref="oc-292"/>
      </symbol>
      <symbol id="sm-487">
         <name>__adddf3</name>
         <value>0x16f7</value>
         <object_component_ref idref="oc-292"/>
      </symbol>
      <symbol id="sm-488">
         <name>__aeabi_dsub</name>
         <value>0x16ed</value>
         <object_component_ref idref="oc-292"/>
      </symbol>
      <symbol id="sm-489">
         <name>__subdf3</name>
         <value>0x16ed</value>
         <object_component_ref idref="oc-292"/>
      </symbol>
      <symbol id="sm-492">
         <name>__aeabi_fmul</name>
         <value>0x2bd1</value>
         <object_component_ref idref="oc-16f"/>
      </symbol>
      <symbol id="sm-493">
         <name>__mulsf3</name>
         <value>0x2bd1</value>
         <object_component_ref idref="oc-16f"/>
      </symbol>
      <symbol id="sm-499">
         <name>__aeabi_f2d</name>
         <value>0x3d79</value>
         <object_component_ref idref="oc-d4"/>
      </symbol>
      <symbol id="sm-49a">
         <name>__extendsfdf2</name>
         <value>0x3d79</value>
         <object_component_ref idref="oc-d4"/>
      </symbol>
      <symbol id="sm-4a0">
         <name>__aeabi_d2iz</name>
         <value>0x3ac5</value>
         <object_component_ref idref="oc-286"/>
      </symbol>
      <symbol id="sm-4a1">
         <name>__fixdfsi</name>
         <value>0x3ac5</value>
         <object_component_ref idref="oc-286"/>
      </symbol>
      <symbol id="sm-4a7">
         <name>__aeabi_f2iz</name>
         <value>0x3f5d</value>
         <object_component_ref idref="oc-178"/>
      </symbol>
      <symbol id="sm-4a8">
         <name>__fixsfsi</name>
         <value>0x3f5d</value>
         <object_component_ref idref="oc-178"/>
      </symbol>
      <symbol id="sm-4ae">
         <name>__aeabi_i2d</name>
         <value>0x4225</value>
         <object_component_ref idref="oc-28e"/>
      </symbol>
      <symbol id="sm-4af">
         <name>__floatsidf</name>
         <value>0x4225</value>
         <object_component_ref idref="oc-28e"/>
      </symbol>
      <symbol id="sm-4b5">
         <name>__aeabi_i2f</name>
         <value>0x3ee5</value>
         <object_component_ref idref="oc-167"/>
      </symbol>
      <symbol id="sm-4b6">
         <name>__floatsisf</name>
         <value>0x3ee5</value>
         <object_component_ref idref="oc-167"/>
      </symbol>
      <symbol id="sm-4bc">
         <name>__aeabi_lmul</name>
         <value>0x4405</value>
         <object_component_ref idref="oc-249"/>
      </symbol>
      <symbol id="sm-4bd">
         <name>__muldi3</name>
         <value>0x4405</value>
         <object_component_ref idref="oc-249"/>
      </symbol>
      <symbol id="sm-4ce">
         <name>__ledf2</name>
         <value>0x32b1</value>
         <object_component_ref idref="oc-27b"/>
      </symbol>
      <symbol id="sm-4cf">
         <name>__gedf2</name>
         <value>0x30ed</value>
         <object_component_ref idref="oc-27c"/>
      </symbol>
      <symbol id="sm-4d0">
         <name>__unorddf2</name>
         <value>0x408d</value>
         <object_component_ref idref="oc-252"/>
      </symbol>
      <symbol id="sm-4d1">
         <name>__cmpdf2</name>
         <value>0x32b1</value>
         <object_component_ref idref="oc-27b"/>
      </symbol>
      <symbol id="sm-4d2">
         <name>__eqdf2</name>
         <value>0x32b1</value>
         <object_component_ref idref="oc-27b"/>
      </symbol>
      <symbol id="sm-4d3">
         <name>__ltdf2</name>
         <value>0x32b1</value>
         <object_component_ref idref="oc-27b"/>
      </symbol>
      <symbol id="sm-4d4">
         <name>__nedf2</name>
         <value>0x32b1</value>
         <object_component_ref idref="oc-27b"/>
      </symbol>
      <symbol id="sm-4d5">
         <name>__gtdf2</name>
         <value>0x30ed</value>
         <object_component_ref idref="oc-27c"/>
      </symbol>
      <symbol id="sm-4d6">
         <name>__aeabi_dcmpun</name>
         <value>0x408d</value>
         <object_component_ref idref="oc-252"/>
      </symbol>
      <symbol id="sm-4dc">
         <name>__aeabi_dcmpeq</name>
         <value>0x34fd</value>
         <object_component_ref idref="oc-258"/>
      </symbol>
      <symbol id="sm-4dd">
         <name>__aeabi_dcmplt</name>
         <value>0x350f</value>
         <object_component_ref idref="oc-258"/>
      </symbol>
      <symbol id="sm-4de">
         <name>__aeabi_dcmple</name>
         <value>0x3521</value>
         <object_component_ref idref="oc-258"/>
      </symbol>
      <symbol id="sm-4df">
         <name>__aeabi_dcmpge</name>
         <value>0x3533</value>
         <object_component_ref idref="oc-258"/>
      </symbol>
      <symbol id="sm-4e0">
         <name>__aeabi_dcmpgt</name>
         <value>0x3545</value>
         <object_component_ref idref="oc-258"/>
      </symbol>
      <symbol id="sm-4ea">
         <name>__aeabi_ddiv</name>
         <value>0x4c3b</value>
         <object_component_ref idref="oc-2c2"/>
      </symbol>
      <symbol id="sm-4f4">
         <name>__aeabi_dmul</name>
         <value>0x4c43</value>
         <object_component_ref idref="oc-2bb"/>
      </symbol>
      <symbol id="sm-4fa">
         <name>__aeabi_fcmpeq</name>
         <value>0x3559</value>
         <object_component_ref idref="oc-173"/>
      </symbol>
      <symbol id="sm-4fb">
         <name>__aeabi_fcmplt</name>
         <value>0x356b</value>
         <object_component_ref idref="oc-173"/>
      </symbol>
      <symbol id="sm-4fc">
         <name>__aeabi_fcmple</name>
         <value>0x357d</value>
         <object_component_ref idref="oc-173"/>
      </symbol>
      <symbol id="sm-4fd">
         <name>__aeabi_fcmpge</name>
         <value>0x358f</value>
         <object_component_ref idref="oc-173"/>
      </symbol>
      <symbol id="sm-4fe">
         <name>__aeabi_fcmpgt</name>
         <value>0x35a1</value>
         <object_component_ref idref="oc-173"/>
      </symbol>
      <symbol id="sm-504">
         <name>__aeabi_idiv</name>
         <value>0x36bd</value>
         <object_component_ref idref="oc-2ac"/>
      </symbol>
      <symbol id="sm-505">
         <name>__aeabi_idivmod</name>
         <value>0x36bd</value>
         <object_component_ref idref="oc-2ac"/>
      </symbol>
      <symbol id="sm-50b">
         <name>__aeabi_uidiv</name>
         <value>0x3d39</value>
         <object_component_ref idref="oc-1f3"/>
      </symbol>
      <symbol id="sm-50c">
         <name>__aeabi_uidivmod</name>
         <value>0x3d39</value>
         <object_component_ref idref="oc-1f3"/>
      </symbol>
      <symbol id="sm-512">
         <name>__aeabi_uldivmod</name>
         <value>0x4aad</value>
         <object_component_ref idref="oc-24e"/>
      </symbol>
      <symbol id="sm-518">
         <name>__aeabi_memcpy</name>
         <value>0x4c55</value>
         <object_component_ref idref="oc-4a"/>
      </symbol>
      <symbol id="sm-519">
         <name>__aeabi_memcpy4</name>
         <value>0x4c55</value>
         <object_component_ref idref="oc-4a"/>
      </symbol>
      <symbol id="sm-51a">
         <name>__aeabi_memcpy8</name>
         <value>0x4c55</value>
         <object_component_ref idref="oc-4a"/>
      </symbol>
      <symbol id="sm-520">
         <name>__aeabi_memset</name>
         <value>0x4651</value>
         <object_component_ref idref="oc-6d"/>
      </symbol>
      <symbol id="sm-521">
         <name>__aeabi_memset4</name>
         <value>0x4651</value>
         <object_component_ref idref="oc-6d"/>
      </symbol>
      <symbol id="sm-522">
         <name>__aeabi_memset8</name>
         <value>0x4651</value>
         <object_component_ref idref="oc-6d"/>
      </symbol>
      <symbol id="sm-523">
         <name>__aeabi_memclr</name>
         <value>0x465f</value>
         <object_component_ref idref="oc-6d"/>
      </symbol>
      <symbol id="sm-524">
         <name>__aeabi_memclr4</name>
         <value>0x465f</value>
         <object_component_ref idref="oc-6d"/>
      </symbol>
      <symbol id="sm-525">
         <name>__aeabi_memclr8</name>
         <value>0x465f</value>
         <object_component_ref idref="oc-6d"/>
      </symbol>
      <symbol id="sm-52b">
         <name>__eqsf2</name>
         <value>0x2b45</value>
         <object_component_ref idref="oc-20a"/>
      </symbol>
      <symbol id="sm-52c">
         <name>__lesf2</name>
         <value>0x2b45</value>
         <object_component_ref idref="oc-20a"/>
      </symbol>
      <symbol id="sm-52d">
         <name>__ltsf2</name>
         <value>0x2b45</value>
         <object_component_ref idref="oc-20a"/>
      </symbol>
      <symbol id="sm-52e">
         <name>__nesf2</name>
         <value>0x2b45</value>
         <object_component_ref idref="oc-20a"/>
      </symbol>
      <symbol id="sm-52f">
         <name>__cmpsf2</name>
         <value>0x2b45</value>
         <object_component_ref idref="oc-20a"/>
      </symbol>
      <symbol id="sm-530">
         <name>__gtsf2</name>
         <value>0x2b7f</value>
         <object_component_ref idref="oc-20a"/>
      </symbol>
      <symbol id="sm-531">
         <name>__gesf2</name>
         <value>0x2b7f</value>
         <object_component_ref idref="oc-20a"/>
      </symbol>
      <symbol id="sm-532">
         <name>__unordsf2</name>
         <value>0x2bbb</value>
         <object_component_ref idref="oc-20a"/>
      </symbol>
      <symbol id="sm-533">
         <name>__aeabi_fcmpun</name>
         <value>0x2bbb</value>
         <object_component_ref idref="oc-20a"/>
      </symbol>
      <symbol id="sm-539">
         <name>__udivmoddi4</name>
         <value>0x27b9</value>
         <object_component_ref idref="oc-274"/>
      </symbol>
      <symbol id="sm-53f">
         <name>__muldf3</name>
         <value>0x2305</value>
         <object_component_ref idref="oc-2cb"/>
      </symbol>
      <symbol id="sm-545">
         <name>__muldsi3</name>
         <value>0x3f21</value>
         <object_component_ref idref="oc-205"/>
      </symbol>
      <symbol id="sm-54b">
         <name>__aeabi_llsl</name>
         <value>0x448d</value>
         <object_component_ref idref="oc-2a0"/>
      </symbol>
      <symbol id="sm-54c">
         <name>__ashldi3</name>
         <value>0x448d</value>
         <object_component_ref idref="oc-2a0"/>
      </symbol>
      <symbol id="sm-552">
         <name>__divdf3</name>
         <value>0x1dc1</value>
         <object_component_ref idref="oc-2d5"/>
      </symbol>
      <symbol id="sm-55e">
         <name>__aeabi_idiv0</name>
         <value>0x187f</value>
         <object_component_ref idref="oc-22e"/>
      </symbol>
      <symbol id="sm-55f">
         <name>__aeabi_ldiv0</name>
         <value>0x1edb</value>
         <object_component_ref idref="oc-29f"/>
      </symbol>
      <symbol id="sm-56b">
         <name>TI_memcpy_small</name>
         <value>0x4b1b</value>
         <object_component_ref idref="oc-96"/>
      </symbol>
      <symbol id="sm-574">
         <name>TI_memset_small</name>
         <value>0x4bed</value>
         <object_component_ref idref="oc-112"/>
      </symbol>
      <symbol id="sm-575">
         <name>__TI_static_base__</name>
         <value>0x0</value>
      </symbol>
      <symbol id="sm-579">
         <name>__mpu_init</name>
         <value>0x0</value>
      </symbol>
      <symbol id="sm-57a">
         <name>_system_post_cinit</name>
         <value>0x0</value>
      </symbol>
   </symbol_table>
   <title>Link successful</title>
</link_info>
