******************************************************************************
            TI ARM Clang Linker PC v5.1.1                      
******************************************************************************
>> Linked Tue Jul 21 18:44:46 2026

OUTPUT FILE NAME:   <empty_LP_MSPM0G3507_nortos_ticlang.out>
ENTRY POINT SYMBOL: "_c_int00_noargs"  address: 000021b1


MEMORY CONFIGURATION

         name            origin    length      used     unused   attr    fill
----------------------  --------  ---------  --------  --------  ----  --------
  FLASH                 00000000   00020000  00002838  0001d7c8  R  X
  SRAM                  20200000   00008000  00000379  00007c87  RW X
  BCR_CONFIG            41c00000   000000ff  00000000  000000ff  R   
  BSL_CONFIG            41c00100   00000080  00000000  00000080  R   


SEGMENT ALLOCATION MAP

run origin  load origin   length   init length attrs members
----------  ----------- ---------- ----------- ----- -------
00000000    00000000    00002838   00002838    r-x
  00000000    00000000    000000c0   000000c0    r-- .intvecs
  000000c0    000000c0    000026a0   000026a0    r-x .text
  00002760    00002760    000000a0   000000a0    r-- .rodata
  00002800    00002800    00000038   00000038    r-- .cinit
20200000    20200000    0000017a   00000000    rw-
  20200000    20200000    00000137   00000000    rw- .bss
  20200138    20200138    00000042   00000000    rw- .data
20207e00    20207e00    00000200   00000000    rw-
  20207e00    20207e00    00000200   00000000    rw- .stack


SECTION ALLOCATION MAP

 output                                  attributes/
section   page    origin      length       input sections
--------  ----  ----------  ----------   ----------------
.intvecs   0    00000000    000000c0     
                  00000000    000000c0     startup_mspm0g350x_ticlang.o (.intvecs)

.text      0    000000c0    000026a0     
                  000000c0    000006c0     empty.o (.text.main)
                  00000780    00000168     motor.o (.text.Set_Speed)
                  000008e8    0000015c     motor.o (.text.Motor_Ctrl_Straight)
                  00000a44    00000140     jy60.o (.text.JY60_ParseByte)
                  00000b84    00000140     motor.o (.text.Motor_Ctrl)
                  00000cc4    00000110     encoder.o (.text.GROUP1_IRQHandler)
                  00000dd4    00000104     driverlib.a : dl_timer.o (.text.DL_Timer_initFourCCPWMMode)
                  00000ed8    000000fc     ti_msp_dl_config.o (.text.SYSCFG_DL_GPIO_init)
                  00000fd4    000000d8     libclang_rt.builtins.a : addsf3.S.obj (.text)
                  000010ac    000000d4     motor.o (.text.Motor_Init_Control)
                  00001180    000000d0     encoder.o (.text.Encoder_Update)
                  00001250    000000d0     PID.o (.text.PID_Update)
                  00001320    000000a8     grayscale_sensor.o (.text.Grayscale_Read_All)
                  000013c8    000000a6     empty.o (.text.sendInt)
                  0000146e    00000002     usart.o (.text.USART_Init)
                  00001470    00000090     ti_msp_dl_config.o (.text.SYSCFG_DL_PWM_Motor_init)
                  00001500    0000008e     grayscale_sensor.o (.text.Grayscale_Data_To_CX)
                  0000158e    00000002     libclang_rt.builtins.a : aeabi_div0.c.obj (.text.__aeabi_idiv0)
                  00001590    0000008c     encoder.o (.text.Encoder_Init)
                  0000161c    0000008c     libclang_rt.builtins.a : comparesf2.S.obj (.text)
                  000016a8    0000008c                            : mulsf3.S.obj (.text)
                  00001734    00000082                            : divsf3.S.obj (.text)
                  000017b6    00000002     --HOLE-- [fill = 0]
                  000017b8    0000007c     ti_msp_dl_config.o (.text.SYSCFG_DL_initPower)
                  00001834    0000007c     libc.a : copy_decompress_lzss.c.obj (.text:decompress:lzss)
                  000018b0    00000078     empty.o (.text.sendFloat)
                  00001928    00000074     delay.o (.text.delay_us)
                  0000199c    0000005a     libclang_rt.builtins.a : aeabi_fcmp.S.obj (.text)
                  000019f6    00000002     --HOLE-- [fill = 0]
                  000019f8    00000056                            : aeabi_idivmod.S.obj (.text)
                  00001a4e    00000002     --HOLE-- [fill = 0]
                  00001a50    0000004c     driverlib.a : dl_dma.o (.text.DL_DMA_initChannel)
                  00001a9c    0000004c     encoder.o (.text.DL_GPIO_initDigitalInputFeatures)
                  00001ae8    0000004c     grayscale_sensor.o (.text.DL_GPIO_initDigitalInputFeatures)
                  00001b34    0000004c     jy60.o (.text.DL_GPIO_initDigitalInputFeatures)
                  00001b80    0000004c     ti_msp_dl_config.o (.text.DL_GPIO_initDigitalInputFeatures)
                  00001bcc    0000004c     ti_msp_dl_config.o (.text.DL_UART_setBaudRateDivisor)
                  00001c18    00000048     driverlib.a : dl_uart.o (.text.DL_UART_init)
                  00001c60    00000048     grayscale_sensor.o (.text.Grayscale_Update)
                  00001ca8    00000048     jy60.o (.text.JY60_Init)
                  00001cf0    00000048     motor.o (.text.Motor_Reset_All_PID)
                  00001d38    00000048     ti_msp_dl_config.o (.text.SYSCFG_DL_UART_0_init)
                  00001d80    00000048     ti_msp_dl_config.o (.text.SYSCFG_DL_UART_JY60_init)
                  00001dc8    00000048     ti_msp_dl_config.o (.text.SYSCFG_DL_UART_Sensor_init)
                  00001e10    00000040     libclang_rt.builtins.a : aeabi_uidivmod.S.obj (.text)
                  00001e50    0000003c     ti_msp_dl_config.o (.text.DL_Timer_setCounterControl)
                  00001e8c    0000003c     PID.o (.text.PID_Init)
                  00001ec8    0000003c     usart.o (.text.UART1_IRQHandler)
                  00001f04    0000003c     libc.a : autoinit.c.obj (.text:__TI_auto_init_nobinit_nopinit)
                  00001f40    0000003c     libclang_rt.builtins.a : floatsisf.S.obj (.text)
                  00001f7c    0000003a                            : muldsi3.S.obj (.text)
                  00001fb6    00000002     --HOLE-- [fill = 0]
                  00001fb8    00000038                            : fixsfsi.S.obj (.text)
                  00001ff0    00000034     grayscale_sensor.o (.text.Grayscale_Sensor_Init)
                  00002024    00000034     ti_msp_dl_config.o (.text.SYSCFG_DL_init)
                  00002058    0000002c     usart.o (.text.UART0_SendData)
                  00002084    0000002c     encoder.o (.text.__NVIC_ClearPendingIRQ)
                  000020b0    0000002c     jy60.o (.text.__NVIC_ClearPendingIRQ)
                  000020dc    0000002c     encoder.o (.text.__NVIC_EnableIRQ)
                  00002108    0000002c     jy60.o (.text.__NVIC_EnableIRQ)
                  00002134    0000002a     ti_msp_dl_config.o (.text.SYSCFG_DL_SYSCTL_init)
                  0000215e    00000028     ti_msp_dl_config.o (.text.DL_Common_updateReg)
                  00002186    00000002     --HOLE-- [fill = 0]
                  00002188    00000028     ti_msp_dl_config.o (.text.DL_SYSTICK_init)
                  000021b0    00000028     libc.a : boot_cortex_m.c.obj (.text:_c_int00_noargs)
                  000021d8    00000024     usart.o (.text.UART0_SendString)
                  000021fc    00000020     jy60.o (.text.DL_GPIO_initPeripheralInputFunction)
                  0000221c    00000020     ti_msp_dl_config.o (.text.DL_GPIO_initPeripheralInputFunction)
                  0000223c    0000001e     ti_msp_dl_config.o (.text.DL_UART_setOversampling)
                  0000225a    00000002     --HOLE-- [fill = 0]
                  0000225c    0000001c     encoder.o (.text.DL_GPIO_clearInterruptStatus)
                  00002278    0000001c     encoder.o (.text.DL_GPIO_enableInterrupt)
                  00002294    0000001c     ti_msp_dl_config.o (.text.DL_GPIO_initPeripheralOutputFunction)
                  000022b0    0000001c     ti_msp_dl_config.o (.text.DL_SYSCTL_setMCLKDivider)
                  000022cc    0000001c     ti_msp_dl_config.o (.text.DL_SYSCTL_setSYSOSCFreq)
                  000022e8    0000001c     ti_msp_dl_config.o (.text.DL_SYSCTL_setULPCLKDivider)
                  00002304    0000001c     driverlib.a : dl_timer.o (.text.DL_Timer_setCaptCompUpdateMethod)
                  00002320    0000001c                 : dl_timer.o (.text.DL_Timer_setClockConfig)
                  0000233c    0000001c     jy60.o (.text.DL_UART_enableInterrupt)
                  00002358    0000001c     ti_msp_dl_config.o (.text.DL_UART_enableInterrupt)
                  00002374    00000018     ti_msp_dl_config.o (.text.DL_GPIO_enableOutput)
                  0000238c    00000018     ti_msp_dl_config.o (.text.DL_GPIO_enablePower)
                  000023a4    00000018     encoder.o (.text.DL_GPIO_getEnabledInterruptStatus)
                  000023bc    00000018     ti_msp_dl_config.o (.text.DL_GPIO_initDigitalOutput)
                  000023d4    00000018     ti_msp_dl_config.o (.text.DL_GPIO_reset)
                  000023ec    00000018     empty.o (.text.DL_GPIO_setPins)
                  00002404    00000018     grayscale_sensor.o (.text.DL_GPIO_setPins)
                  0000241c    00000018     motor.o (.text.DL_GPIO_setPins)
                  00002434    00000018     ti_msp_dl_config.o (.text.DL_SYSCTL_setBORThreshold)
                  0000244c    00000018     ti_msp_dl_config.o (.text.DL_Timer_enablePower)
                  00002464    00000018     ti_msp_dl_config.o (.text.DL_Timer_reset)
                  0000247c    00000018     driverlib.a : dl_timer.o (.text.DL_Timer_setCaptureCompareOutCtl)
                  00002494    00000018     empty.o (.text.DL_Timer_startCounter)
                  000024ac    00000018     usart.o (.text.DL_UART_clearInterruptStatus)
                  000024c4    00000018     ti_msp_dl_config.o (.text.DL_UART_enableDMAReceiveEvent)
                  000024dc    00000018     ti_msp_dl_config.o (.text.DL_UART_enablePower)
                  000024f4    00000018     usart.o (.text.DL_UART_getRawInterruptStatus)
                  0000250c    00000018     usart.o (.text.DL_UART_isTXFIFOFull)
                  00002524    00000018     ti_msp_dl_config.o (.text.DL_UART_reset)
                  0000253c    00000018     ti_msp_dl_config.o (.text.SYSCFG_DL_DMA_CH0_init)
                  00002554    00000016     empty.o (.text.DL_GPIO_readPins)
                  0000256a    00000016     encoder.o (.text.DL_GPIO_readPins)
                  00002580    00000016     grayscale_sensor.o (.text.DL_GPIO_readPins)
                  00002596    00000016     ti_msp_dl_config.o (.text.DL_UART_enable)
                  000025ac    00000016     usart.o (.text.DL_UART_transmitData)
                  000025c2    00000016     delay.o (.text.delay_ms)
                  000025d8    00000016     libc.a : copy_zero_init.c.obj (.text:decompress:ZI:__TI_zero_init_nomemset)
                  000025ee    00000014     empty.o (.text.DL_GPIO_clearPins)
                  00002602    00000014     grayscale_sensor.o (.text.DL_GPIO_clearPins)
                  00002616    00000014     motor.o (.text.DL_GPIO_clearPins)
                  0000262a    00000014     ti_msp_dl_config.o (.text.DL_GPIO_clearPins)
                  0000263e    00000002     --HOLE-- [fill = 0]
                  00002640    00000014     ti_msp_dl_config.o (.text.DL_SYSCTL_disableSYSPLL)
                  00002654    00000014     ti_msp_dl_config.o (.text.DL_Timer_enableClock)
                  00002668    00000014     ti_msp_dl_config.o (.text.DL_Timer_setCCPDirection)
                  0000267c    00000014     usart.o (.text.DL_UART_receiveData)
                  00002690    00000014     motor.o (.text.Motor_On)
                  000026a4    00000012     driverlib.a : dl_uart.o (.text.DL_UART_setClockConfig)
                  000026b6    00000012     PID.o (.text.PID_Reset)
                  000026c8    00000012     libc.a : memcpy16.S.obj (.text:TI_memcpy_small)
                  000026da    00000012            : copy_decompress_none.c.obj (.text:decompress:none)
                  000026ec    00000010     ti_msp_dl_config.o (.text.DL_SYSCTL_disableHFXT)
                  000026fc    00000010     ti_msp_dl_config.o (.text.DL_SYSTICK_enable)
                  0000270c    00000010     driverlib.a : dl_timer.o (.text.DL_Timer_setCaptureCompareValue)
                  0000271c    0000000e     ti_msp_dl_config.o (.text.SYSCFG_DL_SYSTICK_init)
                  0000272a    0000000a     driverlib.a : dl_common.o (.text.DL_Common_delayCycles)
                  00002734    00000008     ti_msp_dl_config.o (.text.SYSCFG_DL_DMA_init)
                  0000273c    00000008     libclang_rt.builtins.a : aeabi_memcpy.S.obj (.text)
                  00002744    00000006     libc.a : exit.c.obj (.text:abort)
                  0000274a    00000004     startup_mspm0g350x_ticlang.o (.text.Default_Handler)
                  0000274e    00000004     libsysbm.a : hostexit.c.obj (.text.HOSTexit)
                  00002752    00000004     startup_mspm0g350x_ticlang.o (.text.Reset_Handler)
                  00002756    00000004     libc.a : pre_init.c.obj (.text._system_pre_init)
                  0000275a    00000006     --HOLE-- [fill = 0]

.cinit     0    00002800    00000038     
                  00002800    0000000d     (.cinit..data.load) [load image, compression = lzss]
                  0000280d    00000003     --HOLE-- [fill = 0]
                  00002810    0000000c     (__TI_handler_table)
                  0000281c    00000008     (.cinit..bss.load) [load image, compression = zero_init]
                  00002824    00000010     (__TI_cinit_table)
                  00002834    00000004     --HOLE-- [fill = 0]

.rodata    0    00002760    000000a0     
                  00002760    00000018     ti_msp_dl_config.o (.rodata.gDMA_CH0Config)
                  00002778    0000000a     ti_msp_dl_config.o (.rodata.gUART_0Config)
                  00002782    0000000a     ti_msp_dl_config.o (.rodata.gUART_JY60Config)
                  0000278c    0000000a     ti_msp_dl_config.o (.rodata.gUART_SensorConfig)
                  00002796    00000009     empty.o (.rodata.str1.7386103758396746866.1)
                  0000279f    00000001     --HOLE-- [fill = 0]
                  000027a0    00000008     ti_msp_dl_config.o (.rodata.gPWM_MotorConfig)
                  000027a8    00000008     empty.o (.rodata.str1.9517790425240694019.1)
                  000027b0    00000007     empty.o (.rodata.str1.150872071346279890.1)
                  000027b7    00000007     empty.o (.rodata.str1.16704889451495720520.1)
                  000027be    00000007     empty.o (.rodata.str1.7401042497206923953.1)
                  000027c5    00000006     empty.o (.rodata.str1.14685083708502177989.1)
                  000027cb    00000005     empty.o (.rodata.str1.11898133897667081452.1)
                  000027d0    00000004     empty.o (.rodata.str1.15706828512682300538.1)
                  000027d4    00000004     empty.o (.rodata.str1.17686411042290499047.1)
                  000027d8    00000004     empty.o (.rodata.str1.2196762768037919588.1)
                  000027dc    00000004     empty.o (.rodata.str1.4000995719088696555.1)
                  000027e0    00000004     empty.o (.rodata.str1.5792233746214848027.1)
                  000027e4    00000004     empty.o (.rodata.str1.9410084661655729462.1)
                  000027e8    00000003     ti_msp_dl_config.o (.rodata.gPWM_MotorClockConfig)
                  000027eb    00000003     empty.o (.rodata.str1.11822412164550770238.1)
                  000027ee    00000003     empty.o (.rodata.str1.15170238581331914936.1)
                  000027f1    00000002     ti_msp_dl_config.o (.rodata.gUART_0ClockConfig)
                  000027f3    00000002     ti_msp_dl_config.o (.rodata.gUART_JY60ClockConfig)
                  000027f5    00000002     ti_msp_dl_config.o (.rodata.gUART_SensorClockConfig)
                  000027f7    00000002     empty.o (.rodata.str1.17669528882079347314.1)
                  000027f9    00000002     empty.o (.rodata.str1.254342170260855183.1)
                  000027fb    00000005     --HOLE-- [fill = 0]

.init_array 
*          0    00000000    00000000     UNINITIALIZED

.binit     0    00000000    00000000     

.bss       0    20200000    00000137     UNINITIALIZED
                  20200000    000000bc     (.common:gPWM_MotorBackup)
                  202000bc    0000001c     (.common:pid_speed_L)
                  202000d8    0000001c     (.common:pid_speed_R)
                  202000f4    0000001c     (.common:pid_steering)
                  20200110    0000001c     (.common:pid_yaw)
                  2020012c    0000000b     jy60.o (.bss.s_frameBuf)

.data      0    20200138    00000042     UNINITIALIZED
                  20200138    00000014     jy60.o (.data.jy60_data)
                  2020014c    00000004     encoder.o (.data.enc_left_count)
                  20200150    00000004     encoder.o (.data.enc_left_count_prev)
                  20200154    00000004     encoder.o (.data.enc_left_filt)
                  20200158    00000004     encoder.o (.data.enc_right_count)
                  2020015c    00000004     encoder.o (.data.enc_right_count_prev)
                  20200160    00000004     encoder.o (.data.enc_right_filt)
                  20200164    00000004     empty.o (.data.main.dbg_tick)
                  20200168    00000004     motor.o (.data.pwm_L_filtered)
                  2020016c    00000004     motor.o (.data.pwm_R_filtered)
                  20200170    00000002     grayscale_sensor.o (.data.cx)
                  20200172    00000002     encoder.o (.data.enc_left_speed)
                  20200174    00000002     encoder.o (.data.enc_right_speed)
                  20200176    00000002     motor.o (.data.turn_adj)
                  20200178    00000001     grayscale_sensor.o (.data.g_sensor_raw_data)
                  20200179    00000001     jy60.o (.data.s_frameIdx)

.stack     0    20207e00    00000200     UNINITIALIZED
                  20207e00    00000004     libc.a : boot_cortex_m.c.obj (.stack)
                  20207e04    000001fc     --HOLE--

__llvm_prf_cnts 
*          0    20200000    00000000     UNINITIALIZED

__llvm_prf_bits 
*          0    20200000    00000000     UNINITIALIZED

MODULE SUMMARY

       Module                         code   ro data   rw data
       ------                         ----   -------   -------
    .\
       empty.o                        2104   83        4      
       ti_msp_dl_config.o             1744   71        188    
       startup_mspm0g350x_ticlang.o   8      192       0      
    +--+------------------------------+------+---------+---------+
       Total:                         3856   346       192    
                                                              
    .\Driver\
       motor.o                        1376   0         122    
       encoder.o                      886    0         28     
       jy60.o                         616    0         32     
       grayscale_sensor.o             576    0         3      
       PID.o                          286    0         0      
    +--+------------------------------+------+---------+---------+
       Total:                         3740   0         185    
                                                              
    .\System\
       usart.o                        256    0         0      
       delay.o                        138    0         0      
    +--+------------------------------+------+---------+---------+
       Total:                         394    0         0      
                                                              
    D:/DOWDLOAD/CCSTUDIO/Sample_Code/source/ti/driverlib/lib/ticlang/m0p/mspm0g1x0x_g3x0x/driverlib.a
       dl_timer.o                     356    0         0      
       dl_uart.o                      90     0         0      
       dl_dma.o                       76     0         0      
       dl_common.o                    10     0         0      
    +--+------------------------------+------+---------+---------+
       Total:                         532    0         0      
                                                              
    D:\DOWDLOAD\CCSTUDIO\ccs\tools\compiler\ti-cgt-armllvm_5.1.1.LTS\lib\armv6m-ti-none-eabi/c/libc.a
       copy_decompress_lzss.c.obj     124    0         0      
       autoinit.c.obj                 60     0         0      
       boot_cortex_m.c.obj            40     0         0      
       copy_zero_init.c.obj           22     0         0      
       copy_decompress_none.c.obj     18     0         0      
       memcpy16.S.obj                 18     0         0      
       exit.c.obj                     6      0         0      
       pre_init.c.obj                 4      0         0      
    +--+------------------------------+------+---------+---------+
       Total:                         292    0         0      
                                                              
    D:\DOWDLOAD\CCSTUDIO\ccs\tools\compiler\ti-cgt-armllvm_5.1.1.LTS\lib\armv6m-ti-none-eabi/c/libsysbm.a
       hostexit.c.obj                 4      0         0      
    +--+------------------------------+------+---------+---------+
       Total:                         4      0         0      
                                                              
    D:\DOWDLOAD\CCSTUDIO\ccs\tools\compiler\ti-cgt-armllvm_5.1.1.LTS\lib\armv6m-ti-none-eabi/libclang_rt.builtins.a
       addsf3.S.obj                   216    0         0      
       comparesf2.S.obj               140    0         0      
       mulsf3.S.obj                   140    0         0      
       divsf3.S.obj                   130    0         0      
       aeabi_fcmp.S.obj               90     0         0      
       aeabi_idivmod.S.obj            86     0         0      
       aeabi_uidivmod.S.obj           64     0         0      
       floatsisf.S.obj                60     0         0      
       muldsi3.S.obj                  58     0         0      
       fixsfsi.S.obj                  56     0         0      
       aeabi_memcpy.S.obj             8      0         0      
       aeabi_div0.c.obj               2      0         0      
    +--+------------------------------+------+---------+---------+
       Total:                         1050   0         0      
                                                              
       Stack:                         0      0         512    
       Linker Generated:              0      49        0      
    +--+------------------------------+------+---------+---------+
       Grand Total:                   9868   395       889    


LINKER GENERATED COPY TABLES

__TI_cinit_table @ 00002824 records: 2, size/record: 8, table size: 16
	.data: load addr=00002800, load size=0000000d bytes, run addr=20200138, run size=00000042 bytes, compression=lzss
	.bss: load addr=0000281c, load size=00000008 bytes, run addr=20200000, run size=00000137 bytes, compression=zero_init


LINKER GENERATED HANDLER TABLE

__TI_handler_table @ 00002810 records: 3, size/record: 4, table size: 12
	index: 0, handler: __TI_decompress_lzss
	index: 1, handler: __TI_decompress_none
	index: 2, handler: __TI_zero_init


GLOBAL SYMBOLS: SORTED ALPHABETICALLY BY Name 

address   name                            
-------   ----                            
0000274b  ADC0_IRQHandler                 
0000274b  ADC1_IRQHandler                 
0000274b  AES_IRQHandler                  
0000274e  C$$EXIT                         
0000274b  CANFD0_IRQHandler               
0000274b  DAC0_IRQHandler                 
0000272b  DL_Common_delayCycles           
00001a51  DL_DMA_initChannel              
00000dd5  DL_Timer_initFourCCPWMMode      
00002305  DL_Timer_setCaptCompUpdateMethod
0000247d  DL_Timer_setCaptureCompareOutCtl
0000270d  DL_Timer_setCaptureCompareValue 
00002321  DL_Timer_setClockConfig         
00001c19  DL_UART_init                    
000026a5  DL_UART_setClockConfig          
0000274b  DMA_IRQHandler                  
0000274b  Default_Handler                 
00001591  Encoder_Init                    
00001181  Encoder_Update                  
0000274b  GROUP0_IRQHandler               
00000cc5  GROUP1_IRQHandler               
00001ff1  Grayscale_Sensor_Init           
00001c61  Grayscale_Update                
0000274f  HOSTexit                        
0000274b  HardFault_Handler               
0000274b  I2C0_IRQHandler                 
0000274b  I2C1_IRQHandler                 
00001ca9  JY60_Init                       
00000a45  JY60_ParseByte                  
00000b85  Motor_Ctrl                      
000008e9  Motor_Ctrl_Straight             
000010ad  Motor_Init_Control              
00002691  Motor_On                        
00001cf1  Motor_Reset_All_PID             
0000274b  NMI_Handler                     
00001e8d  PID_Init                        
000026b7  PID_Reset                       
00001251  PID_Update                      
0000274b  PendSV_Handler                  
0000274b  RTC_IRQHandler                  
00002753  Reset_Handler                   
0000274b  SPI0_IRQHandler                 
0000274b  SPI1_IRQHandler                 
0000274b  SVC_Handler                     
0000253d  SYSCFG_DL_DMA_CH0_init          
00002735  SYSCFG_DL_DMA_init              
00000ed9  SYSCFG_DL_GPIO_init             
00001471  SYSCFG_DL_PWM_Motor_init        
00002135  SYSCFG_DL_SYSCTL_init           
0000271d  SYSCFG_DL_SYSTICK_init          
00001d39  SYSCFG_DL_UART_0_init           
00001d81  SYSCFG_DL_UART_JY60_init        
00001dc9  SYSCFG_DL_UART_Sensor_init      
00002025  SYSCFG_DL_init                  
000017b9  SYSCFG_DL_initPower             
00000781  Set_Speed                       
0000274b  SysTick_Handler                 
0000274b  TIMA0_IRQHandler                
0000274b  TIMA1_IRQHandler                
0000274b  TIMG0_IRQHandler                
0000274b  TIMG12_IRQHandler               
0000274b  TIMG6_IRQHandler                
0000274b  TIMG7_IRQHandler                
0000274b  TIMG8_IRQHandler                
000026c9  TI_memcpy_small                 
0000274b  UART0_IRQHandler                
00002059  UART0_SendData                  
000021d9  UART0_SendString                
00001ec9  UART1_IRQHandler                
0000274b  UART2_IRQHandler                
0000274b  UART3_IRQHandler                
0000146f  USART_Init                      
20208000  __STACK_END                     
00000200  __STACK_SIZE                    
00000000  __TI_ATRegion0_region_sz        
00000000  __TI_ATRegion0_src_addr         
00000000  __TI_ATRegion0_trg_addr         
00000000  __TI_ATRegion1_region_sz        
00000000  __TI_ATRegion1_src_addr         
00000000  __TI_ATRegion1_trg_addr         
00000000  __TI_ATRegion2_region_sz        
00000000  __TI_ATRegion2_src_addr         
00000000  __TI_ATRegion2_trg_addr         
00002824  __TI_CINIT_Base                 
00002834  __TI_CINIT_Limit                
00002834  __TI_CINIT_Warm                 
00002810  __TI_Handler_Table_Base         
0000281c  __TI_Handler_Table_Limit        
00001f05  __TI_auto_init_nobinit_nopinit  
00001835  __TI_decompress_lzss            
000026db  __TI_decompress_none            
ffffffff  __TI_pprof_out_hndl             
ffffffff  __TI_prof_data_size             
ffffffff  __TI_prof_data_start            
00000000  __TI_static_base__              
000025d9  __TI_zero_init_nomemset         
00000fdf  __addsf3                        
00001fb9  __aeabi_f2iz                    
00000fdf  __aeabi_fadd                    
0000199d  __aeabi_fcmpeq                  
000019d3  __aeabi_fcmpge                  
000019e5  __aeabi_fcmpgt                  
000019c1  __aeabi_fcmple                  
000019af  __aeabi_fcmplt                  
00001693  __aeabi_fcmpun                  
00001735  __aeabi_fdiv                    
000016a9  __aeabi_fmul                    
00000fd5  __aeabi_fsub                    
00001f41  __aeabi_i2f                     
000019f9  __aeabi_idiv                    
0000158f  __aeabi_idiv0                   
000019f9  __aeabi_idivmod                 
0000273d  __aeabi_memcpy                  
0000273d  __aeabi_memcpy4                 
0000273d  __aeabi_memcpy8                 
00001e11  __aeabi_uidiv                   
00001e11  __aeabi_uidivmod                
ffffffff  __binit__                       
0000161d  __cmpsf2                        
00001735  __divsf3                        
0000161d  __eqsf2                         
00001fb9  __fixsfsi                       
00001f41  __floatsisf                     
00001657  __gesf2                         
00001657  __gtsf2                         
0000161d  __lesf2                         
0000161d  __ltsf2                         
UNDEFED   __mpu_init                      
00001f7d  __muldsi3                       
000016a9  __mulsf3                        
0000161d  __nesf2                         
20207e00  __stack                         
20200000  __start___llvm_prf_bits         
20200000  __start___llvm_prf_cnts         
20200000  __stop___llvm_prf_bits          
20200000  __stop___llvm_prf_cnts          
00000fd5  __subsf3                        
00001693  __unordsf2                      
000021b1  _c_int00_noargs                 
UNDEFED   _system_post_cinit              
00002757  _system_pre_init                
00002745  abort                           
ffffffff  binit                           
20200170  cx                              
000025c3  delay_ms                        
00001929  delay_us                        
2020014c  enc_left_count                  
20200172  enc_left_speed                  
20200158  enc_right_count                 
20200174  enc_right_speed                 
20200000  gPWM_MotorBackup                
20200178  g_sensor_raw_data               
00000000  interruptVectors                
20200138  jy60_data                       
000000c1  main                            
202000bc  pid_speed_L                     
202000d8  pid_speed_R                     
202000f4  pid_steering                    
20200110  pid_yaw                         
20200176  turn_adj                        


GLOBAL SYMBOLS: SORTED BY Symbol Address 

address   name                            
-------   ----                            
00000000  __TI_ATRegion0_region_sz        
00000000  __TI_ATRegion0_src_addr         
00000000  __TI_ATRegion0_trg_addr         
00000000  __TI_ATRegion1_region_sz        
00000000  __TI_ATRegion1_src_addr         
00000000  __TI_ATRegion1_trg_addr         
00000000  __TI_ATRegion2_region_sz        
00000000  __TI_ATRegion2_src_addr         
00000000  __TI_ATRegion2_trg_addr         
00000000  __TI_static_base__              
00000000  interruptVectors                
000000c1  main                            
00000200  __STACK_SIZE                    
00000781  Set_Speed                       
000008e9  Motor_Ctrl_Straight             
00000a45  JY60_ParseByte                  
00000b85  Motor_Ctrl                      
00000cc5  GROUP1_IRQHandler               
00000dd5  DL_Timer_initFourCCPWMMode      
00000ed9  SYSCFG_DL_GPIO_init             
00000fd5  __aeabi_fsub                    
00000fd5  __subsf3                        
00000fdf  __addsf3                        
00000fdf  __aeabi_fadd                    
000010ad  Motor_Init_Control              
00001181  Encoder_Update                  
00001251  PID_Update                      
0000146f  USART_Init                      
00001471  SYSCFG_DL_PWM_Motor_init        
0000158f  __aeabi_idiv0                   
00001591  Encoder_Init                    
0000161d  __cmpsf2                        
0000161d  __eqsf2                         
0000161d  __lesf2                         
0000161d  __ltsf2                         
0000161d  __nesf2                         
00001657  __gesf2                         
00001657  __gtsf2                         
00001693  __aeabi_fcmpun                  
00001693  __unordsf2                      
000016a9  __aeabi_fmul                    
000016a9  __mulsf3                        
00001735  __aeabi_fdiv                    
00001735  __divsf3                        
000017b9  SYSCFG_DL_initPower             
00001835  __TI_decompress_lzss            
00001929  delay_us                        
0000199d  __aeabi_fcmpeq                  
000019af  __aeabi_fcmplt                  
000019c1  __aeabi_fcmple                  
000019d3  __aeabi_fcmpge                  
000019e5  __aeabi_fcmpgt                  
000019f9  __aeabi_idiv                    
000019f9  __aeabi_idivmod                 
00001a51  DL_DMA_initChannel              
00001c19  DL_UART_init                    
00001c61  Grayscale_Update                
00001ca9  JY60_Init                       
00001cf1  Motor_Reset_All_PID             
00001d39  SYSCFG_DL_UART_0_init           
00001d81  SYSCFG_DL_UART_JY60_init        
00001dc9  SYSCFG_DL_UART_Sensor_init      
00001e11  __aeabi_uidiv                   
00001e11  __aeabi_uidivmod                
00001e8d  PID_Init                        
00001ec9  UART1_IRQHandler                
00001f05  __TI_auto_init_nobinit_nopinit  
00001f41  __aeabi_i2f                     
00001f41  __floatsisf                     
00001f7d  __muldsi3                       
00001fb9  __aeabi_f2iz                    
00001fb9  __fixsfsi                       
00001ff1  Grayscale_Sensor_Init           
00002025  SYSCFG_DL_init                  
00002059  UART0_SendData                  
00002135  SYSCFG_DL_SYSCTL_init           
000021b1  _c_int00_noargs                 
000021d9  UART0_SendString                
00002305  DL_Timer_setCaptCompUpdateMethod
00002321  DL_Timer_setClockConfig         
0000247d  DL_Timer_setCaptureCompareOutCtl
0000253d  SYSCFG_DL_DMA_CH0_init          
000025c3  delay_ms                        
000025d9  __TI_zero_init_nomemset         
00002691  Motor_On                        
000026a5  DL_UART_setClockConfig          
000026b7  PID_Reset                       
000026c9  TI_memcpy_small                 
000026db  __TI_decompress_none            
0000270d  DL_Timer_setCaptureCompareValue 
0000271d  SYSCFG_DL_SYSTICK_init          
0000272b  DL_Common_delayCycles           
00002735  SYSCFG_DL_DMA_init              
0000273d  __aeabi_memcpy                  
0000273d  __aeabi_memcpy4                 
0000273d  __aeabi_memcpy8                 
00002745  abort                           
0000274b  ADC0_IRQHandler                 
0000274b  ADC1_IRQHandler                 
0000274b  AES_IRQHandler                  
0000274b  CANFD0_IRQHandler               
0000274b  DAC0_IRQHandler                 
0000274b  DMA_IRQHandler                  
0000274b  Default_Handler                 
0000274b  GROUP0_IRQHandler               
0000274b  HardFault_Handler               
0000274b  I2C0_IRQHandler                 
0000274b  I2C1_IRQHandler                 
0000274b  NMI_Handler                     
0000274b  PendSV_Handler                  
0000274b  RTC_IRQHandler                  
0000274b  SPI0_IRQHandler                 
0000274b  SPI1_IRQHandler                 
0000274b  SVC_Handler                     
0000274b  SysTick_Handler                 
0000274b  TIMA0_IRQHandler                
0000274b  TIMA1_IRQHandler                
0000274b  TIMG0_IRQHandler                
0000274b  TIMG12_IRQHandler               
0000274b  TIMG6_IRQHandler                
0000274b  TIMG7_IRQHandler                
0000274b  TIMG8_IRQHandler                
0000274b  UART0_IRQHandler                
0000274b  UART2_IRQHandler                
0000274b  UART3_IRQHandler                
0000274e  C$$EXIT                         
0000274f  HOSTexit                        
00002753  Reset_Handler                   
00002757  _system_pre_init                
00002810  __TI_Handler_Table_Base         
0000281c  __TI_Handler_Table_Limit        
00002824  __TI_CINIT_Base                 
00002834  __TI_CINIT_Limit                
00002834  __TI_CINIT_Warm                 
20200000  __start___llvm_prf_bits         
20200000  __start___llvm_prf_cnts         
20200000  __stop___llvm_prf_bits          
20200000  __stop___llvm_prf_cnts          
20200000  gPWM_MotorBackup                
202000bc  pid_speed_L                     
202000d8  pid_speed_R                     
202000f4  pid_steering                    
20200110  pid_yaw                         
20200138  jy60_data                       
2020014c  enc_left_count                  
20200158  enc_right_count                 
20200170  cx                              
20200172  enc_left_speed                  
20200174  enc_right_speed                 
20200176  turn_adj                        
20200178  g_sensor_raw_data               
20207e00  __stack                         
20208000  __STACK_END                     
ffffffff  __TI_pprof_out_hndl             
ffffffff  __TI_prof_data_size             
ffffffff  __TI_prof_data_start            
ffffffff  __binit__                       
ffffffff  binit                           
UNDEFED   __mpu_init                      
UNDEFED   _system_post_cinit              

[160 symbols]
