******************************************************************************
            TI ARM Clang Linker PC v5.1.1                      
******************************************************************************
>> Linked Mon Jul 27 21:24:05 2026

OUTPUT FILE NAME:   <Car.out>
ENTRY POINT SYMBOL: "_c_int00_noargs"  address: 00004795


MEMORY CONFIGURATION

         name            origin    length      used     unused   attr    fill
----------------------  --------  ---------  --------  --------  ----  --------
  FLASH                 00000000   00020000  00005bc8  0001a438  R  X
  SRAM                  20200000   00008000  0000038c  00007c74  RW X
  BCR_CONFIG            41c00000   000000ff  00000000  000000ff  R   
  BSL_CONFIG            41c00100   00000080  00000000  00000080  R   


SEGMENT ALLOCATION MAP

run origin  load origin   length   init length attrs members
----------  ----------- ---------- ----------- ----- -------
00000000    00000000    00005bc8   00005bc8    r-x
  00000000    00000000    000000c0   000000c0    r-- .intvecs
  000000c0    000000c0    000050b0   000050b0    r-x .text
  00005170    00005170    00000a10   00000a10    r-- .rodata
  00005b80    00005b80    00000048   00000048    r-- .cinit
20200000    20200000    0000018e   00000000    rw-
  20200000    20200000    0000015a   00000000    rw- .bss
  2020015c    2020015c    00000032   00000000    rw- .data
20207e00    20207e00    00000200   00000000    rw-
  20207e00    20207e00    00000200   00000000    rw- .stack


SECTION ALLOCATION MAP

 output                                  attributes/
section   page    origin      length       input sections
--------  ----  ----------  ----------   ----------------
.intvecs   0    00000000    000000c0     
                  00000000    000000c0     startup_mspm0g350x_ticlang.o (.intvecs)

.text      0    000000c0    000050b0     
                  000000c0    00000a7c     libc.a : _printfi.c.obj (.text:__TI_printfi)
                  00000b3c    0000059c     empty.o (.text.main)
                  000010d8    0000020c     Motor_Control.o (.text.Control_Straight)
                  000012e4    0000020c     libc.a : _printfi.c.obj (.text._pconv_a)
                  000014f0    000001e8     CY_Z.o (.text.CY_Z_UART1_IRQHandler)
                  000016d8    000001e0     libc.a : _printfi.c.obj (.text._pconv_g)
                  000018b8    00000192     libclang_rt.builtins.a : adddf3.S.obj (.text)
                  00001a4a    00000002                            : aeabi_div0.c.obj (.text.__aeabi_idiv0)
                  00001a4c    0000018c     Motor_Control.o (.text.Control_Line_Track)
                  00001bd8    00000168     motor.o (.text.Set_Speed)
                  00001d40    00000148     ti_msp_dl_config.o (.text.SYSCFG_DL_GPIO_init)
                  00001e88    00000138     grayscale_sensor.o (.text.Grayscale_Update)
                  00001fc0    00000138     libc.a : _printfi.c.obj (.text.fcvt)
                  000020f8    0000011a     libclang_rt.builtins.a : divdf3.S.obj (.text)
                  00002212    00000002                            : aeabi_div0.c.obj (.text.__aeabi_ldiv0)
                  00002214    00000118     OLED.o (.text.OLED_ShowChar)
                  0000232c    00000110     OLED.o (.text.OLED_Init)
                  0000243c    00000104     driverlib.a : dl_timer.o (.text.DL_Timer_initFourCCPWMMode)
                  00002540    000000fc     libc.a : _printfi.c.obj (.text._pconv_e)
                  0000263c    000000e4     libclang_rt.builtins.a : muldf3.S.obj (.text)
                  00002720    000000dc     libc.a : s_scalbn.c.obj (.text.scalbn)
                  000027fc    000000d8     libclang_rt.builtins.a : addsf3.S.obj (.text)
                  000028d4    000000d0     PID.o (.text.PID_Update)
                  000029a4    000000a8     grayscale_sensor.o (.text.Grayscale_Read_All)
                  00002a4c    000000a4     Encoder.o (.text.Encoder_Init)
                  00002af0    000000a2     libclang_rt.builtins.a : udivmoddi4.S.obj (.text)
                  00002b92    0000009e     CY_Z.o (.text.CY_Z_ParseTelemetryFrame)
                  00002c30    00000098     OLED.o (.text.OLED_WR_Byte)
                  00002cc8    00000094     CY_Z.o (.text.CY_Z_Crc16Modbus)
                  00002d5c    00000090     ti_msp_dl_config.o (.text.SYSCFG_DL_PWM_Motor_init)
                  00002dec    0000008e     grayscale_sensor.o (.text.Grayscale_Data_To_CX)
                  00002e7a    00000002     --HOLE-- [fill = 0]
                  00002e7c    0000008c     libclang_rt.builtins.a : comparesf2.S.obj (.text)
                  00002f08    0000008c                            : mulsf3.S.obj (.text)
                  00002f94    00000088     CY_Z.o (.text.CY_Z_ParseAckFrame)
                  0000301c    00000088     Encoder.o (.text.Encoder_Update)
                  000030a4    00000088     Motor_Control.o (.text.Motor_Control_Init)
                  0000312c    00000084     clock.o (.text.__NVIC_SetPriority)
                  000031b0    00000084     ti_msp_dl_config.o (.text.__NVIC_SetPriority)
                  00003234    0000007c     CY_Z.o (.text.CY_Z_Init)
                  000032b0    0000007c     ti_msp_dl_config.o (.text.SYSCFG_DL_initPower)
                  0000332c    0000007c     libc.a : copy_decompress_lzss.c.obj (.text:decompress:lzss)
                  000033a8    00000074     libclang_rt.builtins.a : comparedf2.c.obj (.text.__gedf2)
                  0000341c    00000074     delay.o (.text.delay_us)
                  00003490    00000070     OLED.o (.text.OLED_ShowString)
                  00003500    0000006a     OLED.o (.text.OLED_Clear)
                  0000356a    00000002     --HOLE-- [fill = 0]
                  0000356c    00000068     libclang_rt.builtins.a : comparedf2.c.obj (.text.__ledf2)
                  000035d4    00000066     libc.a : _printfi.c.obj (.text._mcpy)
                  0000363a    00000002     --HOLE-- [fill = 0]
                  0000363c    00000064     OLED.o (.text.oled_i2c_sda_unlock)
                  000036a0    0000005e     driverlib.a : dl_i2c.o (.text.DL_I2C_fillControllerTXFIFO)
                  000036fe    00000002     --HOLE-- [fill = 0]
                  00003700    0000005c     libc.a : s_frexp.c.obj (.text.frexp)
                  0000375c    0000005c     OLED.o (.text.mspm0_i2c_enable)
                  000037b8    0000005a     libclang_rt.builtins.a : aeabi_dcmp.S.obj (.text)
                  00003812    00000002     --HOLE-- [fill = 0]
                  00003814    0000005a                            : aeabi_fcmp.S.obj (.text)
                  0000386e    00000002     --HOLE-- [fill = 0]
                  00003870    00000058     ti_msp_dl_config.o (.text.SYSCFG_DL_I2C_OLED_init)
                  000038c8    00000058     libc.a : _ltoa.c.obj (.text.__TI_ltoa)
                  00003920    00000058            : _printfi.c.obj (.text._pconv_f)
                  00003978    00000056     libclang_rt.builtins.a : aeabi_idivmod.S.obj (.text)
                  000039ce    00000002     --HOLE-- [fill = 0]
                  000039d0    00000054     Motor_Control.o (.text.Control_Corner)
                  00003a24    00000054     ti_msp_dl_config.o (.text.SYSCFG_DL_UART_1_init)
                  00003a78    00000052     libc.a : _printfi.c.obj (.text._ecpy)
                  00003aca    00000002     --HOLE-- [fill = 0]
                  00003acc    00000050     OLED.o (.text.DL_GPIO_initPeripheralInputFunctionFeatures)
                  00003b1c    00000050     ti_msp_dl_config.o (.text.DL_GPIO_initPeripheralInputFunctionFeatures)
                  00003b6c    00000050     OLED.o (.text.DL_I2C_startControllerTransfer)
                  00003bbc    00000050     clock.o (.text.SysTick_Config)
                  00003c0c    0000004c     CY_Z.o (.text.CY_Z_GetTelemetry)
                  00003c58    0000004c     Encoder.o (.text.DL_GPIO_initDigitalInputFeatures)
                  00003ca4    0000004c     Key.o (.text.DL_GPIO_initDigitalInputFeatures)
                  00003cf0    0000004c     OLED.o (.text.DL_GPIO_initDigitalInputFeatures)
                  00003d3c    0000004c     grayscale_sensor.o (.text.DL_GPIO_initDigitalInputFeatures)
                  00003d88    0000004c     ti_msp_dl_config.o (.text.DL_GPIO_initDigitalInputFeatures)
                  00003dd4    0000004c     ti_msp_dl_config.o (.text.DL_UART_setBaudRateDivisor)
                  00003e20    0000004c     grayscale_sensor.o (.text.Grayscale_Count_Black)
                  00003e6c    0000004a     libclang_rt.builtins.a : fixdfsi.S.obj (.text)
                  00003eb6    00000002     --HOLE-- [fill = 0]
                  00003eb8    00000048     driverlib.a : dl_uart.o (.text.DL_UART_init)
                  00003f00    00000048     motor.o (.text.Motor_Off)
                  00003f48    00000048     OLED.o (.text.mspm0_i2c_disable)
                  00003f90    00000048     libc.a : snprintf.c.obj (.text.snprintf)
                  00003fd8    00000044     CY_Z.o (.text.CY_Z_Uart1WriteBuffer)
                  0000401c    00000044     Key.o (.text.Key_Init)
                  00004060    00000044     libc.a : atoi.c.obj (.text.atoi)
                  000040a4    00000040     ti_msp_dl_config.o (.text.SYSCFG_DL_UART_0_init)
                  000040e4    00000040     libc.a : vsnprintf.c.obj (.text.vsnprintf)
                  00004124    00000040     libclang_rt.builtins.a : aeabi_uidivmod.S.obj (.text)
                  00004164    00000040                            : extendsfdf2.S.obj (.text)
                  000041a4    0000003c     ti_msp_dl_config.o (.text.DL_Timer_setCounterControl)
                  000041e0    0000003c     Motor_Control.o (.text.Motor_Control_SetProfile)
                  0000421c    0000003c     OLED.o (.text.OLED_Set_Pos)
                  00004258    0000003c     PID.o (.text.PID_Init)
                  00004294    0000003c     uart.o (.text.UART_Printf)
                  000042d0    0000003c     libc.a : autoinit.c.obj (.text:__TI_auto_init_nobinit_nopinit)
                  0000430c    0000003c     libclang_rt.builtins.a : floatsisf.S.obj (.text)
                  00004348    0000003a                            : muldsi3.S.obj (.text)
                  00004382    00000002     --HOLE-- [fill = 0]
                  00004384    00000038                            : fixsfsi.S.obj (.text)
                  000043bc    00000034     grayscale_sensor.o (.text.Grayscale_Sensor_Init)
                  000043f0    00000032     libc.a : snprintf.c.obj (.text._outs)
                  00004422    00000032            : vsnprintf.c.obj (.text._outs)
                  00004454    00000030     driverlib.a : dl_uart.o (.text.DL_UART_transmitDataBlocking)
                  00004484    00000030     ti_msp_dl_config.o (.text.SYSCFG_DL_init)
                  000044b4    00000030     libclang_rt.builtins.a : comparedf2.c.obj (.text.__unorddf2)
                  000044e4    00000030     libc.a : _printfi.c.obj (.text._fcpy)
                  00004514    00000030     clock.o (.text.mspm0_delay_ms)
                  00004544    0000002c     CY_Z.o (.text.__NVIC_ClearPendingIRQ)
                  00004570    0000002c     Encoder.o (.text.__NVIC_ClearPendingIRQ)
                  0000459c    0000002c     CY_Z.o (.text.__NVIC_EnableIRQ)
                  000045c8    0000002c     Encoder.o (.text.__NVIC_EnableIRQ)
                  000045f4    0000002c     interrupt.o (.text.__NVIC_EnableIRQ)
                  00004620    0000002c     clock.o (.text.mspm0_get_clock_ms)
                  0000464c    0000002c     libclang_rt.builtins.a : floatsidf.S.obj (.text)
                  00004678    0000002a     ti_msp_dl_config.o (.text.SYSCFG_DL_SYSCTL_init)
                  000046a2    00000002     --HOLE-- [fill = 0]
                  000046a4    00000028     Buzzer.o (.text.Buzzer_Beep)
                  000046cc    00000028     OLED.o (.text.DL_Common_updateReg)
                  000046f4    00000028     ti_msp_dl_config.o (.text.DL_Common_updateReg)
                  0000471c    00000028     ti_msp_dl_config.o (.text.DL_I2C_setControllerRXFIFOThreshold)
                  00004744    00000028     ti_msp_dl_config.o (.text.DL_I2C_setControllerTXFIFOThreshold)
                  0000476c    00000028     ti_msp_dl_config.o (.text.DL_SYSTICK_init)
                  00004794    00000028     libc.a : boot_cortex_m.c.obj (.text:_c_int00_noargs)
                  000047bc    00000026     CY_Z.o (.text.CY_Z_ReadLeFloat)
                  000047e2    00000026     ti_msp_dl_config.o (.text.DL_I2C_setAnalogGlitchFilterPulseWidth)
                  00004808    00000026     driverlib.a : dl_i2c.o (.text.DL_I2C_setClockConfig)
                  0000482e    00000026     uart.o (.text.UART_SendStr)
                  00004854    00000024     libclang_rt.builtins.a : muldi3.S.obj (.text)
                  00004878    00000022     libc.a : memccpy.c.obj (.text.memccpy)
                  0000489a    00000002     --HOLE-- [fill = 0]
                  0000489c    00000020     ti_msp_dl_config.o (.text.DL_GPIO_initPeripheralInputFunction)
                  000048bc    0000001e     ti_msp_dl_config.o (.text.DL_UART_setOversampling)
                  000048da    00000002     --HOLE-- [fill = 0]
                  000048dc    0000001e     libclang_rt.builtins.a : ashldi3.S.obj (.text)
                  000048fa    00000002     --HOLE-- [fill = 0]
                  000048fc    0000001c     OLED.o (.text.DL_GPIO_enableHiZ)
                  00004918    0000001c     ti_msp_dl_config.o (.text.DL_GPIO_enableHiZ)
                  00004934    0000001c     Encoder.o (.text.DL_GPIO_enableInterrupt)
                  00004950    0000001c     ti_msp_dl_config.o (.text.DL_GPIO_initPeripheralOutputFunction)
                  0000496c    0000001c     Encoder.o (.text.DL_GPIO_setLowerPinsPolarity)
                  00004988    0000001c     OLED.o (.text.DL_I2C_getSDAStatus)
                  000049a4    0000001c     interrupt.o (.text.DL_Interrupt_getPendingGroup)
                  000049c0    0000001c     ti_msp_dl_config.o (.text.DL_SYSCTL_setMCLKDivider)
                  000049dc    0000001c     ti_msp_dl_config.o (.text.DL_SYSCTL_setSYSOSCFreq)
                  000049f8    0000001c     ti_msp_dl_config.o (.text.DL_SYSCTL_setULPCLKDivider)
                  00004a14    0000001c     driverlib.a : dl_timer.o (.text.DL_Timer_setCaptCompUpdateMethod)
                  00004a30    0000001c                 : dl_timer.o (.text.DL_Timer_setClockConfig)
                  00004a4c    0000001c     ti_msp_dl_config.o (.text.DL_UART_enableInterrupt)
                  00004a68    0000001c     interrupt.o (.text.Interrupt_Init)
                  00004a84    0000001c     uart.o (.text.UART_SendByte)
                  00004aa0    0000001a     libclang_rt.builtins.a : aeabi_memset.S.obj (.text)
                  00004aba    00000002     --HOLE-- [fill = 0]
                  00004abc    00000018     Buzzer.o (.text.Buzzer_Init)
                  00004ad4    00000018     OLED.o (.text.DL_GPIO_enableOutput)
                  00004aec    00000018     ti_msp_dl_config.o (.text.DL_GPIO_enableOutput)
                  00004b04    00000018     ti_msp_dl_config.o (.text.DL_GPIO_enablePower)
                  00004b1c    00000018     Buzzer.o (.text.DL_GPIO_initDigitalOutput)
                  00004b34    00000018     OLED.o (.text.DL_GPIO_initDigitalOutput)
                  00004b4c    00000018     ti_msp_dl_config.o (.text.DL_GPIO_initDigitalOutput)
                  00004b64    00000018     ti_msp_dl_config.o (.text.DL_GPIO_reset)
                  00004b7c    00000018     Buzzer.o (.text.DL_GPIO_setPins)
                  00004b94    00000018     OLED.o (.text.DL_GPIO_setPins)
                  00004bac    00000018     empty.o (.text.DL_GPIO_setPins)
                  00004bc4    00000018     grayscale_sensor.o (.text.DL_GPIO_setPins)
                  00004bdc    00000018     motor.o (.text.DL_GPIO_setPins)
                  00004bf4    00000018     OLED.o (.text.DL_I2C_clearInterruptStatus)
                  00004c0c    00000018     ti_msp_dl_config.o (.text.DL_I2C_enableAnalogGlitchFilter)
                  00004c24    00000018     ti_msp_dl_config.o (.text.DL_I2C_enableController)
                  00004c3c    00000018     ti_msp_dl_config.o (.text.DL_I2C_enableControllerClockStretching)
                  00004c54    00000018     OLED.o (.text.DL_I2C_enablePower)
                  00004c6c    00000018     ti_msp_dl_config.o (.text.DL_I2C_enablePower)
                  00004c84    00000018     OLED.o (.text.DL_I2C_getRawInterruptStatus)
                  00004c9c    00000018     OLED.o (.text.DL_I2C_reset)
                  00004cb4    00000018     ti_msp_dl_config.o (.text.DL_I2C_reset)
                  00004ccc    00000018     ti_msp_dl_config.o (.text.DL_I2C_setTimerPeriod)
                  00004ce4    00000018     ti_msp_dl_config.o (.text.DL_SYSCTL_setBORThreshold)
                  00004cfc    00000018     ti_msp_dl_config.o (.text.DL_Timer_enablePower)
                  00004d14    00000018     ti_msp_dl_config.o (.text.DL_Timer_reset)
                  00004d2c    00000018     driverlib.a : dl_timer.o (.text.DL_Timer_setCaptureCompareOutCtl)
                  00004d44    00000018     ti_msp_dl_config.o (.text.DL_UART_enablePower)
                  00004d5c    00000018     ti_msp_dl_config.o (.text.DL_UART_reset)
                  00004d74    00000018     Motor_Control.o (.text.Motor_Control_GetStraightRef)
                  00004d8c    00000018     libc.a : snprintf.c.obj (.text._outc)
                  00004da4    00000018            : vsnprintf.c.obj (.text._outc)
                  00004dbc    00000016     OLED.o (.text.DL_GPIO_readPins)
                  00004dd2    00000016     empty.o (.text.DL_GPIO_readPins)
                  00004de8    00000016     grayscale_sensor.o (.text.DL_GPIO_readPins)
                  00004dfe    00000016     ti_msp_dl_config.o (.text.DL_UART_enable)
                  00004e14    00000016     uart.o (.text.DL_UART_enable)
                  00004e2a    00000016     delay.o (.text.delay_ms)
                  00004e40    00000016     libc.a : copy_zero_init.c.obj (.text:decompress:ZI:__TI_zero_init_nomemset)
                  00004e56    00000014     Buzzer.o (.text.DL_GPIO_clearPins)
                  00004e6a    00000014     OLED.o (.text.DL_GPIO_clearPins)
                  00004e7e    00000014     empty.o (.text.DL_GPIO_clearPins)
                  00004e92    00000014     grayscale_sensor.o (.text.DL_GPIO_clearPins)
                  00004ea6    00000014     motor.o (.text.DL_GPIO_clearPins)
                  00004eba    00000014     ti_msp_dl_config.o (.text.DL_GPIO_clearPins)
                  00004ece    00000014     Key.o (.text.DL_GPIO_disableOutput)
                  00004ee2    00000002     --HOLE-- [fill = 0]
                  00004ee4    00000014     OLED.o (.text.DL_I2C_getControllerStatus)
                  00004ef8    00000014     ti_msp_dl_config.o (.text.DL_I2C_resetControllerTransfer)
                  00004f0c    00000014     ti_msp_dl_config.o (.text.DL_SYSCTL_disableSYSPLL)
                  00004f20    00000014     ti_msp_dl_config.o (.text.DL_Timer_enableClock)
                  00004f34    00000014     ti_msp_dl_config.o (.text.DL_Timer_setCCPDirection)
                  00004f48    00000014     CY_Z.o (.text.DL_UART_receiveData)
                  00004f5c    00000014     motor.o (.text.Motor_On)
                  00004f70    00000014     clock.o (.text.SysTick_Init)
                  00004f84    00000014     libclang_rt.builtins.a : aeabi_uldivmod.S.obj (.text)
                  00004f98    00000012     CY_Z.o (.text.CY_Z_ReadLe16)
                  00004faa    00000012     CY_Z.o (.text.DL_UART_getPendingInterrupt)
                  00004fbc    00000012     driverlib.a : dl_uart.o (.text.DL_UART_setClockConfig)
                  00004fce    00000012     PID.o (.text.PID_Reset)
                  00004fe0    00000012     libc.a : _printfi.c.obj (.text.strchr)
                  00004ff2    00000012            : memcpy16.S.obj (.text:TI_memcpy_small)
                  00005004    00000012            : copy_decompress_none.c.obj (.text:decompress:none)
                  00005016    00000002     --HOLE-- [fill = 0]
                  00005018    00000010     CY_Z.o (.text.CY_Z_SendZeroAngleFixed)
                  00005028    00000010     ti_msp_dl_config.o (.text.DL_SYSCTL_disableHFXT)
                  00005038    00000010     ti_msp_dl_config.o (.text.DL_SYSTICK_enable)
                  00005048    00000010     driverlib.a : dl_timer.o (.text.DL_Timer_setCaptureCompareValue)
                  00005058    00000010     Encoder.o (.text.Encoder_GetSpeedL)
                  00005068    00000010     Encoder.o (.text.Encoder_GetSpeedR)
                  00005078    00000010     interrupt.o (.text.SysTick_Handler)
                  00005088    00000010     uart.o (.text.UART_Init)
                  00005098    00000010     libc.a : wcslen.c.obj (.text.wcslen)
                  000050a8    0000000e     ti_msp_dl_config.o (.text.SYSCFG_DL_SYSTICK_init)
                  000050b6    0000000e     libc.a : _printfi.c.obj (.text.strlen)
                  000050c4    0000000e            : memset16.S.obj (.text:TI_memset_small)
                  000050d2    00000002     --HOLE-- [fill = 0]
                  000050d4    0000000c     Motor_Control.o (.text.Motor_Control_GetLostCount)
                  000050e0    0000000a     driverlib.a : dl_common.o (.text.DL_Common_delayCycles)
                  000050ea    0000000a     interrupt.o (.text.GROUP1_IRQHandler)
                  000050f4    0000000a     libc.a : _printfi.c.obj (.text.OUTLINED_FUNCTION_0)
                  000050fe    00000002     --HOLE-- [fill = 0]
                  00005100    00000010     libclang_rt.builtins.a : adddf3.S.obj (.tramp.__aeabi_dsub.1)
                  00005110    0000000a     libc.a : _printfi.c.obj (.text.OUTLINED_FUNCTION_1)
                  0000511a    00000008     CY_Z.o (.text.UART1_IRQHandler)
                  00005122    00000008     libclang_rt.builtins.a : aeabi_ddiv.c.obj (.text.__aeabi_ddiv)
                  0000512a    00000008                            : aeabi_dmul.c.obj (.text.__aeabi_dmul)
                  00005132    00000002     --HOLE-- [fill = 0]
                  00005134    00000008     libc.a : aeabi_portable.c.obj (.text.__aeabi_errno_addr)
                  0000513c    00000008     libclang_rt.builtins.a : aeabi_memcpy.S.obj (.text)
                  00005144    00000006     libc.a : exit.c.obj (.text:abort)
                  0000514a    00000004     startup_mspm0g350x_ticlang.o (.text.Default_Handler)
                  0000514e    00000004     libsysbm.a : hostexit.c.obj (.text.HOSTexit)
                  00005152    00000004     startup_mspm0g350x_ticlang.o (.text.Reset_Handler)
                  00005156    00000002     --HOLE-- [fill = 0]
                  00005158    00000010     libc.a : boot_cortex_m.c.obj (.tramp._c_int00_noargs.1)
                  00005168    00000004            : pre_init.c.obj (.text._system_pre_init)
                  0000516c    00000004     --HOLE-- [fill = 0]

.cinit     0    00005b80    00000048     
                  00005b80    00000024     (.cinit..data.load) [load image, compression = lzss]
                  00005ba4    0000000c     (__TI_handler_table)
                  00005bb0    00000008     (.cinit..bss.load) [load image, compression = zero_init]
                  00005bb8    00000010     (__TI_cinit_table)

.rodata    0    00005170    00000a10     
                  00005170    000005f0     OLED.o (.rodata.asc2_1608)
                  00005760    00000228     OLED.o (.rodata.asc2_0806)
                  00005988    00000008     CY_Z.o (.rodata.CY_Z_SendZeroAngleFixed.frame)
                  00005990    00000101     libc.a : aeabi_ctype.S.obj (.rodata:__aeabi_ctype_table_)
                  00005a91    00000015     empty.o (.rodata.str1.9517790425240694019.1)
                  00005aa6    00000011     libc.a : _printfi.c.obj (.rodata.str1.10348868589481759720.1)
                  00005ab7    00000011            : _printfi.c.obj (.rodata.str1.15363888844622738466.1)
                  00005ac8    0000000d     empty.o (.rodata.str1.150872071346279890.1)
                  00005ad5    0000000d     empty.o (.rodata.str1.7401042497206923953.1)
                  00005ae2    0000000c     empty.o (.rodata.str1.254342170260855183.1)
                  00005aee    0000000b     empty.o (.rodata.str1.15706828512682300538.1)
                  00005af9    0000000b     empty.o (.rodata.str1.16704889451495720520.1)
                  00005b04    0000000b     empty.o (.rodata.str1.17669528882079347314.1)
                  00005b0f    0000000b     empty.o (.rodata.str1.17686411042290499047.1)
                  00005b1a    0000000b     empty.o (.rodata.str1.2196762768037919588.1)
                  00005b25    0000000b     empty.o (.rodata.str1.7386103758396746866.1)
                  00005b30    0000000b     empty.o (.rodata.str1.9410084661655729462.1)
                  00005b3b    00000001     --HOLE-- [fill = 0]
                  00005b3c    0000000a     ti_msp_dl_config.o (.rodata.gUART_0Config)
                  00005b46    0000000a     ti_msp_dl_config.o (.rodata.gUART_1Config)
                  00005b50    00000009     empty.o (.rodata.str1.14685083708502177989.1)
                  00005b59    00000003     ti_msp_dl_config.o (.rodata.gPWM_MotorClockConfig)
                  00005b5c    00000008     ti_msp_dl_config.o (.rodata.gPWM_MotorConfig)
                  00005b64    00000008     empty.o (.rodata.str1.11898133897667081452.1)
                  00005b6c    00000003     uart.o (.rodata.str1.14464947116831474962.1)
                  00005b6f    00000002     ti_msp_dl_config.o (.rodata.gI2C_OLEDClockConfig)
                  00005b71    00000002     ti_msp_dl_config.o (.rodata.gUART_0ClockConfig)
                  00005b73    00000002     ti_msp_dl_config.o (.rodata.gUART_1ClockConfig)
                  00005b75    0000000b     --HOLE-- [fill = 0]

.init_array 
*          0    00000000    00000000     UNINITIALIZED

.binit     0    00000000    00000000     

.bss       0    20200000    0000015a     UNINITIALIZED
                  20200000    000000bc     (.common:gPWM_MotorBackup)
                  202000bc    0000001c     Motor_Control.o (.bss.g_pid_spd_diff)
                  202000d8    0000001c     Motor_Control.o (.bss.g_pid_track)
                  202000f4    0000001c     Motor_Control.o (.bss.g_pid_yaw)
                  20200110    00000010     CY_Z.o (.bss.g_rx_window)
                  20200120    0000000c     CY_Z.o (.bss.g_last_telemetry)
                  2020012c    00000004     Encoder.o (.bss.g_enc_L_speed)
                  20200130    00000004     Encoder.o (.bss.g_enc_R_speed)
                  20200134    00000004     (.common:g_ack_frame_count)
                  20200138    00000004     (.common:g_crc_error_count)
                  2020013c    00000004     (.common:g_drop_byte_count)
                  20200140    00000004     (.common:g_rx_byte_count)
                  20200144    00000004     (.common:g_valid_frame_count)
                  20200148    00000004     (.common:start_time)
                  2020014c    00000004     (.common:tick_ms)
                  20200150    00000003     CY_Z.o (.bss.g_last_ack)
                  20200153    00000001     CY_Z.o (.bss.g_ack_ready)
                  20200154    00000002     (.common:g_enc_L_pulses)
                  20200156    00000002     (.common:g_enc_R_pulses)
                  20200158    00000001     CY_Z.o (.bss.g_frame_ready)
                  20200159    00000001     CY_Z.o (.bss.g_rx_window_count)

.data      0    2020015c    00000032     UNINITIALIZED
                  2020015c    00000008     Motor_Control.o (.data.g_profile_0)
                  20200164    00000008     Motor_Control.o (.data.g_profile_1)
                  2020016c    00000004     libc.a : aeabi_portable.c.obj (.data.__aeabi_errno)
                  20200170    00000004     Motor_Control.o (.data.g_angle_refs)
                  20200174    00000004     Motor_Control.o (.data.g_pwm_L_filt)
                  20200178    00000004     Motor_Control.o (.data.g_pwm_R_filt)
                  2020017c    00000004     Motor_Control.o (.data.g_yaw_angle)
                  20200180    00000002     grayscale_sensor.o (.data.Grayscale_Update.lock_cnt)
                  20200182    00000002     grayscale_sensor.o (.data.cx)
                  20200184    00000002     empty.o (.data.main.disp_cnt)
                  20200186    00000001     grayscale_sensor.o (.data.Flag)
                  20200187    00000001     grayscale_sensor.o (.data.Grayscale_Update.corner_lock)
                  20200188    00000001     interrupt.o (.data.enable_group1_irq)
                  20200189    00000001     Motor_Control.o (.data.g_angle_idx)
                  2020018a    00000001     Motor_Control.o (.data.g_lost_count)
                  2020018b    00000001     grayscale_sensor.o (.data.g_sensor_raw_data)
                  2020018c    00000001     Motor_Control.o (.data.g_straight_first)
                  2020018d    00000001     empty.o (.data.main.profile)

.stack     0    20207e00    00000200     UNINITIALIZED
                  20207e00    00000004     libc.a : boot_cortex_m.c.obj (.stack)
                  20207e04    000001fc     --HOLE--

__llvm_prf_cnts 
*          0    20200000    00000000     UNINITIALIZED

__llvm_prf_bits 
*          0    20200000    00000000     UNINITIALIZED

MODULE SUMMARY

       Module                         code    ro data   rw data
       ------                         ----    -------   -------
    .\
       ti_msp_dl_config.o             2302    37        188    
       empty.o                        1502    153       3      
       startup_mspm0g350x_ticlang.o   8       192       0      
    +--+------------------------------+-------+---------+---------+
       Total:                         3812    382       191    
                                                               
    .\Driver\
       CY_Z.o                         1404    8         54     
       Motor_Control.o                1236    0         119    
       grayscale_sensor.o             892     0         7      
       Encoder.o                      552     0         12     
       motor.o                        496     0         0      
       PID.o                          286     0         0      
    +--+------------------------------+-------+---------+---------+
       Total:                         4866    8         192    
                                                               
    .\Driver\OLED\
       OLED.o                         1808    2072      0      
    +--+------------------------------+-------+---------+---------+
       Total:                         1808    2072      0      
                                                               
    .\System\
       clock.o                        324     0         8      
       uart.o                         164     3         0      
       Key.o                          164     0         0      
       delay.o                        138     0         0      
       Buzzer.o                       132     0         0      
       interrupt.o                    126     0         1      
    +--+------------------------------+-------+---------+---------+
       Total:                         1048    3         9      
                                                               
    D:/DOWDLOAD/CCSTUDIO/Sample_Code/source/ti/driverlib/lib/ticlang/m0p/mspm0g1x0x_g3x0x/driverlib.a
       dl_timer.o                     356     0         0      
       dl_uart.o                      138     0         0      
       dl_i2c.o                       132     0         0      
       dl_common.o                    10      0         0      
    +--+------------------------------+-------+---------+---------+
       Total:                         636     0         0      
                                                               
    D:\DOWDLOAD\CCSTUDIO\ccs\tools\compiler\ti-cgt-armllvm_5.1.1.LTS\lib\armv6m-ti-none-eabi/c/libc.a
       _printfi.c.obj                 4624    34        0      
       aeabi_ctype.S.obj              0       257       0      
       s_scalbn.c.obj                 220     0         0      
       snprintf.c.obj                 146     0         0      
       vsnprintf.c.obj                138     0         0      
       copy_decompress_lzss.c.obj     124     0         0      
       s_frexp.c.obj                  92      0         0      
       _ltoa.c.obj                    88      0         0      
       atoi.c.obj                     68      0         0      
       autoinit.c.obj                 60      0         0      
       boot_cortex_m.c.obj            56      0         0      
       memccpy.c.obj                  34      0         0      
       copy_zero_init.c.obj           22      0         0      
       copy_decompress_none.c.obj     18      0         0      
       memcpy16.S.obj                 18      0         0      
       wcslen.c.obj                   16      0         0      
       memset16.S.obj                 14      0         0      
       aeabi_portable.c.obj           8       0         4      
       exit.c.obj                     6       0         0      
       pre_init.c.obj                 4       0         0      
    +--+------------------------------+-------+---------+---------+
       Total:                         5756    291       4      
                                                               
    D:\DOWDLOAD\CCSTUDIO\ccs\tools\compiler\ti-cgt-armllvm_5.1.1.LTS\lib\armv6m-ti-none-eabi/c/libsysbm.a
       hostexit.c.obj                 4       0         0      
    +--+------------------------------+-------+---------+---------+
       Total:                         4       0         0      
                                                               
    D:\DOWDLOAD\CCSTUDIO\ccs\tools\compiler\ti-cgt-armllvm_5.1.1.LTS\lib\armv6m-ti-none-eabi/libclang_rt.builtins.a
       adddf3.S.obj                   418     0         0      
       divdf3.S.obj                   282     0         0      
       comparedf2.c.obj               268     0         0      
       muldf3.S.obj                   228     0         0      
       addsf3.S.obj                   216     0         0      
       udivmoddi4.S.obj               162     0         0      
       comparesf2.S.obj               140     0         0      
       mulsf3.S.obj                   140     0         0      
       aeabi_dcmp.S.obj               90      0         0      
       aeabi_fcmp.S.obj               90      0         0      
       aeabi_idivmod.S.obj            86      0         0      
       fixdfsi.S.obj                  74      0         0      
       aeabi_uidivmod.S.obj           64      0         0      
       extendsfdf2.S.obj              64      0         0      
       floatsisf.S.obj                60      0         0      
       muldsi3.S.obj                  58      0         0      
       fixsfsi.S.obj                  56      0         0      
       floatsidf.S.obj                44      0         0      
       muldi3.S.obj                   36      0         0      
       ashldi3.S.obj                  30      0         0      
       aeabi_memset.S.obj             26      0         0      
       aeabi_uldivmod.S.obj           20      0         0      
       aeabi_ddiv.c.obj               8       0         0      
       aeabi_dmul.c.obj               8       0         0      
       aeabi_memcpy.S.obj             8       0         0      
       aeabi_div0.c.obj               4       0         0      
    +--+------------------------------+-------+---------+---------+
       Total:                         2680    0         0      
                                                               
       Stack:                         0       0         512    
       Linker Generated:              0       72        0      
    +--+------------------------------+-------+---------+---------+
       Grand Total:                   20610   2828      908    


LINKER GENERATED COPY TABLES

__TI_cinit_table @ 00005bb8 records: 2, size/record: 8, table size: 16
	.data: load addr=00005b80, load size=00000024 bytes, run addr=2020015c, run size=00000032 bytes, compression=lzss
	.bss: load addr=00005bb0, load size=00000008 bytes, run addr=20200000, run size=0000015a bytes, compression=zero_init


LINKER GENERATED HANDLER TABLE

__TI_handler_table @ 00005ba4 records: 3, size/record: 4, table size: 12
	index: 0, handler: __TI_decompress_lzss
	index: 1, handler: __TI_decompress_none
	index: 2, handler: __TI_zero_init


FAR CALL TRAMPOLINES

callee name               trampoline name
   callee addr  tramp addr   call addr  call info
--------------  -----------  ---------  ----------------
__aeabi_dsub              $Tramp$TT$L$PI$$__aeabi_dsub
   000018b9     00005100     000050fc   libc.a : _printfi.c.obj (.text.OUTLINED_FUNCTION_0)
_c_int00_noargs           $Tramp$TT$L$PI$$_c_int00_noargs
   00004795     00005158     00005152   startup_mspm0g350x_ticlang.o (.text.Reset_Handler)

[2 trampolines]
[2 trampoline calls]


GLOBAL SYMBOLS: SORTED ALPHABETICALLY BY Name 

address   name                            
-------   ----                            
0000514b  ADC0_IRQHandler                 
0000514b  ADC1_IRQHandler                 
0000514b  AES_IRQHandler                  
000046a5  Buzzer_Beep                     
00004abd  Buzzer_Init                     
0000514e  C$$EXIT                         
0000514b  CANFD0_IRQHandler               
00003c0d  CY_Z_GetTelemetry               
00003235  CY_Z_Init                       
00005019  CY_Z_SendZeroAngleFixed         
000014f1  CY_Z_UART1_IRQHandler           
000039d1  Control_Corner                  
00001a4d  Control_Line_Track              
000010d9  Control_Straight                
0000514b  DAC0_IRQHandler                 
000050e1  DL_Common_delayCycles           
000036a1  DL_I2C_fillControllerTXFIFO     
00004809  DL_I2C_setClockConfig           
0000243d  DL_Timer_initFourCCPWMMode      
00004a15  DL_Timer_setCaptCompUpdateMethod
00004d2d  DL_Timer_setCaptureCompareOutCtl
00005049  DL_Timer_setCaptureCompareValue 
00004a31  DL_Timer_setClockConfig         
00003eb9  DL_UART_init                    
00004fbd  DL_UART_setClockConfig          
00004455  DL_UART_transmitDataBlocking    
0000514b  DMA_IRQHandler                  
0000514b  Default_Handler                 
00005059  Encoder_GetSpeedL               
00005069  Encoder_GetSpeedR               
00002a4d  Encoder_Init                    
0000301d  Encoder_Update                  
20200186  Flag                            
0000514b  GROUP0_IRQHandler               
000050eb  GROUP1_IRQHandler               
000043bd  Grayscale_Sensor_Init           
00001e89  Grayscale_Update                
0000514f  HOSTexit                        
0000514b  HardFault_Handler               
0000514b  I2C0_IRQHandler                 
0000514b  I2C1_IRQHandler                 
00004a69  Interrupt_Init                  
0000401d  Key_Init                        
000050d5  Motor_Control_GetLostCount      
00004d75  Motor_Control_GetStraightRef    
000030a5  Motor_Control_Init              
000041e1  Motor_Control_SetProfile        
00003f01  Motor_Off                       
00004f5d  Motor_On                        
0000514b  NMI_Handler                     
00003501  OLED_Clear                      
0000232d  OLED_Init                       
0000421d  OLED_Set_Pos                    
00002215  OLED_ShowChar                   
00003491  OLED_ShowString                 
00002c31  OLED_WR_Byte                    
00004259  PID_Init                        
00004fcf  PID_Reset                       
000028d5  PID_Update                      
0000514b  PendSV_Handler                  
0000514b  RTC_IRQHandler                  
00005153  Reset_Handler                   
0000514b  SPI0_IRQHandler                 
0000514b  SPI1_IRQHandler                 
0000514b  SVC_Handler                     
00001d41  SYSCFG_DL_GPIO_init             
00003871  SYSCFG_DL_I2C_OLED_init         
00002d5d  SYSCFG_DL_PWM_Motor_init        
00004679  SYSCFG_DL_SYSCTL_init           
000050a9  SYSCFG_DL_SYSTICK_init          
000040a5  SYSCFG_DL_UART_0_init           
00003a25  SYSCFG_DL_UART_1_init           
00004485  SYSCFG_DL_init                  
000032b1  SYSCFG_DL_initPower             
00001bd9  Set_Speed                       
00005079  SysTick_Handler                 
00004f71  SysTick_Init                    
0000514b  TIMA0_IRQHandler                
0000514b  TIMA1_IRQHandler                
0000514b  TIMG0_IRQHandler                
0000514b  TIMG12_IRQHandler               
0000514b  TIMG6_IRQHandler                
0000514b  TIMG7_IRQHandler                
0000514b  TIMG8_IRQHandler                
00004ff3  TI_memcpy_small                 
000050c5  TI_memset_small                 
0000514b  UART0_IRQHandler                
0000511b  UART1_IRQHandler                
0000514b  UART2_IRQHandler                
0000514b  UART3_IRQHandler                
00005089  UART_Init                       
00004295  UART_Printf                     
00004a85  UART_SendByte                   
0000482f  UART_SendStr                    
20208000  __STACK_END                     
00000200  __STACK_SIZE                    
00000000  __TI_ATRegion0_region_sz        
00000000  __TI_ATRegion0_src_addr         
00000000  __TI_ATRegion0_trg_addr         
00000000  __TI_ATRegion1_region_sz        
00000000  __TI_ATRegion1_src_addr         
00000000  __TI_ATRegion1_trg_addr         
00000000  __TI_ATRegion2_region_sz        
00000000  __TI_ATRegion2_src_addr         
00000000  __TI_ATRegion2_trg_addr         
00005bb8  __TI_CINIT_Base                 
00005bc8  __TI_CINIT_Limit                
00005bc8  __TI_CINIT_Warm                 
00005ba4  __TI_Handler_Table_Base         
00005bb0  __TI_Handler_Table_Limit        
000042d1  __TI_auto_init_nobinit_nopinit  
0000332d  __TI_decompress_lzss            
00005005  __TI_decompress_none            
000038c9  __TI_ltoa                       
ffffffff  __TI_pprof_out_hndl             
000000c1  __TI_printfi                    
ffffffff  __TI_prof_data_size             
ffffffff  __TI_prof_data_start            
00000000  __TI_static_base__              
00004e41  __TI_zero_init_nomemset         
000018c3  __adddf3                        
00002807  __addsf3                        
00005990  __aeabi_ctype_table_            
00005990  __aeabi_ctype_table_C           
00003e6d  __aeabi_d2iz                    
000018c3  __aeabi_dadd                    
000037b9  __aeabi_dcmpeq                  
000037ef  __aeabi_dcmpge                  
00003801  __aeabi_dcmpgt                  
000037dd  __aeabi_dcmple                  
000037cb  __aeabi_dcmplt                  
000044b5  __aeabi_dcmpun                  
00005123  __aeabi_ddiv                    
0000512b  __aeabi_dmul                    
000018b9  __aeabi_dsub                    
2020016c  __aeabi_errno                   
00005135  __aeabi_errno_addr              
00004165  __aeabi_f2d                     
00004385  __aeabi_f2iz                    
00002807  __aeabi_fadd                    
00003815  __aeabi_fcmpeq                  
0000384b  __aeabi_fcmpge                  
0000385d  __aeabi_fcmpgt                  
00003839  __aeabi_fcmple                  
00003827  __aeabi_fcmplt                  
00002ef3  __aeabi_fcmpun                  
00002f09  __aeabi_fmul                    
000027fd  __aeabi_fsub                    
0000464d  __aeabi_i2d                     
0000430d  __aeabi_i2f                     
00003979  __aeabi_idiv                    
00001a4b  __aeabi_idiv0                   
00003979  __aeabi_idivmod                 
00002213  __aeabi_ldiv0                   
000048dd  __aeabi_llsl                    
00004855  __aeabi_lmul                    
00004aaf  __aeabi_memclr                  
00004aaf  __aeabi_memclr4                 
00004aaf  __aeabi_memclr8                 
0000513d  __aeabi_memcpy                  
0000513d  __aeabi_memcpy4                 
0000513d  __aeabi_memcpy8                 
00004aa1  __aeabi_memset                  
00004aa1  __aeabi_memset4                 
00004aa1  __aeabi_memset8                 
00004125  __aeabi_uidiv                   
00004125  __aeabi_uidivmod                
00004f85  __aeabi_uldivmod                
000048dd  __ashldi3                       
ffffffff  __binit__                       
0000356d  __cmpdf2                        
00002e7d  __cmpsf2                        
000020f9  __divdf3                        
0000356d  __eqdf2                         
00002e7d  __eqsf2                         
00004165  __extendsfdf2                   
00003e6d  __fixdfsi                       
00004385  __fixsfsi                       
0000464d  __floatsidf                     
0000430d  __floatsisf                     
000033a9  __gedf2                         
00002eb7  __gesf2                         
000033a9  __gtdf2                         
00002eb7  __gtsf2                         
0000356d  __ledf2                         
00002e7d  __lesf2                         
0000356d  __ltdf2                         
00002e7d  __ltsf2                         
UNDEFED   __mpu_init                      
0000263d  __muldf3                        
00004855  __muldi3                        
00004349  __muldsi3                       
00002f09  __mulsf3                        
0000356d  __nedf2                         
00002e7d  __nesf2                         
20207e00  __stack                         
20200000  __start___llvm_prf_bits         
20200000  __start___llvm_prf_cnts         
20200000  __stop___llvm_prf_bits          
20200000  __stop___llvm_prf_cnts          
000018b9  __subdf3                        
000027fd  __subsf3                        
00002af1  __udivmoddi4                    
000044b5  __unorddf2                      
00002ef3  __unordsf2                      
00004795  _c_int00_noargs                 
UNDEFED   _system_post_cinit              
00005169  _system_pre_init                
00005145  abort                           
00005760  asc2_0806                       
00005170  asc2_1608                       
00004061  atoi                            
ffffffff  binit                           
20200182  cx                              
00004e2b  delay_ms                        
0000341d  delay_us                        
20200188  enable_group1_irq               
00003701  frexp                           
00003701  frexpl                          
20200000  gPWM_MotorBackup                
20200134  g_ack_frame_count               
20200138  g_crc_error_count               
2020013c  g_drop_byte_count               
20200154  g_enc_L_pulses                  
20200156  g_enc_R_pulses                  
20200140  g_rx_byte_count                 
2020018b  g_sensor_raw_data               
20200144  g_valid_frame_count             
00000000  interruptVectors                
00002721  ldexp                           
00002721  ldexpl                          
00000b3d  main                            
00004879  memccpy                         
00004515  mspm0_delay_ms                  
00004621  mspm0_get_clock_ms              
0000363d  oled_i2c_sda_unlock             
00002721  scalbn                          
00002721  scalbnl                         
00003f91  snprintf                        
20200148  start_time                      
2020014c  tick_ms                         
000040e5  vsnprintf                       
00005099  wcslen                          


GLOBAL SYMBOLS: SORTED BY Symbol Address 

address   name                            
-------   ----                            
00000000  __TI_ATRegion0_region_sz        
00000000  __TI_ATRegion0_src_addr         
00000000  __TI_ATRegion0_trg_addr         
00000000  __TI_ATRegion1_region_sz        
00000000  __TI_ATRegion1_src_addr         
00000000  __TI_ATRegion1_trg_addr         
00000000  __TI_ATRegion2_region_sz        
00000000  __TI_ATRegion2_src_addr         
00000000  __TI_ATRegion2_trg_addr         
00000000  __TI_static_base__              
00000000  interruptVectors                
000000c1  __TI_printfi                    
00000200  __STACK_SIZE                    
00000b3d  main                            
000010d9  Control_Straight                
000014f1  CY_Z_UART1_IRQHandler           
000018b9  __aeabi_dsub                    
000018b9  __subdf3                        
000018c3  __adddf3                        
000018c3  __aeabi_dadd                    
00001a4b  __aeabi_idiv0                   
00001a4d  Control_Line_Track              
00001bd9  Set_Speed                       
00001d41  SYSCFG_DL_GPIO_init             
00001e89  Grayscale_Update                
000020f9  __divdf3                        
00002213  __aeabi_ldiv0                   
00002215  OLED_ShowChar                   
0000232d  OLED_Init                       
0000243d  DL_Timer_initFourCCPWMMode      
0000263d  __muldf3                        
00002721  ldexp                           
00002721  ldexpl                          
00002721  scalbn                          
00002721  scalbnl                         
000027fd  __aeabi_fsub                    
000027fd  __subsf3                        
00002807  __addsf3                        
00002807  __aeabi_fadd                    
000028d5  PID_Update                      
00002a4d  Encoder_Init                    
00002af1  __udivmoddi4                    
00002c31  OLED_WR_Byte                    
00002d5d  SYSCFG_DL_PWM_Motor_init        
00002e7d  __cmpsf2                        
00002e7d  __eqsf2                         
00002e7d  __lesf2                         
00002e7d  __ltsf2                         
00002e7d  __nesf2                         
00002eb7  __gesf2                         
00002eb7  __gtsf2                         
00002ef3  __aeabi_fcmpun                  
00002ef3  __unordsf2                      
00002f09  __aeabi_fmul                    
00002f09  __mulsf3                        
0000301d  Encoder_Update                  
000030a5  Motor_Control_Init              
00003235  CY_Z_Init                       
000032b1  SYSCFG_DL_initPower             
0000332d  __TI_decompress_lzss            
000033a9  __gedf2                         
000033a9  __gtdf2                         
0000341d  delay_us                        
00003491  OLED_ShowString                 
00003501  OLED_Clear                      
0000356d  __cmpdf2                        
0000356d  __eqdf2                         
0000356d  __ledf2                         
0000356d  __ltdf2                         
0000356d  __nedf2                         
0000363d  oled_i2c_sda_unlock             
000036a1  DL_I2C_fillControllerTXFIFO     
00003701  frexp                           
00003701  frexpl                          
000037b9  __aeabi_dcmpeq                  
000037cb  __aeabi_dcmplt                  
000037dd  __aeabi_dcmple                  
000037ef  __aeabi_dcmpge                  
00003801  __aeabi_dcmpgt                  
00003815  __aeabi_fcmpeq                  
00003827  __aeabi_fcmplt                  
00003839  __aeabi_fcmple                  
0000384b  __aeabi_fcmpge                  
0000385d  __aeabi_fcmpgt                  
00003871  SYSCFG_DL_I2C_OLED_init         
000038c9  __TI_ltoa                       
00003979  __aeabi_idiv                    
00003979  __aeabi_idivmod                 
000039d1  Control_Corner                  
00003a25  SYSCFG_DL_UART_1_init           
00003c0d  CY_Z_GetTelemetry               
00003e6d  __aeabi_d2iz                    
00003e6d  __fixdfsi                       
00003eb9  DL_UART_init                    
00003f01  Motor_Off                       
00003f91  snprintf                        
0000401d  Key_Init                        
00004061  atoi                            
000040a5  SYSCFG_DL_UART_0_init           
000040e5  vsnprintf                       
00004125  __aeabi_uidiv                   
00004125  __aeabi_uidivmod                
00004165  __aeabi_f2d                     
00004165  __extendsfdf2                   
000041e1  Motor_Control_SetProfile        
0000421d  OLED_Set_Pos                    
00004259  PID_Init                        
00004295  UART_Printf                     
000042d1  __TI_auto_init_nobinit_nopinit  
0000430d  __aeabi_i2f                     
0000430d  __floatsisf                     
00004349  __muldsi3                       
00004385  __aeabi_f2iz                    
00004385  __fixsfsi                       
000043bd  Grayscale_Sensor_Init           
00004455  DL_UART_transmitDataBlocking    
00004485  SYSCFG_DL_init                  
000044b5  __aeabi_dcmpun                  
000044b5  __unorddf2                      
00004515  mspm0_delay_ms                  
00004621  mspm0_get_clock_ms              
0000464d  __aeabi_i2d                     
0000464d  __floatsidf                     
00004679  SYSCFG_DL_SYSCTL_init           
000046a5  Buzzer_Beep                     
00004795  _c_int00_noargs                 
00004809  DL_I2C_setClockConfig           
0000482f  UART_SendStr                    
00004855  __aeabi_lmul                    
00004855  __muldi3                        
00004879  memccpy                         
000048dd  __aeabi_llsl                    
000048dd  __ashldi3                       
00004a15  DL_Timer_setCaptCompUpdateMethod
00004a31  DL_Timer_setClockConfig         
00004a69  Interrupt_Init                  
00004a85  UART_SendByte                   
00004aa1  __aeabi_memset                  
00004aa1  __aeabi_memset4                 
00004aa1  __aeabi_memset8                 
00004aaf  __aeabi_memclr                  
00004aaf  __aeabi_memclr4                 
00004aaf  __aeabi_memclr8                 
00004abd  Buzzer_Init                     
00004d2d  DL_Timer_setCaptureCompareOutCtl
00004d75  Motor_Control_GetStraightRef    
00004e2b  delay_ms                        
00004e41  __TI_zero_init_nomemset         
00004f5d  Motor_On                        
00004f71  SysTick_Init                    
00004f85  __aeabi_uldivmod                
00004fbd  DL_UART_setClockConfig          
00004fcf  PID_Reset                       
00004ff3  TI_memcpy_small                 
00005005  __TI_decompress_none            
00005019  CY_Z_SendZeroAngleFixed         
00005049  DL_Timer_setCaptureCompareValue 
00005059  Encoder_GetSpeedL               
00005069  Encoder_GetSpeedR               
00005079  SysTick_Handler                 
00005089  UART_Init                       
00005099  wcslen                          
000050a9  SYSCFG_DL_SYSTICK_init          
000050c5  TI_memset_small                 
000050d5  Motor_Control_GetLostCount      
000050e1  DL_Common_delayCycles           
000050eb  GROUP1_IRQHandler               
0000511b  UART1_IRQHandler                
00005123  __aeabi_ddiv                    
0000512b  __aeabi_dmul                    
00005135  __aeabi_errno_addr              
0000513d  __aeabi_memcpy                  
0000513d  __aeabi_memcpy4                 
0000513d  __aeabi_memcpy8                 
00005145  abort                           
0000514b  ADC0_IRQHandler                 
0000514b  ADC1_IRQHandler                 
0000514b  AES_IRQHandler                  
0000514b  CANFD0_IRQHandler               
0000514b  DAC0_IRQHandler                 
0000514b  DMA_IRQHandler                  
0000514b  Default_Handler                 
0000514b  GROUP0_IRQHandler               
0000514b  HardFault_Handler               
0000514b  I2C0_IRQHandler                 
0000514b  I2C1_IRQHandler                 
0000514b  NMI_Handler                     
0000514b  PendSV_Handler                  
0000514b  RTC_IRQHandler                  
0000514b  SPI0_IRQHandler                 
0000514b  SPI1_IRQHandler                 
0000514b  SVC_Handler                     
0000514b  TIMA0_IRQHandler                
0000514b  TIMA1_IRQHandler                
0000514b  TIMG0_IRQHandler                
0000514b  TIMG12_IRQHandler               
0000514b  TIMG6_IRQHandler                
0000514b  TIMG7_IRQHandler                
0000514b  TIMG8_IRQHandler                
0000514b  UART0_IRQHandler                
0000514b  UART2_IRQHandler                
0000514b  UART3_IRQHandler                
0000514e  C$$EXIT                         
0000514f  HOSTexit                        
00005153  Reset_Handler                   
00005169  _system_pre_init                
00005170  asc2_1608                       
00005760  asc2_0806                       
00005990  __aeabi_ctype_table_            
00005990  __aeabi_ctype_table_C           
00005ba4  __TI_Handler_Table_Base         
00005bb0  __TI_Handler_Table_Limit        
00005bb8  __TI_CINIT_Base                 
00005bc8  __TI_CINIT_Limit                
00005bc8  __TI_CINIT_Warm                 
20200000  __start___llvm_prf_bits         
20200000  __start___llvm_prf_cnts         
20200000  __stop___llvm_prf_bits          
20200000  __stop___llvm_prf_cnts          
20200000  gPWM_MotorBackup                
20200134  g_ack_frame_count               
20200138  g_crc_error_count               
2020013c  g_drop_byte_count               
20200140  g_rx_byte_count                 
20200144  g_valid_frame_count             
20200148  start_time                      
2020014c  tick_ms                         
20200154  g_enc_L_pulses                  
20200156  g_enc_R_pulses                  
2020016c  __aeabi_errno                   
20200182  cx                              
20200186  Flag                            
20200188  enable_group1_irq               
2020018b  g_sensor_raw_data               
20207e00  __stack                         
20208000  __STACK_END                     
ffffffff  __TI_pprof_out_hndl             
ffffffff  __TI_prof_data_size             
ffffffff  __TI_prof_data_start            
ffffffff  __binit__                       
ffffffff  binit                           
UNDEFED   __mpu_init                      
UNDEFED   _system_post_cinit              

[243 symbols]
