******************************************************************************
            TI ARM Clang Linker PC v5.1.1                      
******************************************************************************
>> Linked Thu Jul 23 15:51:25 2026

OUTPUT FILE NAME:   <Car_L.out>
ENTRY POINT SYMBOL: "_c_int00_noargs"  address: 00003c95


MEMORY CONFIGURATION

         name            origin    length      used     unused   attr    fill
----------------------  --------  ---------  --------  --------  ----  --------
  FLASH                 00000000   00020000  00004528  0001bad8  R  X
  SRAM                  20200000   00008000  0000039b  00007c65  RW X
  BCR_CONFIG            41c00000   000000ff  00000000  000000ff  R   
  BSL_CONFIG            41c00100   00000080  00000000  00000080  R   


SEGMENT ALLOCATION MAP

run origin  load origin   length   init length attrs members
----------  ----------- ---------- ----------- ----- -------
00000000    00000000    00004528   00004528    r-x
  00000000    00000000    000000c0   000000c0    r-- .intvecs
  000000c0    000000c0    000042b0   000042b0    r-x .text
  00004370    00004370    00000180   00000180    r-- .rodata
  000044f0    000044f0    00000038   00000038    r-- .cinit
20200000    20200000    0000019d   00000000    rw-
  20200000    20200000    00000162   00000000    rw- .bss
  20200164    20200164    00000039   00000000    rw- .data
20207e00    20207e00    00000200   00000000    rw-
  20207e00    20207e00    00000200   00000000    rw- .stack


SECTION ALLOCATION MAP

 output                                  attributes/
section   page    origin      length       input sections
--------  ----  ----------  ----------   ----------------
.intvecs   0    00000000    000000c0     
                  00000000    000000c0     startup_mspm0g350x_ticlang.o (.intvecs)

.text      0    000000c0    000042b0     
                  000000c0    00000a7c     libc.a : _printfi.c.obj (.text:__TI_printfi)
                  00000b3c    00000364     empty.o (.text.main)
                  00000ea0    0000020c     libc.a : _printfi.c.obj (.text._pconv_a)
                  000010ac    000001f4     motor.o (.text.Motor_Ctrl_Straight)
                  000012a0    000001e8     CY_Z.o (.text.CY_Z_UART1_IRQHandler)
                  00001488    000001e0     libc.a : _printfi.c.obj (.text._pconv_g)
                  00001668    00000198     motor.o (.text.Motor_Ctrl_LostLine)
                  00001800    00000192     libclang_rt.builtins.a : adddf3.S.obj (.text)
                  00001992    00000002     usart.o (.text.USART_Init)
                  00001994    00000170     motor.o (.text.Motor_Ctrl)
                  00001b04    00000168     motor.o (.text.Set_Speed)
                  00001c6c    00000138     libc.a : _printfi.c.obj (.text.fcvt)
                  00001da4    0000011a     libclang_rt.builtins.a : divdf3.S.obj (.text)
                  00001ebe    00000002                            : aeabi_div0.c.obj (.text.__aeabi_idiv0)
                  00001ec0    00000110     encoder.o (.text.GROUP1_IRQHandler)
                  00001fd0    00000104     driverlib.a : dl_timer.o (.text.DL_Timer_initFourCCPWMMode)
                  000020d4    000000fc     libc.a : _printfi.c.obj (.text._pconv_e)
                  000021d0    000000ec     ti_msp_dl_config.o (.text.SYSCFG_DL_GPIO_init)
                  000022bc    000000e4     libclang_rt.builtins.a : muldf3.S.obj (.text)
                  000023a0    000000dc     motor.o (.text.Motor_Init_Control)
                  0000247c    000000dc     libc.a : s_scalbn.c.obj (.text.scalbn)
                  00002558    000000d8     libclang_rt.builtins.a : addsf3.S.obj (.text)
                  00002630    000000d0     encoder.o (.text.Encoder_Update)
                  00002700    000000d0     PID.o (.text.PID_Update)
                  000027d0    000000a8     grayscale_sensor.o (.text.Grayscale_Read_All)
                  00002878    000000a2     libclang_rt.builtins.a : udivmoddi4.S.obj (.text)
                  0000291a    0000009e     CY_Z.o (.text.CY_Z_ParseTelemetryFrame)
                  000029b8    00000094     CY_Z.o (.text.CY_Z_Crc16Modbus)
                  00002a4c    00000090     ti_msp_dl_config.o (.text.SYSCFG_DL_PWM_Motor_init)
                  00002adc    0000008e     grayscale_sensor.o (.text.Grayscale_Data_To_CX)
                  00002b6a    00000002     libclang_rt.builtins.a : aeabi_div0.c.obj (.text.__aeabi_ldiv0)
                  00002b6c    0000008c     encoder.o (.text.Encoder_Init)
                  00002bf8    0000008c     libclang_rt.builtins.a : comparesf2.S.obj (.text)
                  00002c84    0000008c                            : mulsf3.S.obj (.text)
                  00002d10    00000088     CY_Z.o (.text.CY_Z_ParseAckFrame)
                  00002d98    00000084     ti_msp_dl_config.o (.text.__NVIC_SetPriority)
                  00002e1c    0000007c     CY_Z.o (.text.CY_Z_Init)
                  00002e98    0000007c     libc.a : copy_decompress_lzss.c.obj (.text:decompress:lzss)
                  00002f14    00000074     libclang_rt.builtins.a : comparedf2.c.obj (.text.__gedf2)
                  00002f88    00000074     delay.o (.text.delay_us)
                  00002ffc    00000068     ti_msp_dl_config.o (.text.SYSCFG_DL_initPower)
                  00003064    00000068     libclang_rt.builtins.a : comparedf2.c.obj (.text.__ledf2)
                  000030cc    00000066     libc.a : _printfi.c.obj (.text._mcpy)
                  00003132    00000002     --HOLE-- [fill = 0]
                  00003134    0000005c            : s_frexp.c.obj (.text.frexp)
                  00003190    0000005a     libclang_rt.builtins.a : aeabi_dcmp.S.obj (.text)
                  000031ea    00000002     --HOLE-- [fill = 0]
                  000031ec    0000005a                            : aeabi_fcmp.S.obj (.text)
                  00003246    00000002     --HOLE-- [fill = 0]
                  00003248    00000058     CY_Z.o (.text.CY_Z_PrintTelemetry)
                  000032a0    00000058     libc.a : _ltoa.c.obj (.text.__TI_ltoa)
                  000032f8    00000058            : _printfi.c.obj (.text._pconv_f)
                  00003350    00000056     libclang_rt.builtins.a : aeabi_idivmod.S.obj (.text)
                  000033a6    00000002     --HOLE-- [fill = 0]
                  000033a8    00000054     ti_msp_dl_config.o (.text.SYSCFG_DL_UART_1_init)
                  000033fc    00000052     libc.a : _printfi.c.obj (.text._ecpy)
                  0000344e    00000002     --HOLE-- [fill = 0]
                  00003450    00000050     motor.o (.text.Motor_Reset_All_PID)
                  000034a0    0000004c     CY_Z.o (.text.CY_Z_GetTelemetry)
                  000034ec    0000004c     encoder.o (.text.DL_GPIO_initDigitalInputFeatures)
                  00003538    0000004c     grayscale_sensor.o (.text.DL_GPIO_initDigitalInputFeatures)
                  00003584    0000004c     ti_msp_dl_config.o (.text.DL_GPIO_initDigitalInputFeatures)
                  000035d0    0000004c     ti_msp_dl_config.o (.text.DL_UART_setBaudRateDivisor)
                  0000361c    0000004a     libclang_rt.builtins.a : fixdfsi.S.obj (.text)
                  00003666    00000002     --HOLE-- [fill = 0]
                  00003668    00000048     driverlib.a : dl_uart.o (.text.DL_UART_init)
                  000036b0    00000048     grayscale_sensor.o (.text.Grayscale_Update)
                  000036f8    00000048     libc.a : snprintf.c.obj (.text.snprintf)
                  00003740    00000044     CY_Z.o (.text.CY_Z_Uart1WriteBuffer)
                  00003784    00000044     libc.a : atoi.c.obj (.text.atoi)
                  000037c8    00000040     ti_msp_dl_config.o (.text.SYSCFG_DL_UART_0_init)
                  00003808    00000040     libclang_rt.builtins.a : aeabi_uidivmod.S.obj (.text)
                  00003848    00000040                            : extendsfdf2.S.obj (.text)
                  00003888    0000003c     ti_msp_dl_config.o (.text.DL_Timer_setCounterControl)
                  000038c4    0000003c     PID.o (.text.PID_Init)
                  00003900    0000003c     libc.a : autoinit.c.obj (.text:__TI_auto_init_nobinit_nopinit)
                  0000393c    0000003c     libclang_rt.builtins.a : floatsisf.S.obj (.text)
                  00003978    0000003a                            : muldsi3.S.obj (.text)
                  000039b2    00000002     --HOLE-- [fill = 0]
                  000039b4    00000038                            : fixsfsi.S.obj (.text)
                  000039ec    00000034     grayscale_sensor.o (.text.Grayscale_Sensor_Init)
                  00003a20    00000032     libc.a : snprintf.c.obj (.text._outs)
                  00003a52    00000002     --HOLE-- [fill = 0]
                  00003a54    00000030     driverlib.a : dl_uart.o (.text.DL_UART_transmitDataBlocking)
                  00003a84    00000030     libclang_rt.builtins.a : comparedf2.c.obj (.text.__unorddf2)
                  00003ab4    00000030     libc.a : _printfi.c.obj (.text._fcpy)
                  00003ae4    0000002c     ti_msp_dl_config.o (.text.SYSCFG_DL_init)
                  00003b10    0000002c     usart.o (.text.UART0_SendData)
                  00003b3c    0000002c     CY_Z.o (.text.__NVIC_ClearPendingIRQ)
                  00003b68    0000002c     encoder.o (.text.__NVIC_ClearPendingIRQ)
                  00003b94    0000002c     CY_Z.o (.text.__NVIC_EnableIRQ)
                  00003bc0    0000002c     encoder.o (.text.__NVIC_EnableIRQ)
                  00003bec    0000002c     libclang_rt.builtins.a : floatsidf.S.obj (.text)
                  00003c18    0000002a     ti_msp_dl_config.o (.text.SYSCFG_DL_SYSCTL_init)
                  00003c42    00000028     ti_msp_dl_config.o (.text.DL_Common_updateReg)
                  00003c6a    00000002     --HOLE-- [fill = 0]
                  00003c6c    00000028     ti_msp_dl_config.o (.text.DL_SYSTICK_init)
                  00003c94    00000028     libc.a : boot_cortex_m.c.obj (.text:_c_int00_noargs)
                  00003cbc    00000026     CY_Z.o (.text.CY_Z_ReadLeFloat)
                  00003ce2    00000026     CY_Z.o (.text.CY_Z_Uart0WriteString)
                  00003d08    00000024     usart.o (.text.UART0_SendString)
                  00003d2c    00000024     libclang_rt.builtins.a : muldi3.S.obj (.text)
                  00003d50    00000022     libc.a : memccpy.c.obj (.text.memccpy)
                  00003d72    00000002     --HOLE-- [fill = 0]
                  00003d74    00000020     ti_msp_dl_config.o (.text.DL_GPIO_initPeripheralInputFunction)
                  00003d94    0000001e     ti_msp_dl_config.o (.text.DL_UART_setOversampling)
                  00003db2    00000002     --HOLE-- [fill = 0]
                  00003db4    0000001e     libclang_rt.builtins.a : ashldi3.S.obj (.text)
                  00003dd2    00000002     --HOLE-- [fill = 0]
                  00003dd4    0000001c     CY_Z.o (.text.CY_Z_Uart0WriteByte)
                  00003df0    0000001c     encoder.o (.text.DL_GPIO_clearInterruptStatus)
                  00003e0c    0000001c     encoder.o (.text.DL_GPIO_enableInterrupt)
                  00003e28    0000001c     ti_msp_dl_config.o (.text.DL_GPIO_initPeripheralOutputFunction)
                  00003e44    0000001c     ti_msp_dl_config.o (.text.DL_SYSCTL_setMCLKDivider)
                  00003e60    0000001c     ti_msp_dl_config.o (.text.DL_SYSCTL_setSYSOSCFreq)
                  00003e7c    0000001c     ti_msp_dl_config.o (.text.DL_SYSCTL_setULPCLKDivider)
                  00003e98    0000001c     driverlib.a : dl_timer.o (.text.DL_Timer_setCaptCompUpdateMethod)
                  00003eb4    0000001c                 : dl_timer.o (.text.DL_Timer_setClockConfig)
                  00003ed0    0000001c     ti_msp_dl_config.o (.text.DL_UART_enableInterrupt)
                  00003eec    0000001a     libclang_rt.builtins.a : aeabi_memset.S.obj (.text)
                  00003f06    00000002     --HOLE-- [fill = 0]
                  00003f08    00000018     ti_msp_dl_config.o (.text.DL_GPIO_enableOutput)
                  00003f20    00000018     ti_msp_dl_config.o (.text.DL_GPIO_enablePower)
                  00003f38    00000018     encoder.o (.text.DL_GPIO_getEnabledInterruptStatus)
                  00003f50    00000018     ti_msp_dl_config.o (.text.DL_GPIO_initDigitalOutput)
                  00003f68    00000018     ti_msp_dl_config.o (.text.DL_GPIO_reset)
                  00003f80    00000018     empty.o (.text.DL_GPIO_setPins)
                  00003f98    00000018     grayscale_sensor.o (.text.DL_GPIO_setPins)
                  00003fb0    00000018     motor.o (.text.DL_GPIO_setPins)
                  00003fc8    00000018     ti_msp_dl_config.o (.text.DL_SYSCTL_setBORThreshold)
                  00003fe0    00000018     ti_msp_dl_config.o (.text.DL_Timer_enablePower)
                  00003ff8    00000018     ti_msp_dl_config.o (.text.DL_Timer_reset)
                  00004010    00000018     driverlib.a : dl_timer.o (.text.DL_Timer_setCaptureCompareOutCtl)
                  00004028    00000018     empty.o (.text.DL_Timer_startCounter)
                  00004040    00000018     ti_msp_dl_config.o (.text.DL_UART_enablePower)
                  00004058    00000018     usart.o (.text.DL_UART_isTXFIFOFull)
                  00004070    00000018     ti_msp_dl_config.o (.text.DL_UART_reset)
                  00004088    00000018     libc.a : snprintf.c.obj (.text._outc)
                  000040a0    00000016     empty.o (.text.DL_GPIO_readPins)
                  000040b6    00000016     encoder.o (.text.DL_GPIO_readPins)
                  000040cc    00000016     grayscale_sensor.o (.text.DL_GPIO_readPins)
                  000040e2    00000016     ti_msp_dl_config.o (.text.DL_UART_enable)
                  000040f8    00000016     usart.o (.text.DL_UART_transmitData)
                  0000410e    00000016     delay.o (.text.delay_ms)
                  00004124    00000016     libc.a : copy_zero_init.c.obj (.text:decompress:ZI:__TI_zero_init_nomemset)
                  0000413a    00000014     empty.o (.text.DL_GPIO_clearPins)
                  0000414e    00000014     grayscale_sensor.o (.text.DL_GPIO_clearPins)
                  00004162    00000014     motor.o (.text.DL_GPIO_clearPins)
                  00004176    00000014     ti_msp_dl_config.o (.text.DL_GPIO_clearPins)
                  0000418a    00000002     --HOLE-- [fill = 0]
                  0000418c    00000014     ti_msp_dl_config.o (.text.DL_SYSCTL_disableSYSPLL)
                  000041a0    00000014     ti_msp_dl_config.o (.text.DL_Timer_enableClock)
                  000041b4    00000014     ti_msp_dl_config.o (.text.DL_Timer_setCCPDirection)
                  000041c8    00000014     CY_Z.o (.text.DL_UART_receiveData)
                  000041dc    00000014     motor.o (.text.Motor_On)
                  000041f0    00000014     libclang_rt.builtins.a : aeabi_uldivmod.S.obj (.text)
                  00004204    00000012     CY_Z.o (.text.CY_Z_ReadLe16)
                  00004216    00000012     CY_Z.o (.text.DL_UART_getPendingInterrupt)
                  00004228    00000012     driverlib.a : dl_uart.o (.text.DL_UART_setClockConfig)
                  0000423a    00000012     PID.o (.text.PID_Reset)
                  0000424c    00000012     libc.a : _printfi.c.obj (.text.strchr)
                  0000425e    00000012            : memcpy16.S.obj (.text:TI_memcpy_small)
                  00004270    00000012            : copy_decompress_none.c.obj (.text:decompress:none)
                  00004282    00000002     --HOLE-- [fill = 0]
                  00004284    00000010     CY_Z.o (.text.CY_Z_SendZeroAngleFixed)
                  00004294    00000010     ti_msp_dl_config.o (.text.DL_SYSCTL_disableHFXT)
                  000042a4    00000010     ti_msp_dl_config.o (.text.DL_SYSTICK_enable)
                  000042b4    00000010     driverlib.a : dl_timer.o (.text.DL_Timer_setCaptureCompareValue)
                  000042c4    00000010     libc.a : wcslen.c.obj (.text.wcslen)
                  000042d4    0000000e     ti_msp_dl_config.o (.text.SYSCFG_DL_SYSTICK_init)
                  000042e2    0000000e     libc.a : _printfi.c.obj (.text.strlen)
                  000042f0    0000000e            : memset16.S.obj (.text:TI_memset_small)
                  000042fe    0000000a     driverlib.a : dl_common.o (.text.DL_Common_delayCycles)
                  00004308    0000000a     libc.a : _printfi.c.obj (.text.OUTLINED_FUNCTION_0)
                  00004312    00000002     --HOLE-- [fill = 0]
                  00004314    00000010     libclang_rt.builtins.a : adddf3.S.obj (.tramp.__aeabi_dsub.1)
                  00004324    0000000a     libc.a : _printfi.c.obj (.text.OUTLINED_FUNCTION_1)
                  0000432e    00000008     CY_Z.o (.text.UART1_IRQHandler)
                  00004336    00000008     libclang_rt.builtins.a : aeabi_ddiv.c.obj (.text.__aeabi_ddiv)
                  0000433e    00000008                            : aeabi_dmul.c.obj (.text.__aeabi_dmul)
                  00004346    00000002     --HOLE-- [fill = 0]
                  00004348    00000008     libc.a : aeabi_portable.c.obj (.text.__aeabi_errno_addr)
                  00004350    00000008     libclang_rt.builtins.a : aeabi_memcpy.S.obj (.text)
                  00004358    00000006     libc.a : exit.c.obj (.text:abort)
                  0000435e    00000004     startup_mspm0g350x_ticlang.o (.text.Default_Handler)
                  00004362    00000004     libsysbm.a : hostexit.c.obj (.text.HOSTexit)
                  00004366    00000004     startup_mspm0g350x_ticlang.o (.text.Reset_Handler)
                  0000436a    00000004     libc.a : pre_init.c.obj (.text._system_pre_init)
                  0000436e    00000002     --HOLE-- [fill = 0]

.cinit     0    000044f0    00000038     
                  000044f0    00000011     (.cinit..data.load) [load image, compression = lzss]
                  00004501    00000003     --HOLE-- [fill = 0]
                  00004504    0000000c     (__TI_handler_table)
                  00004510    00000008     (.cinit..bss.load) [load image, compression = zero_init]
                  00004518    00000010     (__TI_cinit_table)

.rodata    0    00004370    00000180     
                  00004370    00000101     libc.a : aeabi_ctype.S.obj (.rodata:__aeabi_ctype_table_)
                  00004471    00000029     CY_Z.o (.rodata.str1.4676210270992922965.1)
                  0000449a    00000011     libc.a : _printfi.c.obj (.rodata.str1.10348868589481759720.1)
                  000044ab    00000011            : _printfi.c.obj (.rodata.str1.15363888844622738466.1)
                  000044bc    0000000a     ti_msp_dl_config.o (.rodata.gUART_0Config)
                  000044c6    0000000a     ti_msp_dl_config.o (.rodata.gUART_1Config)
                  000044d0    00000008     CY_Z.o (.rodata.CY_Z_SendZeroAngleFixed.frame)
                  000044d8    00000008     ti_msp_dl_config.o (.rodata.gPWM_MotorConfig)
                  000044e0    00000008     empty.o (.rodata.str1.9517790425240694019.1)
                  000044e8    00000003     ti_msp_dl_config.o (.rodata.gPWM_MotorClockConfig)
                  000044eb    00000002     ti_msp_dl_config.o (.rodata.gUART_0ClockConfig)
                  000044ed    00000002     ti_msp_dl_config.o (.rodata.gUART_1ClockConfig)
                  000044ef    00000001     --HOLE-- [fill = 0]

.init_array 
*          0    00000000    00000000     UNINITIALIZED

.binit     0    00000000    00000000     

.bss       0    20200000    00000162     UNINITIALIZED
                  20200000    000000bc     (.common:gPWM_MotorBackup)
                  202000bc    0000001c     (.common:pid_speed_L)
                  202000d8    0000001c     (.common:pid_speed_R)
                  202000f4    0000001c     (.common:pid_steering)
                  20200110    0000001c     (.common:pid_yaw)
                  2020012c    00000010     CY_Z.o (.bss.g_rx_window)
                  2020013c    0000000c     CY_Z.o (.bss.g_last_telemetry)
                  20200148    00000004     (.common:g_ack_frame_count)
                  2020014c    00000004     (.common:g_crc_error_count)
                  20200150    00000004     (.common:g_drop_byte_count)
                  20200154    00000004     (.common:g_rx_byte_count)
                  20200158    00000004     (.common:g_valid_frame_count)
                  2020015c    00000003     CY_Z.o (.bss.g_last_ack)
                  2020015f    00000001     CY_Z.o (.bss.g_ack_ready)
                  20200160    00000001     CY_Z.o (.bss.g_frame_ready)
                  20200161    00000001     CY_Z.o (.bss.g_rx_window_count)

.data      0    20200164    00000039     UNINITIALIZED
                  20200164    00000004     motor.o (.data.Motor_Ctrl.cx_filt)
                  20200168    00000004     libc.a : aeabi_portable.c.obj (.data.__aeabi_errno)
                  2020016c    00000004     motor.o (.data.diff_integral)
                  20200170    00000004     encoder.o (.data.enc_left_count)
                  20200174    00000004     encoder.o (.data.enc_left_count_prev)
                  20200178    00000004     encoder.o (.data.enc_left_filt)
                  2020017c    00000004     encoder.o (.data.enc_right_count)
                  20200180    00000004     encoder.o (.data.enc_right_count_prev)
                  20200184    00000004     encoder.o (.data.enc_right_filt)
                  20200188    00000004     empty.o (.data.main.yaw_filt)
                  2020018c    00000004     motor.o (.data.pwm_L_filtered)
                  20200190    00000004     motor.o (.data.pwm_R_filtered)
                  20200194    00000002     grayscale_sensor.o (.data.cx)
                  20200196    00000002     encoder.o (.data.enc_left_speed)
                  20200198    00000002     encoder.o (.data.enc_right_speed)
                  2020019a    00000002     motor.o (.data.turn_adj)
                  2020019c    00000001     grayscale_sensor.o (.data.g_sensor_raw_data)

.stack     0    20207e00    00000200     UNINITIALIZED
                  20207e00    00000004     libc.a : boot_cortex_m.c.obj (.stack)
                  20207e04    000001fc     --HOLE--

__llvm_prf_cnts 
*          0    20200000    00000000     UNINITIALIZED

__llvm_prf_bits 
*          0    20200000    00000000     UNINITIALIZED

MODULE SUMMARY

       Module                         code    ro data   rw data
       ------                         ----    -------   -------
    .\
       ti_msp_dl_config.o             1708    35        188    
       empty.o                        958     8         4      
       startup_mspm0g350x_ticlang.o   8       192       0      
    +--+------------------------------+-------+---------+---------+
       Total:                         2674    235       192    
                                                               
    .\Driver\
       motor.o                        2000    0         130    
       CY_Z.o                         1558    49        54     
       encoder.o                      886     0         28     
       grayscale_sensor.o             576     0         3      
       PID.o                          286     0         0      
    +--+------------------------------+-------+---------+---------+
       Total:                         5306    49        215    
                                                               
    .\System\
       delay.o                        138     0         0      
       usart.o                        128     0         0      
    +--+------------------------------+-------+---------+---------+
       Total:                         266     0         0      
                                                               
    D:/DOWDLOAD/CCSTUDIO/Sample_Code/source/ti/driverlib/lib/ticlang/m0p/mspm0g1x0x_g3x0x/driverlib.a
       dl_timer.o                     356     0         0      
       dl_uart.o                      138     0         0      
       dl_common.o                    10      0         0      
    +--+------------------------------+-------+---------+---------+
       Total:                         504     0         0      
                                                               
    D:\DOWDLOAD\CCSTUDIO\ccs\tools\compiler\ti-cgt-armllvm_5.1.1.LTS\lib\armv6m-ti-none-eabi/c/libc.a
       _printfi.c.obj                 4624    34        0      
       aeabi_ctype.S.obj              0       257       0      
       s_scalbn.c.obj                 220     0         0      
       snprintf.c.obj                 146     0         0      
       copy_decompress_lzss.c.obj     124     0         0      
       s_frexp.c.obj                  92      0         0      
       _ltoa.c.obj                    88      0         0      
       atoi.c.obj                     68      0         0      
       autoinit.c.obj                 60      0         0      
       boot_cortex_m.c.obj            40      0         0      
       memccpy.c.obj                  34      0         0      
       copy_zero_init.c.obj           22      0         0      
       copy_decompress_none.c.obj     18      0         0      
       memcpy16.S.obj                 18      0         0      
       wcslen.c.obj                   16      0         0      
       memset16.S.obj                 14      0         0      
       aeabi_portable.c.obj           8       0         4      
       exit.c.obj                     6       0         0      
       pre_init.c.obj                 4       0         0      
    +--+------------------------------+-------+---------+---------+
       Total:                         5602    291       4      
                                                               
    D:\DOWDLOAD\CCSTUDIO\ccs\tools\compiler\ti-cgt-armllvm_5.1.1.LTS\lib\armv6m-ti-none-eabi/c/libsysbm.a
       hostexit.c.obj                 4       0         0      
    +--+------------------------------+-------+---------+---------+
       Total:                         4       0         0      
                                                               
    D:\DOWDLOAD\CCSTUDIO\ccs\tools\compiler\ti-cgt-armllvm_5.1.1.LTS\lib\armv6m-ti-none-eabi/libclang_rt.builtins.a
       adddf3.S.obj                   418     0         0      
       divdf3.S.obj                   282     0         0      
       comparedf2.c.obj               268     0         0      
       muldf3.S.obj                   228     0         0      
       addsf3.S.obj                   216     0         0      
       udivmoddi4.S.obj               162     0         0      
       comparesf2.S.obj               140     0         0      
       mulsf3.S.obj                   140     0         0      
       aeabi_dcmp.S.obj               90      0         0      
       aeabi_fcmp.S.obj               90      0         0      
       aeabi_idivmod.S.obj            86      0         0      
       fixdfsi.S.obj                  74      0         0      
       aeabi_uidivmod.S.obj           64      0         0      
       extendsfdf2.S.obj              64      0         0      
       floatsisf.S.obj                60      0         0      
       muldsi3.S.obj                  58      0         0      
       fixsfsi.S.obj                  56      0         0      
       floatsidf.S.obj                44      0         0      
       muldi3.S.obj                   36      0         0      
       ashldi3.S.obj                  30      0         0      
       aeabi_memset.S.obj             26      0         0      
       aeabi_uldivmod.S.obj           20      0         0      
       aeabi_ddiv.c.obj               8       0         0      
       aeabi_dmul.c.obj               8       0         0      
       aeabi_memcpy.S.obj             8       0         0      
       aeabi_div0.c.obj               4       0         0      
    +--+------------------------------+-------+---------+---------+
       Total:                         2680    0         0      
                                                               
       Stack:                         0       0         512    
       Linker Generated:              0       53        0      
    +--+------------------------------+-------+---------+---------+
       Grand Total:                   17036   628       923    


LINKER GENERATED COPY TABLES

__TI_cinit_table @ 00004518 records: 2, size/record: 8, table size: 16
	.data: load addr=000044f0, load size=00000011 bytes, run addr=20200164, run size=00000039 bytes, compression=lzss
	.bss: load addr=00004510, load size=00000008 bytes, run addr=20200000, run size=00000162 bytes, compression=zero_init


LINKER GENERATED HANDLER TABLE

__TI_handler_table @ 00004504 records: 3, size/record: 4, table size: 12
	index: 0, handler: __TI_decompress_lzss
	index: 1, handler: __TI_decompress_none
	index: 2, handler: __TI_zero_init


FAR CALL TRAMPOLINES

callee name               trampoline name
   callee addr  tramp addr   call addr  call info
--------------  -----------  ---------  ----------------
__aeabi_dsub              $Tramp$TT$L$PI$$__aeabi_dsub
   00001801     00004314     00004310   libc.a : _printfi.c.obj (.text.OUTLINED_FUNCTION_0)

[1 trampolines]
[1 trampoline calls]


GLOBAL SYMBOLS: SORTED ALPHABETICALLY BY Name 

address   name                            
-------   ----                            
0000435f  ADC0_IRQHandler                 
0000435f  ADC1_IRQHandler                 
0000435f  AES_IRQHandler                  
00004362  C$$EXIT                         
0000435f  CANFD0_IRQHandler               
000034a1  CY_Z_GetTelemetry               
00002e1d  CY_Z_Init                       
00003249  CY_Z_PrintTelemetry             
00004285  CY_Z_SendZeroAngleFixed         
000012a1  CY_Z_UART1_IRQHandler           
0000435f  DAC0_IRQHandler                 
000042ff  DL_Common_delayCycles           
00001fd1  DL_Timer_initFourCCPWMMode      
00003e99  DL_Timer_setCaptCompUpdateMethod
00004011  DL_Timer_setCaptureCompareOutCtl
000042b5  DL_Timer_setCaptureCompareValue 
00003eb5  DL_Timer_setClockConfig         
00003669  DL_UART_init                    
00004229  DL_UART_setClockConfig          
00003a55  DL_UART_transmitDataBlocking    
0000435f  DMA_IRQHandler                  
0000435f  Default_Handler                 
00002b6d  Encoder_Init                    
00002631  Encoder_Update                  
0000435f  GROUP0_IRQHandler               
00001ec1  GROUP1_IRQHandler               
000039ed  Grayscale_Sensor_Init           
000036b1  Grayscale_Update                
00004363  HOSTexit                        
0000435f  HardFault_Handler               
0000435f  I2C0_IRQHandler                 
0000435f  I2C1_IRQHandler                 
00001995  Motor_Ctrl                      
00001669  Motor_Ctrl_LostLine             
000010ad  Motor_Ctrl_Straight             
000023a1  Motor_Init_Control              
000041dd  Motor_On                        
00003451  Motor_Reset_All_PID             
0000435f  NMI_Handler                     
000038c5  PID_Init                        
0000423b  PID_Reset                       
00002701  PID_Update                      
0000435f  PendSV_Handler                  
0000435f  RTC_IRQHandler                  
00004367  Reset_Handler                   
0000435f  SPI0_IRQHandler                 
0000435f  SPI1_IRQHandler                 
0000435f  SVC_Handler                     
000021d1  SYSCFG_DL_GPIO_init             
00002a4d  SYSCFG_DL_PWM_Motor_init        
00003c19  SYSCFG_DL_SYSCTL_init           
000042d5  SYSCFG_DL_SYSTICK_init          
000037c9  SYSCFG_DL_UART_0_init           
000033a9  SYSCFG_DL_UART_1_init           
00003ae5  SYSCFG_DL_init                  
00002ffd  SYSCFG_DL_initPower             
00001b05  Set_Speed                       
0000435f  SysTick_Handler                 
0000435f  TIMA0_IRQHandler                
0000435f  TIMA1_IRQHandler                
0000435f  TIMG0_IRQHandler                
0000435f  TIMG12_IRQHandler               
0000435f  TIMG6_IRQHandler                
0000435f  TIMG7_IRQHandler                
0000435f  TIMG8_IRQHandler                
0000425f  TI_memcpy_small                 
000042f1  TI_memset_small                 
0000435f  UART0_IRQHandler                
00003b11  UART0_SendData                  
00003d09  UART0_SendString                
0000432f  UART1_IRQHandler                
0000435f  UART2_IRQHandler                
0000435f  UART3_IRQHandler                
00001993  USART_Init                      
20208000  __STACK_END                     
00000200  __STACK_SIZE                    
00000000  __TI_ATRegion0_region_sz        
00000000  __TI_ATRegion0_src_addr         
00000000  __TI_ATRegion0_trg_addr         
00000000  __TI_ATRegion1_region_sz        
00000000  __TI_ATRegion1_src_addr         
00000000  __TI_ATRegion1_trg_addr         
00000000  __TI_ATRegion2_region_sz        
00000000  __TI_ATRegion2_src_addr         
00000000  __TI_ATRegion2_trg_addr         
00004518  __TI_CINIT_Base                 
00004528  __TI_CINIT_Limit                
00004528  __TI_CINIT_Warm                 
00004504  __TI_Handler_Table_Base         
00004510  __TI_Handler_Table_Limit        
00003901  __TI_auto_init_nobinit_nopinit  
00002e99  __TI_decompress_lzss            
00004271  __TI_decompress_none            
000032a1  __TI_ltoa                       
ffffffff  __TI_pprof_out_hndl             
000000c1  __TI_printfi                    
ffffffff  __TI_prof_data_size             
ffffffff  __TI_prof_data_start            
00000000  __TI_static_base__              
00004125  __TI_zero_init_nomemset         
0000180b  __adddf3                        
00002563  __addsf3                        
00004370  __aeabi_ctype_table_            
00004370  __aeabi_ctype_table_C           
0000361d  __aeabi_d2iz                    
0000180b  __aeabi_dadd                    
00003191  __aeabi_dcmpeq                  
000031c7  __aeabi_dcmpge                  
000031d9  __aeabi_dcmpgt                  
000031b5  __aeabi_dcmple                  
000031a3  __aeabi_dcmplt                  
00003a85  __aeabi_dcmpun                  
00004337  __aeabi_ddiv                    
0000433f  __aeabi_dmul                    
00001801  __aeabi_dsub                    
20200168  __aeabi_errno                   
00004349  __aeabi_errno_addr              
00003849  __aeabi_f2d                     
000039b5  __aeabi_f2iz                    
00002563  __aeabi_fadd                    
000031ed  __aeabi_fcmpeq                  
00003223  __aeabi_fcmpge                  
00003235  __aeabi_fcmpgt                  
00003211  __aeabi_fcmple                  
000031ff  __aeabi_fcmplt                  
00002c6f  __aeabi_fcmpun                  
00002c85  __aeabi_fmul                    
00002559  __aeabi_fsub                    
00003bed  __aeabi_i2d                     
0000393d  __aeabi_i2f                     
00003351  __aeabi_idiv                    
00001ebf  __aeabi_idiv0                   
00003351  __aeabi_idivmod                 
00002b6b  __aeabi_ldiv0                   
00003db5  __aeabi_llsl                    
00003d2d  __aeabi_lmul                    
00003efb  __aeabi_memclr                  
00003efb  __aeabi_memclr4                 
00003efb  __aeabi_memclr8                 
00004351  __aeabi_memcpy                  
00004351  __aeabi_memcpy4                 
00004351  __aeabi_memcpy8                 
00003eed  __aeabi_memset                  
00003eed  __aeabi_memset4                 
00003eed  __aeabi_memset8                 
00003809  __aeabi_uidiv                   
00003809  __aeabi_uidivmod                
000041f1  __aeabi_uldivmod                
00003db5  __ashldi3                       
ffffffff  __binit__                       
00003065  __cmpdf2                        
00002bf9  __cmpsf2                        
00001da5  __divdf3                        
00003065  __eqdf2                         
00002bf9  __eqsf2                         
00003849  __extendsfdf2                   
0000361d  __fixdfsi                       
000039b5  __fixsfsi                       
00003bed  __floatsidf                     
0000393d  __floatsisf                     
00002f15  __gedf2                         
00002c33  __gesf2                         
00002f15  __gtdf2                         
00002c33  __gtsf2                         
00003065  __ledf2                         
00002bf9  __lesf2                         
00003065  __ltdf2                         
00002bf9  __ltsf2                         
UNDEFED   __mpu_init                      
000022bd  __muldf3                        
00003d2d  __muldi3                        
00003979  __muldsi3                       
00002c85  __mulsf3                        
00003065  __nedf2                         
00002bf9  __nesf2                         
20207e00  __stack                         
20200000  __start___llvm_prf_bits         
20200000  __start___llvm_prf_cnts         
20200000  __stop___llvm_prf_bits          
20200000  __stop___llvm_prf_cnts          
00001801  __subdf3                        
00002559  __subsf3                        
00002879  __udivmoddi4                    
00003a85  __unorddf2                      
00002c6f  __unordsf2                      
00003c95  _c_int00_noargs                 
UNDEFED   _system_post_cinit              
0000436b  _system_pre_init                
00004359  abort                           
00003785  atoi                            
ffffffff  binit                           
20200194  cx                              
0000410f  delay_ms                        
00002f89  delay_us                        
20200170  enc_left_count                  
20200196  enc_left_speed                  
2020017c  enc_right_count                 
20200198  enc_right_speed                 
00003135  frexp                           
00003135  frexpl                          
20200000  gPWM_MotorBackup                
20200148  g_ack_frame_count               
2020014c  g_crc_error_count               
20200150  g_drop_byte_count               
20200154  g_rx_byte_count                 
2020019c  g_sensor_raw_data               
20200158  g_valid_frame_count             
00000000  interruptVectors                
0000247d  ldexp                           
0000247d  ldexpl                          
00000b3d  main                            
00003d51  memccpy                         
202000bc  pid_speed_L                     
202000d8  pid_speed_R                     
202000f4  pid_steering                    
20200110  pid_yaw                         
0000247d  scalbn                          
0000247d  scalbnl                         
000036f9  snprintf                        
2020019a  turn_adj                        
000042c5  wcslen                          


GLOBAL SYMBOLS: SORTED BY Symbol Address 

address   name                            
-------   ----                            
00000000  __TI_ATRegion0_region_sz        
00000000  __TI_ATRegion0_src_addr         
00000000  __TI_ATRegion0_trg_addr         
00000000  __TI_ATRegion1_region_sz        
00000000  __TI_ATRegion1_src_addr         
00000000  __TI_ATRegion1_trg_addr         
00000000  __TI_ATRegion2_region_sz        
00000000  __TI_ATRegion2_src_addr         
00000000  __TI_ATRegion2_trg_addr         
00000000  __TI_static_base__              
00000000  interruptVectors                
000000c1  __TI_printfi                    
00000200  __STACK_SIZE                    
00000b3d  main                            
000010ad  Motor_Ctrl_Straight             
000012a1  CY_Z_UART1_IRQHandler           
00001669  Motor_Ctrl_LostLine             
00001801  __aeabi_dsub                    
00001801  __subdf3                        
0000180b  __adddf3                        
0000180b  __aeabi_dadd                    
00001993  USART_Init                      
00001995  Motor_Ctrl                      
00001b05  Set_Speed                       
00001da5  __divdf3                        
00001ebf  __aeabi_idiv0                   
00001ec1  GROUP1_IRQHandler               
00001fd1  DL_Timer_initFourCCPWMMode      
000021d1  SYSCFG_DL_GPIO_init             
000022bd  __muldf3                        
000023a1  Motor_Init_Control              
0000247d  ldexp                           
0000247d  ldexpl                          
0000247d  scalbn                          
0000247d  scalbnl                         
00002559  __aeabi_fsub                    
00002559  __subsf3                        
00002563  __addsf3                        
00002563  __aeabi_fadd                    
00002631  Encoder_Update                  
00002701  PID_Update                      
00002879  __udivmoddi4                    
00002a4d  SYSCFG_DL_PWM_Motor_init        
00002b6b  __aeabi_ldiv0                   
00002b6d  Encoder_Init                    
00002bf9  __cmpsf2                        
00002bf9  __eqsf2                         
00002bf9  __lesf2                         
00002bf9  __ltsf2                         
00002bf9  __nesf2                         
00002c33  __gesf2                         
00002c33  __gtsf2                         
00002c6f  __aeabi_fcmpun                  
00002c6f  __unordsf2                      
00002c85  __aeabi_fmul                    
00002c85  __mulsf3                        
00002e1d  CY_Z_Init                       
00002e99  __TI_decompress_lzss            
00002f15  __gedf2                         
00002f15  __gtdf2                         
00002f89  delay_us                        
00002ffd  SYSCFG_DL_initPower             
00003065  __cmpdf2                        
00003065  __eqdf2                         
00003065  __ledf2                         
00003065  __ltdf2                         
00003065  __nedf2                         
00003135  frexp                           
00003135  frexpl                          
00003191  __aeabi_dcmpeq                  
000031a3  __aeabi_dcmplt                  
000031b5  __aeabi_dcmple                  
000031c7  __aeabi_dcmpge                  
000031d9  __aeabi_dcmpgt                  
000031ed  __aeabi_fcmpeq                  
000031ff  __aeabi_fcmplt                  
00003211  __aeabi_fcmple                  
00003223  __aeabi_fcmpge                  
00003235  __aeabi_fcmpgt                  
00003249  CY_Z_PrintTelemetry             
000032a1  __TI_ltoa                       
00003351  __aeabi_idiv                    
00003351  __aeabi_idivmod                 
000033a9  SYSCFG_DL_UART_1_init           
00003451  Motor_Reset_All_PID             
000034a1  CY_Z_GetTelemetry               
0000361d  __aeabi_d2iz                    
0000361d  __fixdfsi                       
00003669  DL_UART_init                    
000036b1  Grayscale_Update                
000036f9  snprintf                        
00003785  atoi                            
000037c9  SYSCFG_DL_UART_0_init           
00003809  __aeabi_uidiv                   
00003809  __aeabi_uidivmod                
00003849  __aeabi_f2d                     
00003849  __extendsfdf2                   
000038c5  PID_Init                        
00003901  __TI_auto_init_nobinit_nopinit  
0000393d  __aeabi_i2f                     
0000393d  __floatsisf                     
00003979  __muldsi3                       
000039b5  __aeabi_f2iz                    
000039b5  __fixsfsi                       
000039ed  Grayscale_Sensor_Init           
00003a55  DL_UART_transmitDataBlocking    
00003a85  __aeabi_dcmpun                  
00003a85  __unorddf2                      
00003ae5  SYSCFG_DL_init                  
00003b11  UART0_SendData                  
00003bed  __aeabi_i2d                     
00003bed  __floatsidf                     
00003c19  SYSCFG_DL_SYSCTL_init           
00003c95  _c_int00_noargs                 
00003d09  UART0_SendString                
00003d2d  __aeabi_lmul                    
00003d2d  __muldi3                        
00003d51  memccpy                         
00003db5  __aeabi_llsl                    
00003db5  __ashldi3                       
00003e99  DL_Timer_setCaptCompUpdateMethod
00003eb5  DL_Timer_setClockConfig         
00003eed  __aeabi_memset                  
00003eed  __aeabi_memset4                 
00003eed  __aeabi_memset8                 
00003efb  __aeabi_memclr                  
00003efb  __aeabi_memclr4                 
00003efb  __aeabi_memclr8                 
00004011  DL_Timer_setCaptureCompareOutCtl
0000410f  delay_ms                        
00004125  __TI_zero_init_nomemset         
000041dd  Motor_On                        
000041f1  __aeabi_uldivmod                
00004229  DL_UART_setClockConfig          
0000423b  PID_Reset                       
0000425f  TI_memcpy_small                 
00004271  __TI_decompress_none            
00004285  CY_Z_SendZeroAngleFixed         
000042b5  DL_Timer_setCaptureCompareValue 
000042c5  wcslen                          
000042d5  SYSCFG_DL_SYSTICK_init          
000042f1  TI_memset_small                 
000042ff  DL_Common_delayCycles           
0000432f  UART1_IRQHandler                
00004337  __aeabi_ddiv                    
0000433f  __aeabi_dmul                    
00004349  __aeabi_errno_addr              
00004351  __aeabi_memcpy                  
00004351  __aeabi_memcpy4                 
00004351  __aeabi_memcpy8                 
00004359  abort                           
0000435f  ADC0_IRQHandler                 
0000435f  ADC1_IRQHandler                 
0000435f  AES_IRQHandler                  
0000435f  CANFD0_IRQHandler               
0000435f  DAC0_IRQHandler                 
0000435f  DMA_IRQHandler                  
0000435f  Default_Handler                 
0000435f  GROUP0_IRQHandler               
0000435f  HardFault_Handler               
0000435f  I2C0_IRQHandler                 
0000435f  I2C1_IRQHandler                 
0000435f  NMI_Handler                     
0000435f  PendSV_Handler                  
0000435f  RTC_IRQHandler                  
0000435f  SPI0_IRQHandler                 
0000435f  SPI1_IRQHandler                 
0000435f  SVC_Handler                     
0000435f  SysTick_Handler                 
0000435f  TIMA0_IRQHandler                
0000435f  TIMA1_IRQHandler                
0000435f  TIMG0_IRQHandler                
0000435f  TIMG12_IRQHandler               
0000435f  TIMG6_IRQHandler                
0000435f  TIMG7_IRQHandler                
0000435f  TIMG8_IRQHandler                
0000435f  UART0_IRQHandler                
0000435f  UART2_IRQHandler                
0000435f  UART3_IRQHandler                
00004362  C$$EXIT                         
00004363  HOSTexit                        
00004367  Reset_Handler                   
0000436b  _system_pre_init                
00004370  __aeabi_ctype_table_            
00004370  __aeabi_ctype_table_C           
00004504  __TI_Handler_Table_Base         
00004510  __TI_Handler_Table_Limit        
00004518  __TI_CINIT_Base                 
00004528  __TI_CINIT_Limit                
00004528  __TI_CINIT_Warm                 
20200000  __start___llvm_prf_bits         
20200000  __start___llvm_prf_cnts         
20200000  __stop___llvm_prf_bits          
20200000  __stop___llvm_prf_cnts          
20200000  gPWM_MotorBackup                
202000bc  pid_speed_L                     
202000d8  pid_speed_R                     
202000f4  pid_steering                    
20200110  pid_yaw                         
20200148  g_ack_frame_count               
2020014c  g_crc_error_count               
20200150  g_drop_byte_count               
20200154  g_rx_byte_count                 
20200158  g_valid_frame_count             
20200168  __aeabi_errno                   
20200170  enc_left_count                  
2020017c  enc_right_count                 
20200194  cx                              
20200196  enc_left_speed                  
20200198  enc_right_speed                 
2020019a  turn_adj                        
2020019c  g_sensor_raw_data               
20207e00  __stack                         
20208000  __STACK_END                     
ffffffff  __TI_pprof_out_hndl             
ffffffff  __TI_prof_data_size             
ffffffff  __TI_prof_data_start            
ffffffff  __binit__                       
ffffffff  binit                           
UNDEFED   __mpu_init                      
UNDEFED   _system_post_cinit              

[221 symbols]
